Archive member included because of file (symbol)

/home/kripton/Applications/EmbeddedArm/gcc-arm-none-eabi-4_9-2015q2/bin/../lib/gcc/arm-none-eabi/4.9.3/../../../../arm-none-eabi/lib/armv7-m/libg.a(lib_a-exit.o)
                              /home/kripton/Applications/EmbeddedArm/gcc-arm-none-eabi-4_9-2015q2/bin/../lib/gcc/arm-none-eabi/4.9.3/../../../../arm-none-eabi/lib/armv7-m/crt0.o (exit)
/home/kripton/Applications/EmbeddedArm/gcc-arm-none-eabi-4_9-2015q2/bin/../lib/gcc/arm-none-eabi/4.9.3/../../../../arm-none-eabi/lib/armv7-m/libg.a(lib_a-impure.o)
                              /home/kripton/Applications/EmbeddedArm/gcc-arm-none-eabi-4_9-2015q2/bin/../lib/gcc/arm-none-eabi/4.9.3/../../../../arm-none-eabi/lib/armv7-m/libg.a(lib_a-exit.o) (_global_impure_ptr)
/home/kripton/Applications/EmbeddedArm/gcc-arm-none-eabi-4_9-2015q2/bin/../lib/gcc/arm-none-eabi/4.9.3/../../../../arm-none-eabi/lib/armv7-m/libg.a(lib_a-init.o)
                              /home/kripton/Applications/EmbeddedArm/gcc-arm-none-eabi-4_9-2015q2/bin/../lib/gcc/arm-none-eabi/4.9.3/../../../../arm-none-eabi/lib/armv7-m/crt0.o (__libc_init_array)
/home/kripton/Applications/EmbeddedArm/gcc-arm-none-eabi-4_9-2015q2/bin/../lib/gcc/arm-none-eabi/4.9.3/../../../../arm-none-eabi/lib/armv7-m/libg.a(lib_a-malloc.o)
                              ./src/soft_timers/SoftwareTimer.o (malloc)
/home/kripton/Applications/EmbeddedArm/gcc-arm-none-eabi-4_9-2015q2/bin/../lib/gcc/arm-none-eabi/4.9.3/../../../../arm-none-eabi/lib/armv7-m/libg.a(lib_a-mallocr.o)
                              /home/kripton/Applications/EmbeddedArm/gcc-arm-none-eabi-4_9-2015q2/bin/../lib/gcc/arm-none-eabi/4.9.3/../../../../arm-none-eabi/lib/armv7-m/libg.a(lib_a-malloc.o) (_malloc_r)
/home/kripton/Applications/EmbeddedArm/gcc-arm-none-eabi-4_9-2015q2/bin/../lib/gcc/arm-none-eabi/4.9.3/../../../../arm-none-eabi/lib/armv7-m/libg.a(lib_a-memset.o)
                              /home/kripton/Applications/EmbeddedArm/gcc-arm-none-eabi-4_9-2015q2/bin/../lib/gcc/arm-none-eabi/4.9.3/../../../../arm-none-eabi/lib/armv7-m/crt0.o (memset)
/home/kripton/Applications/EmbeddedArm/gcc-arm-none-eabi-4_9-2015q2/bin/../lib/gcc/arm-none-eabi/4.9.3/../../../../arm-none-eabi/lib/armv7-m/libg.a(lib_a-mlock.o)
                              /home/kripton/Applications/EmbeddedArm/gcc-arm-none-eabi-4_9-2015q2/bin/../lib/gcc/arm-none-eabi/4.9.3/../../../../arm-none-eabi/lib/armv7-m/libg.a(lib_a-mallocr.o) (__malloc_lock)
/home/kripton/Applications/EmbeddedArm/gcc-arm-none-eabi-4_9-2015q2/bin/../lib/gcc/arm-none-eabi/4.9.3/../../../../arm-none-eabi/lib/armv7-m/libg.a(lib_a-printf.o)
                              ./src/avr_flasher.o (printf)
/home/kripton/Applications/EmbeddedArm/gcc-arm-none-eabi-4_9-2015q2/bin/../lib/gcc/arm-none-eabi/4.9.3/../../../../arm-none-eabi/lib/armv7-m/libg.a(lib_a-puts.o)
                              ./src/avr_flasher.o (puts)
/home/kripton/Applications/EmbeddedArm/gcc-arm-none-eabi-4_9-2015q2/bin/../lib/gcc/arm-none-eabi/4.9.3/../../../../arm-none-eabi/lib/armv7-m/libg.a(lib_a-sbrkr.o)
                              /home/kripton/Applications/EmbeddedArm/gcc-arm-none-eabi-4_9-2015q2/bin/../lib/gcc/arm-none-eabi/4.9.3/../../../../arm-none-eabi/lib/armv7-m/libg.a(lib_a-mallocr.o) (_sbrk_r)
/home/kripton/Applications/EmbeddedArm/gcc-arm-none-eabi-4_9-2015q2/bin/../lib/gcc/arm-none-eabi/4.9.3/../../../../arm-none-eabi/lib/armv7-m/libg.a(lib_a-strlen.o)
                              /home/kripton/Applications/EmbeddedArm/gcc-arm-none-eabi-4_9-2015q2/bin/../lib/gcc/arm-none-eabi/4.9.3/../../../../arm-none-eabi/lib/armv7-m/libg.a(lib_a-puts.o) (strlen)
/home/kripton/Applications/EmbeddedArm/gcc-arm-none-eabi-4_9-2015q2/bin/../lib/gcc/arm-none-eabi/4.9.3/../../../../arm-none-eabi/lib/armv7-m/libg.a(lib_a-vfprintf.o)
                              /home/kripton/Applications/EmbeddedArm/gcc-arm-none-eabi-4_9-2015q2/bin/../lib/gcc/arm-none-eabi/4.9.3/../../../../arm-none-eabi/lib/armv7-m/libg.a(lib_a-printf.o) (_vfprintf_r)
/home/kripton/Applications/EmbeddedArm/gcc-arm-none-eabi-4_9-2015q2/bin/../lib/gcc/arm-none-eabi/4.9.3/../../../../arm-none-eabi/lib/armv7-m/libg.a(lib_a-wsetup.o)
                              /home/kripton/Applications/EmbeddedArm/gcc-arm-none-eabi-4_9-2015q2/bin/../lib/gcc/arm-none-eabi/4.9.3/../../../../arm-none-eabi/lib/armv7-m/libg.a(lib_a-vfprintf.o) (__swsetup_r)
/home/kripton/Applications/EmbeddedArm/gcc-arm-none-eabi-4_9-2015q2/bin/../lib/gcc/arm-none-eabi/4.9.3/../../../../arm-none-eabi/lib/armv7-m/libg.a(lib_a-__call_atexit.o)
                              /home/kripton/Applications/EmbeddedArm/gcc-arm-none-eabi-4_9-2015q2/bin/../lib/gcc/arm-none-eabi/4.9.3/../../../../arm-none-eabi/lib/armv7-m/libg.a(lib_a-exit.o) (__call_exitprocs)
/home/kripton/Applications/EmbeddedArm/gcc-arm-none-eabi-4_9-2015q2/bin/../lib/gcc/arm-none-eabi/4.9.3/../../../../arm-none-eabi/lib/armv7-m/libg.a(lib_a-atexit.o)
[...]
Memory Configuration

Name             Origin             Length             Attributes
FLASH            0x08000000         0x00020000         xr
RAM              0x20000000         0x00005000         xrw
MEMORY_B1        0x60000000         0x00000000         xr
*default*        0x00000000         0xffffffff

Linker script and memory map

LOAD /home/kripton/Applications/EmbeddedArm/gcc-arm-none-eabi-4_9-2015q2/bin/../lib/gcc/arm-none-eabi/4.9.3/armv7-m/crti.o
LOAD /home/kripton/Applications/EmbeddedArm/gcc-arm-none-eabi-4_9-2015q2/bin/../lib/gcc/arm-none-eabi/4.9.3/armv7-m/crtbegin.o
LOAD /home/kripton/Applications/EmbeddedArm/gcc-arm-none-eabi-4_9-2015q2/bin/../lib/gcc/arm-none-eabi/4.9.3/../../../../arm-none-eabi/lib/armv7-m/crt0.o
LOAD ./stm_startup/startup_stm32f10x_md.o
LOAD ./stm_startup/system_stm32f10x.o
LOAD ./src/soft_timers/SoftwareTimer.o
LOAD ./src/soft_timers/SoftwareTimer2.o
LOAD ./src/common/CircularBuffer.o
LOAD ./src/common/LinkedList.o
LOAD ./src/UART.o
LOAD ./src/avr_flasher.o
LOAD ./src/flash_writer.o
LOAD ./src/main.o
LOAD ./src/spi.o
LOAD ./src/stm32f10x_gpio.o
LOAD ./src/stm32f10x_rcc.o
LOAD ./src/stm32f10x_usart.o
LOAD ./src/syscalls.o
LOAD ./cmsis_core/core_cm3.o
START GROUP
LOAD /home/kripton/Applications/EmbeddedArm/gcc-arm-none-eabi-4_9-2015q2/bin/../lib/gcc/arm-none-eabi/4.9.3/armv7-m/libgcc.a
LOAD /home/kripton/Applications/EmbeddedArm/gcc-arm-none-eabi-4_9-2015q2/bin/../lib/gcc/arm-none-eabi/4.9.3/../../../../arm-none-eabi/lib/armv7-m/libg.a
LOAD /home/kripton/Applications/ARM_workspace/SPI_stm32f10x/lib/libc.a
END GROUP
LOAD /home/kripton/Applications/EmbeddedArm/gcc-arm-none-eabi-4_9-2015q2/bin/../lib/gcc/arm-none-eabi/4.9.3/armv7-m/crtend.o
LOAD /home/kripton/Applications/EmbeddedArm/gcc-arm-none-eabi-4_9-2015q2/bin/../lib/gcc/arm-none-eabi/4.9.3/armv7-m/crtn.o
                0x20005000                _estack = 0x20005000
                0x00000000                _Min_Heap_Size = 0x0
                0x00000100                _Min_Stack_Size = 0x100

.isr_vector     0x08000000      0x10c
                0x08000000                . = ALIGN (0x4)
 *(.isr_vector)
 .isr_vector    0x08000000      0x10c ./stm_startup/startup_stm32f10x_md.o
                0x08000000                g_pfnVectors
                0x0800010c                . = ALIGN (0x4)

.eh_frame       0x0800010c        0x0
 .eh_frame      0x0800010c        0x0 /home/kripton/Applications/EmbeddedArm/gcc-arm-none-eabi-4_9-2015q2/bin/../lib/gcc/arm-none-eabi/4.9.3/armv7-m/crtbegin.o

.text           0x08000110     0x7ea8
                0x08000110                . = ALIGN (0x4)
 *(.text)
 .text          0x08000110       0x5c /home/kripton/Applications/EmbeddedArm/gcc-arm-none-eabi-4_9-2015q2/bin/../lib/gcc/arm-none-eabi/4.9.3/armv7-m/crtbegin.o
 .text          0x0800016c      0x250 ./stm_startup/system_stm32f10x.o
                0x0800016c                SystemInit
                0x080001d4                SystemCoreClockUpdate
 .text          0x080003bc      0x234 ./src/soft_timers/SoftwareTimer.o
                0x080003bc                SoftwareTimer_init
                0x080003ec                SoftwareTimer_add_cb
                0x08000408                SoftwareTimer_arm
                0x08000434                SoftwareTimer_start
                0x080004cc                SoftwareTimer_tick
                0x080005c0                SoftwareTimer_wait_for
 .text          0x080005f0      0x110 ./src/soft_timers/SoftwareTimer2.o
                0x08000620                SoftwareTimer2_init
                0x08000670                SoftwareTimer2_start
                0x08000690                SoftwareTimer2_stop
                0x080006b0                SoftwareTimer2_set_duration
                0x080006cc                TIM2_IRQHandler
 .text          0x08000700      0x19c ./src/common/CircularBuffer.o
                0x08000700                CircularBuffer_alloc
                0x08000764                CircularBuffer_free
                0x080007b0                CircularBuffer_put
                0x080007fc                CircularBuffer_get
                0x08000868                CircularBuffer_is_empty
 .text          0x0800089c      0x158 ./src/common/LinkedList.o
                0x0800089c                LinkedList_allocate
                0x080008bc                LinkedList_free
                0x080008e8                LinkedList_add
                0x08000990                LinkedList_remove
 .text          0x080009f4      0x170 ./src/UART.o
                0x080009f4                USART1_init
                0x08000a8c                USART3_init
                0x08000b24                USART_SendString
 .text          0x08000b64      0x2cc ./src/avr_flasher.o
                0x08000b64                AVRFlasher_init
                0x08000b8c                AVRFlasher_start
                0x08000bac                AVRFlasher_get_state
                0x08000bc4                AVRFlasher_reset_pulse
                0x08000be4                AVRFlasher_send_command
                0x08000c68                AVRFlasher_prog_enable
                0x08000ce0                TIM1_UP_IRQHandler
                0x08000d54                SPI1_IRQHandler
                0x08000df8                AVRFlasher_reset_enable
                0x08000e14                AVRFlasher_reset_disable
 .text          0x08000e30      0x3f8 ./src/main.o
                0x08000e70                gpio_switch
                0x08000e8c                main
                0x08001020                CLOCK_init
                0x08001050                USART3_IRQHandler
 .text          0x08001228      0x1e4 ./src/spi.o
                0x08001228                SPI_init
                0x080012d0                SPI_enable
                0x080012f4                SPI_disable
                0x08001348                SPI_write
                0x08001378                SPI_read
                0x08001394                SPI_busy
                0x080013bc                SPI_TX_is_empty
                0x080013e4                SPI_RX_not_empty
 .text          0x0800140c      0x7dc ./src/stm32f10x_rcc.o
                0x0800140c                RCC_DeInit
                0x08001468                RCC_HSEConfig
                0x080014c4                RCC_WaitForHSEStartUp
                0x08001514                RCC_AdjustHSICalibrationValue
                0x08001550                RCC_HSICmd
                0x08001570                RCC_PLLConfig
                0x080015ac                RCC_PLLCmd
                0x080015cc                RCC_SYSCLKConfig
                0x08001604                RCC_GetSYSCLKSource
                0x08001624                RCC_HCLKConfig
                0x0800165c                RCC_PCLK1Config
                0x08001694                RCC_PCLK2Config
                0x080016cc                RCC_ITConfig
                0x08001718                RCC_USBCLKConfig
                0x08001734                RCC_ADCCLKConfig
                0x0800176c                RCC_LSEConfig
                0x080017ac                RCC_LSICmd
                0x080017cc                RCC_RTCCLKConfig
                0x080017f0                RCC_RTCCLKCmd
                0x08001810                RCC_GetClocksFreq
                0x08001974                RCC_AHBPeriphClockCmd
                0x080019b0                RCC_APB2PeriphClockCmd
                0x080019ec                RCC_APB1PeriphClockCmd
                0x08001a28                RCC_APB2PeriphResetCmd
                0x08001a64                RCC_APB1PeriphResetCmd
                0x08001aa0                RCC_BackupResetCmd
                0x08001ac0                RCC_ClockSecuritySystemCmd
                0x08001ae0                RCC_MCOConfig
                0x08001b00                RCC_GetFlagStatus
                0x08001b74                RCC_ClearFlag
                0x08001b90                RCC_GetITStatus
                0x08001bc8                RCC_ClearITPendingBit
 .text          0x08001be8      0x908 ./src/stm32f10x_usart.o
                0x08001be8                USART_DeInit
                0x08001ca0                USART_Init
                0x08001e14                USART_StructInit
                0x08001e4c                USART_ClockInit
                0x08001ea4                USART_ClockStructInit
                0x08001ed0                USART_Cmd
                0x08001f10                USART_ITConfig
                0x08001fa0                USART_DMACmd
                0x08001fe8                USART_SetAddress
                0x08002020                USART_WakeUpConfig
                0x08002058                USART_ReceiverWakeUpCmd
                0x08002098                USART_LINBreakDetectLengthConfig
                0x080020d0                USART_LINCmd
                0x08002110                USART_SendData
                0x08002134                USART_ReceiveData
                0x08002154                USART_SendBreak
                0x08002178                USART_SetGuardTime
                0x080021b4                USART_SetPrescaler
                0x080021ec                USART_SmartCardCmd
                0x0800222c                USART_SmartCardNACKCmd
                0x0800226c                USART_HalfDuplexCmd
                0x080022ac                USART_OverSampling8Cmd
                0x080022f0                USART_OneBitMethodCmd
                0x08002330                USART_IrDAConfig
                0x08002368                USART_IrDACmd
                0x080023a8                USART_GetFlagStatus
                0x080023e0                USART_ClearFlag
                0x08002400                USART_GetITStatus
                0x080024b8                USART_ClearITPendingBit
 .text          0x080024f0      0x178 ./src/syscalls.o
                0x080024f0                UART_send
                0x08002520                _sbrk
                0x08002560                link
                0x0800257c                _close
                0x08002594                _fstat
                0x080025b4                _isatty
                0x080025cc                _lseek
                0x080025e8                _read
                0x08002604                _write
                0x08002654                abort
                0x0800265c                _exit
 .text          0x08002668       0xec /home/kripton/Applications/EmbeddedArm/gcc-arm-none-eabi-4_9-2015q2/bin/../lib/gcc/arm-none-eabi/4.9.3/../../../../arm-none-eabi/lib/armv7-m/libg.a(lib_a-memcpy.o)
                0x08002668                memcpy
 .text          0x08002754      0x370 /home/kripton/Applications/EmbeddedArm/gcc-arm-none-eabi-4_9-2015q2/bin/../lib/gcc/arm-none-eabi/4.9.3/armv7-m/libgcc.a(_arm_addsubdf3.o)
                0x08002754                __aeabi_drsub
                0x0800275c                __aeabi_dsub
                0x0800275c                __subdf3
                0x08002760                __adddf3
                0x08002760                __aeabi_dadd
                0x080029d8                __aeabi_ui2d
                0x080029d8                __floatunsidf
                0x080029f8                __floatsidf
                0x080029f8                __aeabi_i2d
                0x08002a1c                __extendsfdf2
                0x08002a1c                __aeabi_f2d
                0x08002a58                __aeabi_ul2d
                0x08002a58                __floatundidf
                0x08002a68                __floatdidf
                0x08002a68                __aeabi_l2d
 .text          0x08002ac4      0x424 /home/kripton/Applications/EmbeddedArm/gcc-arm-none-eabi-4_9-2015q2/bin/../lib/gcc/arm-none-eabi/4.9.3/armv7-m/libgcc.a(_arm_muldivdf3.o)
                0x08002ac4                __aeabi_dmul
                0x08002ac4                __muldf3
                0x08002d18                __aeabi_ddiv
                0x08002d18                __divdf3
 .text          0x08002ee8      0x110 /home/kripton/Applications/EmbeddedArm/gcc-arm-none-eabi-4_9-2015q2/bin/../lib/gcc/arm-none-eabi/4.9.3/armv7-m/libgcc.a(_arm_cmpdf2.o)
                0x08002ee8                __gtdf2
                0x08002ee8                __gedf2
                0x08002ef0                __ltdf2
                0x08002ef0                __ledf2
                0x08002ef8                __cmpdf2
                0x08002ef8                __eqdf2
                0x08002ef8                __nedf2
                0x08002f74                __aeabi_cdrcmple
                0x08002f84                __aeabi_cdcmple
                0x08002f84                __aeabi_cdcmpeq
                0x08002f94                __aeabi_dcmpeq
                0x08002fa8                __aeabi_dcmplt
                0x08002fbc                __aeabi_dcmple
                0x08002fd0                __aeabi_dcmpge
                0x08002fe4                __aeabi_dcmpgt
 .text          0x08002ff8       0x50 /home/kripton/Applications/EmbeddedArm/gcc-arm-none-eabi-4_9-2015q2/bin/../lib/gcc/arm-none-eabi/4.9.3/armv7-m/libgcc.a(_arm_fixdfsi.o)
                0x08002ff8                __fixdfsi
                0x08002ff8                __aeabi_d2iz
 .text          0x08003048       0x30 /home/kripton/Applications/EmbeddedArm/gcc-arm-none-eabi-4_9-2015q2/bin/../lib/gcc/arm-none-eabi/4.9.3/armv7-m/libgcc.a(_aeabi_uldivmod.o)
                0x08003048                __aeabi_uldivmod
 .text          0x08003078       0x60 /home/kripton/Applications/EmbeddedArm/gcc-arm-none-eabi-4_9-2015q2/bin/../lib/gcc/arm-none-eabi/4.9.3/armv7-m/libgcc.a(bpabi.o)
                0x08003078                __gnu_ldivmod_helper
                0x080030a8                __gnu_uldivmod_helper
 .text          0x080030d8        0x4 /home/kripton/Applications/EmbeddedArm/gcc-arm-none-eabi-4_9-2015q2/bin/../lib/gcc/arm-none-eabi/4.9.3/armv7-m/libgcc.a(_dvmd_tls.o)
                0x080030d8                __aeabi_ldiv0
                0x080030d8                __aeabi_idiv0
 .text          0x080030dc      0x2ac /home/kripton/Applications/EmbeddedArm/gcc-arm-none-eabi-4_9-2015q2/bin/../lib/gcc/arm-none-eabi/4.9.3/armv7-m/libgcc.a(_divdi3.o)
                0x080030dc                __divdi3
 .text          0x08003388      0x270 /home/kripton/Applications/EmbeddedArm/gcc-arm-none-eabi-4_9-2015q2/bin/../lib/gcc/arm-none-eabi/4.9.3/armv7-m/libgcc.a(_udivdi3.o)
                0x08003388                __udivdi3
 *(.text*)
 .text.Reset_Handler
                0x080035f8       0x44 ./stm_startup/startup_stm32f10x_md.o
                0x080035f8                Reset_Handler
 .text.Default_Handler
                0x0800363c        0x2 ./stm_startup/startup_stm32f10x_md.o
                0x0800363c                EXTI2_IRQHandler
                0x0800363c                DebugMon_Handler
                0x0800363c                TIM1_CC_IRQHandler
                0x0800363c                HardFault_Handler
                0x0800363c                SysTick_Handler
                0x0800363c                PVD_IRQHandler
                0x0800363c                PendSV_Handler
                0x0800363c                NMI_Handler
                0x0800363c                EXTI3_IRQHandler
                0x0800363c                EXTI0_IRQHandler
                0x0800363c                I2C2_EV_IRQHandler
                0x0800363c                UsageFault_Handler
                0x0800363c                ADC1_2_IRQHandler
                0x0800363c                TAMPER_IRQHandler
                0x0800363c                DMA1_Channel4_IRQHandler
                0x0800363c                RTC_IRQHandler
                0x0800363c                DMA1_Channel7_IRQHandler
                0x0800363c                CAN1_RX1_IRQHandler
                0x0800363c                TIM4_IRQHandler
                0x0800363c                I2C1_EV_IRQHandler
                0x0800363c                DMA1_Channel6_IRQHandler
                0x0800363c                TIM3_IRQHandler
                0x0800363c                RCC_IRQHandler
                0x0800363c                TIM1_TRG_COM_IRQHandler
                0x0800363c                DMA1_Channel1_IRQHandler
                0x0800363c                Default_Handler
                0x0800363c                EXTI15_10_IRQHandler
                0x0800363c                EXTI9_5_IRQHandler
                0x0800363c                SPI2_IRQHandler
                0x0800363c                MemManage_Handler
                0x0800363c                SVC_Handler
                0x0800363c                DMA1_Channel5_IRQHandler
                0x0800363c                EXTI4_IRQHandler
                0x0800363c                USB_LP_CAN1_RX0_IRQHandler
                0x0800363c                USB_HP_CAN1_TX_IRQHandler
                0x0800363c                DMA1_Channel3_IRQHandler
                0x0800363c                WWDG_IRQHandler
                0x0800363c                TIM1_BRK_IRQHandler
                0x0800363c                EXTI1_IRQHandler
                0x0800363c                RTCAlarm_IRQHandler
                0x0800363c                USART2_IRQHandler
                0x0800363c                I2C2_ER_IRQHandler
                0x0800363c                DMA1_Channel2_IRQHandler
                0x0800363c                CAN1_SCE_IRQHandler
                0x0800363c                FLASH_IRQHandler
                0x0800363c                BusFault_Handler
                0x0800363c                USART1_IRQHandler
                0x0800363c                I2C1_ER_IRQHandler
                0x0800363c                USBWakeUp_IRQHandler
 *fill*         0x0800363e        0x2 
 .text.malloc   0x08003640       0x10 /home/kripton/Applications/EmbeddedArm/gcc-arm-none-eabi-4_9-2015q2/bin/../lib/gcc/arm-none-eabi/4.9.3/../../../../arm-none-eabi/lib/armv7-m/libg.a(lib_a-malloc.o)
                0x08003640                malloc
 .text.free     0x08003650       0x10 /home/kripton/Applications/EmbeddedArm/gcc-arm-none-eabi-4_9-2015q2/bin/../lib/gcc/arm-none-eabi/4.9.3/../../../../arm-none-eabi/lib/armv7-m/libg.a(lib_a-malloc.o)
                0x08003650                free
 .text._malloc_r
                0x08003660      0x50c /home/kripton/Applications/EmbeddedArm/gcc-arm-none-eabi-4_9-2015q2/bin/../lib/gcc/arm-none-eabi/4.9.3/../../../../arm-none-eabi/lib/armv7-m/libg.a(lib_a-mallocr.o)
                0x08003660                _malloc_r
 .text.memset   0x08003b6c       0x9c /home/kripton/Applications/EmbeddedArm/gcc-arm-none-eabi-4_9-2015q2/bin/../lib/gcc/arm-none-eabi/4.9.3/../../../../arm-none-eabi/lib/armv7-m/libg.a(lib_a-memset.o)
                0x08003b6c                memset
 .text.__malloc_lock
                0x08003c08        0x4 /home/kripton/Applications/EmbeddedArm/gcc-arm-none-eabi-4_9-2015q2/bin/../lib/gcc/arm-none-eabi/4.9.3/../../../../arm-none-eabi/lib/armv7-m/libg.a(lib_a-mlock.o)
                0x08003c08                __malloc_lock
 .text.__malloc_unlock
                0x08003c0c        0x4 /home/kripton/Applications/EmbeddedArm/gcc-arm-none-eabi-4_9-2015q2/bin/../lib/gcc/arm-none-eabi/4.9.3/../../../../arm-none-eabi/lib/armv7-m/libg.a(lib_a-mlock.o)
                0x08003c0c                __malloc_unlock
 .text.printf   0x08003c10       0x28 /home/kripton/Applications/EmbeddedArm/gcc-arm-none-eabi-4_9-2015q2/bin/../lib/gcc/arm-none-eabi/4.9.3/../../../../arm-none-eabi/lib/armv7-m/libg.a(lib_a-printf.o)
                0x08003c10                printf
 .text._puts_r  0x08003c38       0x60 /home/kripton/Applications/EmbeddedArm/gcc-arm-none-eabi-4_9-2015q2/bin/../lib/gcc/arm-none-eabi/4.9.3/../../../../arm-none-eabi/lib/armv7-m/libg.a(lib_a-puts.o)
                0x08003c38                _puts_r
 .text.puts     0x08003c98       0x10 /home/kripton/Applications/EmbeddedArm/gcc-arm-none-eabi-4_9-2015q2/bin/../lib/gcc/arm-none-eabi/4.9.3/../../../../arm-none-eabi/lib/armv7-m/libg.a(lib_a-puts.o)
                0x08003c98                puts
 .text._sbrk_r  0x08003ca8       0x24 /home/kripton/Applications/EmbeddedArm/gcc-arm-none-eabi-4_9-2015q2/bin/../lib/gcc/arm-none-eabi/4.9.3/../../../../arm-none-eabi/lib/armv7-m/libg.a(lib_a-sbrkr.o)
                0x08003ca8                _sbrk_r
 .text.strlen   0x08003ccc       0x5c /home/kripton/Applications/EmbeddedArm/gcc-arm-none-eabi-4_9-2015q2/bin/../lib/gcc/arm-none-eabi/4.9.3/../../../../arm-none-eabi/lib/armv7-m/libg.a(lib_a-strlen.o)
                0x08003ccc                strlen
 .text._vfprintf_r
                0x08003d28     0x1448 /home/kripton/Applications/EmbeddedArm/gcc-arm-none-eabi-4_9-2015q2/bin/../lib/gcc/arm-none-eabi/4.9.3/../../../../arm-none-eabi/lib/armv7-m/libg.a(lib_a-vfprintf.o)
                0x08003d28                _vfprintf_r
 .text.__sbprintf
                0x08005170       0x7c /home/kripton/Applications/EmbeddedArm/gcc-arm-none-eabi-4_9-2015q2/bin/../lib/gcc/arm-none-eabi/4.9.3/../../../../arm-none-eabi/lib/armv7-m/libg.a(lib_a-vfprintf.o)
 .text.__swsetup_r
                0x080051ec       0xc4 /home/kripton/Applications/EmbeddedArm/gcc-arm-none-eabi-4_9-2015q2/bin/../lib/gcc/arm-none-eabi/4.9.3/../../../../arm-none-eabi/lib/armv7-m/libg.a(lib_a-wsetup.o)
                0x080051ec                __swsetup_r
 .text.startup.register_fini
                0x080052b0       0x14 /home/kripton/Applications/EmbeddedArm/gcc-arm-none-eabi-4_9-2015q2/bin/../lib/gcc/arm-none-eabi/4.9.3/../../../../arm-none-eabi/lib/armv7-m/libg.a(lib_a-__call_atexit.o)
 .text.atexit   0x080052c4        0xc /home/kripton/Applications/EmbeddedArm/gcc-arm-none-eabi-4_9-2015q2/bin/../lib/gcc/arm-none-eabi/4.9.3/../../../../arm-none-eabi/lib/armv7-m/libg.a(lib_a-atexit.o)
                0x080052c4                atexit
 .text.quorem   0x080052d0      0x130 /home/kripton/Applications/EmbeddedArm/gcc-arm-none-eabi-4_9-2015q2/bin/../lib/gcc/arm-none-eabi/4.9.3/../../../../arm-none-eabi/lib/armv7-m/libg.a(lib_a-dtoa.o)
 .text._dtoa_r  0x08005400      0xea4 /home/kripton/Applications/EmbeddedArm/gcc-arm-none-eabi-4_9-2015q2/bin/../lib/gcc/arm-none-eabi/4.9.3/../../../../arm-none-eabi/lib/armv7-m/libg.a(lib_a-dtoa.o)
                0x08005400                _dtoa_r
 .text.__sflush_r
                0x080062a4      0x148 /home/kripton/Applications/EmbeddedArm/gcc-arm-none-eabi-4_9-2015q2/bin/../lib/gcc/arm-none-eabi/4.9.3/../../../../arm-none-eabi/lib/armv7-m/libg.a(lib_a-fflush.o)
                0x080062a4                __sflush_r
 .text._fflush_r
                0x080063ec       0x2c /home/kripton/Applications/EmbeddedArm/gcc-arm-none-eabi-4_9-2015q2/bin/../lib/gcc/arm-none-eabi/4.9.3/../../../../arm-none-eabi/lib/armv7-m/libg.a(lib_a-fflush.o)
                0x080063ec                _fflush_r
 .text._cleanup_r
                0x08006418        0xc /home/kripton/Applications/EmbeddedArm/gcc-arm-none-eabi-4_9-2015q2/bin/../lib/gcc/arm-none-eabi/4.9.3/../../../../arm-none-eabi/lib/armv7-m/libg.a(lib_a-findfp.o)
                0x08006418                _cleanup_r
 .text.__sinit.part.1
                0x08006424       0xf0 /home/kripton/Applications/EmbeddedArm/gcc-arm-none-eabi-4_9-2015q2/bin/../lib/gcc/arm-none-eabi/4.9.3/../../../../arm-none-eabi/lib/armv7-m/libg.a(lib_a-findfp.o)
 .text.__sinit  0x08006514        0xc /home/kripton/Applications/EmbeddedArm/gcc-arm-none-eabi-4_9-2015q2/bin/../lib/gcc/arm-none-eabi/4.9.3/../../../../arm-none-eabi/lib/armv7-m/libg.a(lib_a-findfp.o)
                0x08006514                __sinit
 .text.__sfp_lock_acquire
                0x08006520        0x4 /home/kripton/Applications/EmbeddedArm/gcc-arm-none-eabi-4_9-2015q2/bin/../lib/gcc/arm-none-eabi/4.9.3/../../../../arm-none-eabi/lib/armv7-m/libg.a(lib_a-findfp.o)
                0x08006520                __sfp_lock_acquire
 .text.__sfp_lock_release
                0x08006524        0x4 /home/kripton/Applications/EmbeddedArm/gcc-arm-none-eabi-4_9-2015q2/bin/../lib/gcc/arm-none-eabi/4.9.3/../../../../arm-none-eabi/lib/armv7-m/libg.a(lib_a-findfp.o)
                0x08006524                __sfp_lock_release
 .text.__libc_fini_array
                0x08006528       0x2c /home/kripton/Applications/EmbeddedArm/gcc-arm-none-eabi-4_9-2015q2/bin/../lib/gcc/arm-none-eabi/4.9.3/../../../../arm-none-eabi/lib/armv7-m/libg.a(lib_a-fini.o)
                0x08006528                __libc_fini_array
 .text._malloc_trim_r
                0x08006554       0x9c /home/kripton/Applications/EmbeddedArm/gcc-arm-none-eabi-4_9-2015q2/bin/../lib/gcc/arm-none-eabi/4.9.3/../../../../arm-none-eabi/lib/armv7-m/libg.a(lib_a-freer.o)
                0x08006554                _malloc_trim_r
 .text._free_r  0x080065f0      0x1b0 /home/kripton/Applications/EmbeddedArm/gcc-arm-none-eabi-4_9-2015q2/bin/../lib/gcc/arm-none-eabi/4.9.3/../../../../arm-none-eabi/lib/armv7-m/libg.a(lib_a-freer.o)
                0x080065f0                _free_r
 .text.__sfvwrite_r
                0x080067a0      0x320 /home/kripton/Applications/EmbeddedArm/gcc-arm-none-eabi-4_9-2015q2/bin/../lib/gcc/arm-none-eabi/4.9.3/../../../../arm-none-eabi/lib/armv7-m/libg.a(lib_a-fvwrite.o)
                0x080067a0                __sfvwrite_r
 .text._fwalk_reent
                0x08006ac0       0x50 /home/kripton/Applications/EmbeddedArm/gcc-arm-none-eabi-4_9-2015q2/bin/../lib/gcc/arm-none-eabi/4.9.3/../../../../arm-none-eabi/lib/armv7-m/libg.a(lib_a-fwalk.o)
                0x08006ac0                _fwalk_reent
 .text.__locale_charset
                0x08006b10        0x8 /home/kripton/Applications/EmbeddedArm/gcc-arm-none-eabi-4_9-2015q2/bin/../lib/gcc/arm-none-eabi/4.9.3/../../../../arm-none-eabi/lib/armv7-m/libg.a(lib_a-locale.o)
                0x08006b10                __locale_charset
 .text.__locale_mb_cur_max
                0x08006b18        0xc /home/kripton/Applications/EmbeddedArm/gcc-arm-none-eabi-4_9-2015q2/bin/../lib/gcc/arm-none-eabi/4.9.3/../../../../arm-none-eabi/lib/armv7-m/libg.a(lib_a-locale.o)
                0x08006b18                __locale_mb_cur_max
 .text._localeconv_r
                0x08006b24        0x8 /home/kripton/Applications/EmbeddedArm/gcc-arm-none-eabi-4_9-2015q2/bin/../lib/gcc/arm-none-eabi/4.9.3/../../../../arm-none-eabi/lib/armv7-m/libg.a(lib_a-locale.o)
                0x08006b24                _localeconv_r
 .text.__smakebuf_r
                0x08006b2c       0xe0 /home/kripton/Applications/EmbeddedArm/gcc-arm-none-eabi-4_9-2015q2/bin/../lib/gcc/arm-none-eabi/4.9.3/../../../../arm-none-eabi/lib/armv7-m/libg.a(lib_a-makebuf.o)
                0x08006b2c                __smakebuf_r
 .text.memchr   0x08006c0c       0x94 /home/kripton/Applications/EmbeddedArm/gcc-arm-none-eabi-4_9-2015q2/bin/../lib/gcc/arm-none-eabi/4.9.3/../../../../arm-none-eabi/lib/armv7-m/libg.a(lib_a-memchr.o)
                0x08006c0c                memchr
 .text.memmove  0x08006ca0       0xc8 /home/kripton/Applications/EmbeddedArm/gcc-arm-none-eabi-4_9-2015q2/bin/../lib/gcc/arm-none-eabi/4.9.3/../../../../arm-none-eabi/lib/armv7-m/libg.a(lib_a-memmove.o)
                0x08006ca0                memmove
 .text._Balloc  0x08006d68       0x50 /home/kripton/Applications/EmbeddedArm/gcc-arm-none-eabi-4_9-2015q2/bin/../lib/gcc/arm-none-eabi/4.9.3/../../../../arm-none-eabi/lib/armv7-m/libg.a(lib_a-mprec.o)
                0x08006d68                _Balloc
 .text._Bfree   0x08006db8       0x14 /home/kripton/Applications/EmbeddedArm/gcc-arm-none-eabi-4_9-2015q2/bin/../lib/gcc/arm-none-eabi/4.9.3/../../../../arm-none-eabi/lib/armv7-m/libg.a(lib_a-mprec.o)
                0x08006db8                _Bfree
 .text.__multadd
                0x08006dcc       0x84 /home/kripton/Applications/EmbeddedArm/gcc-arm-none-eabi-4_9-2015q2/bin/../lib/gcc/arm-none-eabi/4.9.3/../../../../arm-none-eabi/lib/armv7-m/libg.a(lib_a-mprec.o)
                0x08006dcc                __multadd
 .text.__hi0bits
                0x08006e50       0x40 /home/kripton/Applications/EmbeddedArm/gcc-arm-none-eabi-4_9-2015q2/bin/../lib/gcc/arm-none-eabi/4.9.3/../../../../arm-none-eabi/lib/armv7-m/libg.a(lib_a-mprec.o)
                0x08006e50                __hi0bits
 .text.__lo0bits
                0x08006e90       0x5c /home/kripton/Applications/EmbeddedArm/gcc-arm-none-eabi-4_9-2015q2/bin/../lib/gcc/arm-none-eabi/4.9.3/../../../../arm-none-eabi/lib/armv7-m/libg.a(lib_a-mprec.o)
                0x08006e90                __lo0bits
 .text.__i2b    0x08006eec       0x14 /home/kripton/Applications/EmbeddedArm/gcc-arm-none-eabi-4_9-2015q2/bin/../lib/gcc/arm-none-eabi/4.9.3/../../../../arm-none-eabi/lib/armv7-m/libg.a(lib_a-mprec.o)
                0x08006eec                __i2b
 .text.__multiply
                0x08006f00      0x140 /home/kripton/Applications/EmbeddedArm/gcc-arm-none-eabi-4_9-2015q2/bin/../lib/gcc/arm-none-eabi/4.9.3/../../../../arm-none-eabi/lib/armv7-m/libg.a(lib_a-mprec.o)
                0x08006f00                __multiply
 .text.__pow5mult
                0x08007040       0xa0 /home/kripton/Applications/EmbeddedArm/gcc-arm-none-eabi-4_9-2015q2/bin/../lib/gcc/arm-none-eabi/4.9.3/../../../../arm-none-eabi/lib/armv7-m/libg.a(lib_a-mprec.o)
                0x08007040                __pow5mult
 .text.__lshift
                0x080070e0       0xb0 /home/kripton/Applications/EmbeddedArm/gcc-arm-none-eabi-4_9-2015q2/bin/../lib/gcc/arm-none-eabi/4.9.3/../../../../arm-none-eabi/lib/armv7-m/libg.a(lib_a-mprec.o)
                0x080070e0                __lshift
 .text.__mcmp   0x08007190       0x48 /home/kripton/Applications/EmbeddedArm/gcc-arm-none-eabi-4_9-2015q2/bin/../lib/gcc/arm-none-eabi/4.9.3/../../../../arm-none-eabi/lib/armv7-m/libg.a(lib_a-mprec.o)
                0x08007190                __mcmp
 .text.__mdiff  0x080071d8       0xe4 /home/kripton/Applications/EmbeddedArm/gcc-arm-none-eabi-4_9-2015q2/bin/../lib/gcc/arm-none-eabi/4.9.3/../../../../arm-none-eabi/lib/armv7-m/libg.a(lib_a-mprec.o)
                0x080071d8                __mdiff
 .text.__d2b    0x080072bc       0xa8 /home/kripton/Applications/EmbeddedArm/gcc-arm-none-eabi-4_9-2015q2/bin/../lib/gcc/arm-none-eabi/4.9.3/../../../../arm-none-eabi/lib/armv7-m/libg.a(lib_a-mprec.o)
                0x080072bc                __d2b
 .text._realloc_r
                0x08007364      0x3e0 /home/kripton/Applications/EmbeddedArm/gcc-arm-none-eabi-4_9-2015q2/bin/../lib/gcc/arm-none-eabi/4.9.3/../../../../arm-none-eabi/lib/armv7-m/libg.a(lib_a-reallocr.o)
                0x08007364                _realloc_r
 .text.__fpclassifyd
                0x08007744       0x58 /home/kripton/Applications/EmbeddedArm/gcc-arm-none-eabi-4_9-2015q2/bin/../lib/gcc/arm-none-eabi/4.9.3/../../../../arm-none-eabi/lib/armv7-m/libg.a(lib_a-s_fpclassify.o)
                0x08007744                __fpclassifyd
 .text.__sread  0x0800779c       0x24 /home/kripton/Applications/EmbeddedArm/gcc-arm-none-eabi-4_9-2015q2/bin/../lib/gcc/arm-none-eabi/4.9.3/../../../../arm-none-eabi/lib/armv7-m/libg.a(lib_a-stdio.o)
                0x0800779c                __sread
 .text.__swrite
                0x080077c0       0x38 /home/kripton/Applications/EmbeddedArm/gcc-arm-none-eabi-4_9-2015q2/bin/../lib/gcc/arm-none-eabi/4.9.3/../../../../arm-none-eabi/lib/armv7-m/libg.a(lib_a-stdio.o)
                0x080077c0                __swrite
 .text.__sseek  0x080077f8       0x20 /home/kripton/Applications/EmbeddedArm/gcc-arm-none-eabi-4_9-2015q2/bin/../lib/gcc/arm-none-eabi/4.9.3/../../../../arm-none-eabi/lib/armv7-m/libg.a(lib_a-stdio.o)
                0x080077f8                __sseek
 .text.__sclose
                0x08007818        0x8 /home/kripton/Applications/EmbeddedArm/gcc-arm-none-eabi-4_9-2015q2/bin/../lib/gcc/arm-none-eabi/4.9.3/../../../../arm-none-eabi/lib/armv7-m/libg.a(lib_a-stdio.o)
                0x08007818                __sclose
 .text.__sprint_r.part.0
                0x08007820       0x78 /home/kripton/Applications/EmbeddedArm/gcc-arm-none-eabi-4_9-2015q2/bin/../lib/gcc/arm-none-eabi/4.9.3/../../../../arm-none-eabi/lib/armv7-m/libg.a(lib_a-vfiprintf.o)
 .text.__sprint_r
                0x08007898       0x18 /home/kripton/Applications/EmbeddedArm/gcc-arm-none-eabi-4_9-2015q2/bin/../lib/gcc/arm-none-eabi/4.9.3/../../../../arm-none-eabi/lib/armv7-m/libg.a(lib_a-vfiprintf.o)
                0x08007898                __sprint_r
 .text._write_r
                0x080078b0       0x28 /home/kripton/Applications/EmbeddedArm/gcc-arm-none-eabi-4_9-2015q2/bin/../lib/gcc/arm-none-eabi/4.9.3/../../../../arm-none-eabi/lib/armv7-m/libg.a(lib_a-writer.o)
                0x080078b0                _write_r
 .text.__register_exitproc
                0x080078d8       0xa4 /home/kripton/Applications/EmbeddedArm/gcc-arm-none-eabi-4_9-2015q2/bin/../lib/gcc/arm-none-eabi/4.9.3/../../../../arm-none-eabi/lib/armv7-m/libg.a(lib_a-__atexit.o)
                0x080078d8                __register_exitproc
 .text._calloc_r
                0x0800797c       0x60 /home/kripton/Applications/EmbeddedArm/gcc-arm-none-eabi-4_9-2015q2/bin/../lib/gcc/arm-none-eabi/4.9.3/../../../../arm-none-eabi/lib/armv7-m/libg.a(lib_a-callocr.o)
                0x0800797c                _calloc_r
 .text._close_r
                0x080079dc       0x24 /home/kripton/Applications/EmbeddedArm/gcc-arm-none-eabi-4_9-2015q2/bin/../lib/gcc/arm-none-eabi/4.9.3/../../../../arm-none-eabi/lib/armv7-m/libg.a(lib_a-closer.o)
                0x080079dc                _close_r
 .text._fclose_r
                0x08007a00       0x84 /home/kripton/Applications/EmbeddedArm/gcc-arm-none-eabi-4_9-2015q2/bin/../lib/gcc/arm-none-eabi/4.9.3/../../../../arm-none-eabi/lib/armv7-m/libg.a(lib_a-fclose.o)
                0x08007a00                _fclose_r
 .text.__fputwc
                0x08007a84       0xb0 /home/kripton/Applications/EmbeddedArm/gcc-arm-none-eabi-4_9-2015q2/bin/../lib/gcc/arm-none-eabi/4.9.3/../../../../arm-none-eabi/lib/armv7-m/libg.a(lib_a-fputwc.o)
                0x08007a84                __fputwc
 .text._fputwc_r
                0x08007b34       0x24 /home/kripton/Applications/EmbeddedArm/gcc-arm-none-eabi-4_9-2015q2/bin/../lib/gcc/arm-none-eabi/4.9.3/../../../../arm-none-eabi/lib/armv7-m/libg.a(lib_a-fputwc.o)
                0x08007b34                _fputwc_r
 .text._fstat_r
                0x08007b58       0x28 /home/kripton/Applications/EmbeddedArm/gcc-arm-none-eabi-4_9-2015q2/bin/../lib/gcc/arm-none-eabi/4.9.3/../../../../arm-none-eabi/lib/armv7-m/libg.a(lib_a-fstatr.o)
                0x08007b58                _fstat_r
 .text._isatty_r
                0x08007b80       0x24 /home/kripton/Applications/EmbeddedArm/gcc-arm-none-eabi-4_9-2015q2/bin/../lib/gcc/arm-none-eabi/4.9.3/../../../../arm-none-eabi/lib/armv7-m/libg.a(lib_a-isattyr.o)
                0x08007b80                _isatty_r
 .text._lseek_r
                0x08007ba4       0x28 /home/kripton/Applications/EmbeddedArm/gcc-arm-none-eabi-4_9-2015q2/bin/../lib/gcc/arm-none-eabi/4.9.3/../../../../arm-none-eabi/lib/armv7-m/libg.a(lib_a-lseekr.o)
                0x08007ba4                _lseek_r
 .text._read_r  0x08007bcc       0x28 /home/kripton/Applications/EmbeddedArm/gcc-arm-none-eabi-4_9-2015q2/bin/../lib/gcc/arm-none-eabi/4.9.3/../../../../arm-none-eabi/lib/armv7-m/libg.a(lib_a-readr.o)
                0x08007bcc                _read_r
 .text.__swbuf_r
                0x08007bf4       0xa8 /home/kripton/Applications/EmbeddedArm/gcc-arm-none-eabi-4_9-2015q2/bin/../lib/gcc/arm-none-eabi/4.9.3/../../../../arm-none-eabi/lib/armv7-m/libg.a(lib_a-wbuf.o)
                0x08007bf4                __swbuf_r
 .text._wcrtomb_r
                0x08007c9c       0x54 /home/kripton/Applications/EmbeddedArm/gcc-arm-none-eabi-4_9-2015q2/bin/../lib/gcc/arm-none-eabi/4.9.3/../../../../arm-none-eabi/lib/armv7-m/libg.a(lib_a-wcrtomb.o)
                0x08007c9c                _wcrtomb_r
 .text.__ascii_wctomb
                0x08007cf0       0x1c /home/kripton/Applications/EmbeddedArm/gcc-arm-none-eabi-4_9-2015q2/bin/../lib/gcc/arm-none-eabi/4.9.3/../../../../arm-none-eabi/lib/armv7-m/libg.a(lib_a-wctomb_r.o)
                0x08007cf0                __ascii_wctomb
 *(.rodata)
 .rodata        0x08007d0c       0xcf ./src/avr_flasher.o
 *fill*         0x08007ddb        0x1 
 .rodata        0x08007ddc       0x37 ./src/main.o
 *(.rodata*)
 *fill*         0x08007e13        0x1 
 .rodata.str1.4
                0x08007e14        0x2 /home/kripton/Applications/EmbeddedArm/gcc-arm-none-eabi-4_9-2015q2/bin/../lib/gcc/arm-none-eabi/4.9.3/../../../../arm-none-eabi/lib/armv7-m/libg.a(lib_a-impure.o)
 *fill*         0x08007e16        0x2 
 .rodata._global_impure_ptr
                0x08007e18        0x4 /home/kripton/Applications/EmbeddedArm/gcc-arm-none-eabi-4_9-2015q2/bin/../lib/gcc/arm-none-eabi/4.9.3/../../../../arm-none-eabi/lib/armv7-m/libg.a(lib_a-impure.o)
                0x08007e18                _global_impure_ptr
 .rodata.str1.4
                0x08007e1c        0x2 /home/kripton/Applications/EmbeddedArm/gcc-arm-none-eabi-4_9-2015q2/bin/../lib/gcc/arm-none-eabi/4.9.3/../../../../arm-none-eabi/lib/armv7-m/libg.a(lib_a-puts.o)
 *fill*         0x08007e1e        0x2 
 .rodata.zeroes.6926
                0x08007e20       0x10 /home/kripton/Applications/EmbeddedArm/gcc-arm-none-eabi-4_9-2015q2/bin/../lib/gcc/arm-none-eabi/4.9.3/../../../../arm-none-eabi/lib/armv7-m/libg.a(lib_a-vfprintf.o)
 .rodata.str1.4
                0x08007e30       0x42 /home/kripton/Applications/EmbeddedArm/gcc-arm-none-eabi-4_9-2015q2/bin/../lib/gcc/arm-none-eabi/4.9.3/../../../../arm-none-eabi/lib/armv7-m/libg.a(lib_a-vfprintf.o)
 *fill*         0x08007e72        0x2 
 .rodata.blanks.6925
                0x08007e74       0x10 /home/kripton/Applications/EmbeddedArm/gcc-arm-none-eabi-4_9-2015q2/bin/../lib/gcc/arm-none-eabi/4.9.3/../../../../arm-none-eabi/lib/armv7-m/libg.a(lib_a-vfprintf.o)
 .rodata.str1.4
                0x08007e84       0x10 /home/kripton/Applications/EmbeddedArm/gcc-arm-none-eabi-4_9-2015q2/bin/../lib/gcc/arm-none-eabi/4.9.3/../../../../arm-none-eabi/lib/armv7-m/libg.a(lib_a-dtoa.o)
                                 0x12 (size before relaxing)
 .rodata.str1.4
                0x08007e94        0xc /home/kripton/Applications/EmbeddedArm/gcc-arm-none-eabi-4_9-2015q2/bin/../lib/gcc/arm-none-eabi/4.9.3/../../../../arm-none-eabi/lib/armv7-m/libg.a(lib_a-locale.o)
                                 0x12 (size before relaxing)
 .rodata.__mprec_tens
                0x08007ea0       0xc8 /home/kripton/Applications/EmbeddedArm/gcc-arm-none-eabi-4_9-2015q2/bin/../lib/gcc/arm-none-eabi/4.9.3/../../../../arm-none-eabi/lib/armv7-m/libg.a(lib_a-mprec.o)
                0x08007ea0                __mprec_tens
 .rodata.p05.5302
                0x08007f68        0xc /home/kripton/Applications/EmbeddedArm/gcc-arm-none-eabi-4_9-2015q2/bin/../lib/gcc/arm-none-eabi/4.9.3/../../../../arm-none-eabi/lib/armv7-m/libg.a(lib_a-mprec.o)
 *fill*         0x08007f74        0x4 
 .rodata.__mprec_bigtens
                0x08007f78       0x28 /home/kripton/Applications/EmbeddedArm/gcc-arm-none-eabi-4_9-2015q2/bin/../lib/gcc/arm-none-eabi/4.9.3/../../../../arm-none-eabi/lib/armv7-m/libg.a(lib_a-mprec.o)
                0x08007f78                __mprec_bigtens
 *(.glue_7)
 .glue_7        0x00000000        0x0 linker stubs
 *(.glue_7t)
 .glue_7t       0x00000000        0x0 linker stubs
 *(.init)
 .init          0x08007fa0        0x4 /home/kripton/Applications/EmbeddedArm/gcc-arm-none-eabi-4_9-2015q2/bin/../lib/gcc/arm-none-eabi/4.9.3/armv7-m/crti.o
                0x08007fa0                _init
 .init          0x08007fa4        0x8 /home/kripton/Applications/EmbeddedArm/gcc-arm-none-eabi-4_9-2015q2/bin/../lib/gcc/arm-none-eabi/4.9.3/armv7-m/crtn.o
 *(.fini)
 .fini          0x08007fac        0x4 /home/kripton/Applications/EmbeddedArm/gcc-arm-none-eabi-4_9-2015q2/bin/../lib/gcc/arm-none-eabi/4.9.3/armv7-m/crti.o
                0x08007fac                _fini
 .fini          0x08007fb0        0x8 /home/kripton/Applications/EmbeddedArm/gcc-arm-none-eabi-4_9-2015q2/bin/../lib/gcc/arm-none-eabi/4.9.3/armv7-m/crtn.o
                0x08007fb8                . = ALIGN (0x4)
                0x08007fb8                _etext = .

.vfp11_veneer   0x08007fb8        0x0
 .vfp11_veneer  0x00000000        0x0 linker stubs

.v4_bx          0x08007fb8        0x0
 .v4_bx         0x00000000        0x0 linker stubs

.iplt           0x08007fb8        0x0
 .iplt          0x00000000        0x0 /home/kripton/Applications/EmbeddedArm/gcc-arm-none-eabi-4_9-2015q2/bin/../lib/gcc/arm-none-eabi/4.9.3/armv7-m/crtbegin.o

.ARM.extab
 *(.ARM.extab* .gnu.linkonce.armextab.*)

.ARM            0x08007fb8        0x8
                0x08007fb8                __exidx_start = .
 *(.ARM.exidx*)
 .ARM.exidx     0x08007fb8        0x8 /home/kripton/Applications/EmbeddedArm/gcc-arm-none-eabi-4_9-2015q2/bin/../lib/gcc/arm-none-eabi/4.9.3/armv7-m/libgcc.a(_divdi3.o)
 .ARM.exidx     0x08007fc0        0x0 /home/kripton/Applications/EmbeddedArm/gcc-arm-none-eabi-4_9-2015q2/bin/../lib/gcc/arm-none-eabi/4.9.3/armv7-m/libgcc.a(_udivdi3.o)
                                  0x8 (size before relaxing)
                0x08007fc0                __exidx_end = .

.rel.dyn        0x08007fc0        0x0
 .rel.iplt      0x00000000        0x0 /home/kripton/Applications/EmbeddedArm/gcc-arm-none-eabi-4_9-2015q2/bin/../lib/gcc/arm-none-eabi/4.9.3/armv7-m/crtbegin.o

.ARM.attributes
                0x08007fc0       0x29
 *(.ARM.attributes)
 .ARM.attributes
                0x08007fc0       0x1d /home/kripton/Applications/EmbeddedArm/gcc-arm-none-eabi-4_9-2015q2/bin/../lib/gcc/arm-none-eabi/4.9.3/armv7-m/crti.o
 .ARM.attributes
                0x08007fdd       0x2d /home/kripton/Applications/EmbeddedArm/gcc-arm-none-eabi-4_9-2015q2/bin/../lib/gcc/arm-none-eabi/4.9.3/armv7-m/crtbegin.o
 .ARM.attributes
                0x0800800a       0x21 ./stm_startup/startup_stm32f10x_md.o
 .ARM.attributes
                0x0800802b       0x33 ./stm_startup/system_stm32f10x.o
 .ARM.attributes
                0x0800805e       0x33 ./src/soft_timers/SoftwareTimer.o
 .ARM.attributes
                0x08008091       0x33 ./src/soft_timers/SoftwareTimer2.o
 .ARM.attributes
                0x080080c4       0x33 ./src/common/CircularBuffer.o
 .ARM.attributes
                0x080080f7       0x33 ./src/common/LinkedList.o
 .ARM.attributes
                0x0800812a       0x33 ./src/UART.o
 .ARM.attributes
                0x0800815d       0x33 ./src/avr_flasher.o
 .ARM.attributes
                0x08008190       0x33 ./src/main.o
 .ARM.attributes
                0x080081c3       0x33 ./src/spi.o
 .ARM.attributes
                0x080081f6       0x33 ./src/stm32f10x_rcc.o
 .ARM.attributes
                0x08008229       0x33 ./src/stm32f10x_usart.o
 .ARM.attributes
                0x0800825c       0x33 ./src/syscalls.o
 .ARM.attributes
                0x0800828f       0x2d /home/kripton/Applications/EmbeddedArm/gcc-arm-none-eabi-4_9-2015q2/bin/../lib/gcc/arm-none-eabi/4.9.3/../../../../arm-none-eabi/lib/armv7-m/libg.a(lib_a-impure.o)
 .ARM.attributes
                0x080082bc       0x2d /home/kripton/Applications/EmbeddedArm/gcc-arm-none-eabi-4_9-2015q2/bin/../lib/gcc/arm-none-eabi/4.9.3/../../../../arm-none-eabi/lib/armv7-m/libg.a(lib_a-malloc.o)
 .ARM.attributes
                0x080082e9       0x2d /home/kripton/Applications/EmbeddedArm/gcc-arm-none-eabi-4_9-2015q2/bin/../lib/gcc/arm-none-eabi/4.9.3/../../../../arm-none-eabi/lib/armv7-m/libg.a(lib_a-mallocr.o)
 .ARM.attributes
                0x08008316       0x2d /home/kripton/Applications/EmbeddedArm/gcc-arm-none-eabi-4_9-2015q2/bin/../lib/gcc/arm-none-eabi/4.9.3/../../../../arm-none-eabi/lib/armv7-m/libg.a(lib_a-memset.o)
 .ARM.attributes
                0x08008343       0x2d /home/kripton/Applications/EmbeddedArm/gcc-arm-none-eabi-4_9-2015q2/bin/../lib/gcc/arm-none-eabi/4.9.3/../../../../arm-none-eabi/lib/armv7-m/libg.a(lib_a-mlock.o)
 .ARM.attributes
                0x08008370       0x2d /home/kripton/Applications/EmbeddedArm/gcc-arm-none-eabi-4_9-2015q2/bin/../lib/gcc/arm-none-eabi/4.9.3/../../../../arm-none-eabi/lib/armv7-m/libg.a(lib_a-printf.o)
 .ARM.attributes
                0x0800839d       0x2d /home/kripton/Applications/EmbeddedArm/gcc-arm-none-eabi-4_9-2015q2/bin/../lib/gcc/arm-none-eabi/4.9.3/../../../../arm-none-eabi/lib/armv7-m/libg.a(lib_a-puts.o)
 .ARM.attributes
                0x080083ca       0x2d /home/kripton/Applications/EmbeddedArm/gcc-arm-none-eabi-4_9-2015q2/bin/../lib/gcc/arm-none-eabi/4.9.3/../../../../arm-none-eabi/lib/armv7-m/libg.a(lib_a-sbrkr.o)
 .ARM.attributes
                0x080083f7       0x2d /home/kripton/Applications/EmbeddedArm/gcc-arm-none-eabi-4_9-2015q2/bin/../lib/gcc/arm-none-eabi/4.9.3/../../../../arm-none-eabi/lib/armv7-m/libg.a(lib_a-strlen.o)
 .ARM.attributes
                0x08008424       0x2d /home/kripton/Applications/EmbeddedArm/gcc-arm-none-eabi-4_9-2015q2/bin/../lib/gcc/arm-none-eabi/4.9.3/../../../../arm-none-eabi/lib/armv7-m/libg.a(lib_a-vfprintf.o)
 .ARM.attributes
                0x08008451       0x2d /home/kripton/Applications/EmbeddedArm/gcc-arm-none-eabi-4_9-2015q2/bin/../lib/gcc/arm-none-eabi/4.9.3/../../../../arm-none-eabi/lib/armv7-m/libg.a(lib_a-wsetup.o)
 .ARM.attributes
                0x0800847e       0x2d /home/kripton/Applications/EmbeddedArm/gcc-arm-none-eabi-4_9-2015q2/bin/../lib/gcc/arm-none-eabi/4.9.3/../../../../arm-none-eabi/lib/armv7-m/libg.a(lib_a-__call_atexit.o)
 .ARM.attributes
                0x080084ab       0x2d /home/kripton/Applications/EmbeddedArm/gcc-arm-none-eabi-4_9-2015q2/bin/../lib/gcc/arm-none-eabi/4.9.3/../../../../arm-none-eabi/lib/armv7-m/libg.a(lib_a-atexit.o)
 .ARM.attributes
                0x080084d8       0x2d /home/kripton/Applications/EmbeddedArm/gcc-arm-none-eabi-4_9-2015q2/bin/../lib/gcc/arm-none-eabi/4.9.3/../../../../arm-none-eabi/lib/armv7-m/libg.a(lib_a-dtoa.o)
 .ARM.attributes
                0x08008505       0x2d /home/kripton/Applications/EmbeddedArm/gcc-arm-none-eabi-4_9-2015q2/bin/../lib/gcc/arm-none-eabi/4.9.3/../../../../arm-none-eabi/lib/armv7-m/libg.a(lib_a-fflush.o)
 .ARM.attributes
                0x08008532       0x2d /home/kripton/Applications/EmbeddedArm/gcc-arm-none-eabi-4_9-2015q2/bin/../lib/gcc/arm-none-eabi/4.9.3/../../../../arm-none-eabi/lib/armv7-m/libg.a(lib_a-findfp.o)
 .ARM.attributes
                0x0800855f       0x2d /home/kripton/Applications/EmbeddedArm/gcc-arm-none-eabi-4_9-2015q2/bin/../lib/gcc/arm-none-eabi/4.9.3/../../../../arm-none-eabi/lib/armv7-m/libg.a(lib_a-fini.o)
 .ARM.attributes
                0x0800858c       0x2d /home/kripton/Applications/EmbeddedArm/gcc-arm-none-eabi-4_9-2015q2/bin/../lib/gcc/arm-none-eabi/4.9.3/../../../../arm-none-eabi/lib/armv7-m/libg.a(lib_a-freer.o)
 .ARM.attributes
                0x080085b9       0x2d /home/kripton/Applications/EmbeddedArm/gcc-arm-none-eabi-4_9-2015q2/bin/../lib/gcc/arm-none-eabi/4.9.3/../../../../arm-none-eabi/lib/armv7-m/libg.a(lib_a-fvwrite.o)
 .ARM.attributes
                0x080085e6       0x2d /home/kripton/Applications/EmbeddedArm/gcc-arm-none-eabi-4_9-2015q2/bin/../lib/gcc/arm-none-eabi/4.9.3/../../../../arm-none-eabi/lib/armv7-m/libg.a(lib_a-fwalk.o)
 .ARM.attributes
                0x08008613       0x2d /home/kripton/Applications/EmbeddedArm/gcc-arm-none-eabi-4_9-2015q2/bin/../lib/gcc/arm-none-eabi/4.9.3/../../../../arm-none-eabi/lib/armv7-m/libg.a(lib_a-locale.o)
 .ARM.attributes
                0x08008640       0x2d /home/kripton/Applications/EmbeddedArm/gcc-arm-none-eabi-4_9-2015q2/bin/../lib/gcc/arm-none-eabi/4.9.3/../../../../arm-none-eabi/lib/armv7-m/libg.a(lib_a-makebuf.o)
 .ARM.attributes
                0x0800866d       0x2d /home/kripton/Applications/EmbeddedArm/gcc-arm-none-eabi-4_9-2015q2/bin/../lib/gcc/arm-none-eabi/4.9.3/../../../../arm-none-eabi/lib/armv7-m/libg.a(lib_a-memchr.o)
 .ARM.attributes
                0x0800869a       0x1b /home/kripton/Applications/EmbeddedArm/gcc-arm-none-eabi-4_9-2015q2/bin/../lib/gcc/arm-none-eabi/4.9.3/../../../../arm-none-eabi/lib/armv7-m/libg.a(lib_a-memcpy.o)
 .ARM.attributes
                0x080086b5       0x2d /home/kripton/Applications/EmbeddedArm/gcc-arm-none-eabi-4_9-2015q2/bin/../lib/gcc/arm-none-eabi/4.9.3/../../../../arm-none-eabi/lib/armv7-m/libg.a(lib_a-memmove.o)
 .ARM.attributes
                0x080086e2       0x2d /home/kripton/Applications/EmbeddedArm/gcc-arm-none-eabi-4_9-2015q2/bin/../lib/gcc/arm-none-eabi/4.9.3/../../../../arm-none-eabi/lib/armv7-m/libg.a(lib_a-mprec.o)
 .ARM.attributes
                0x0800870f       0x2d /home/kripton/Applications/EmbeddedArm/gcc-arm-none-eabi-4_9-2015q2/bin/../lib/gcc/arm-none-eabi/4.9.3/../../../../arm-none-eabi/lib/armv7-m/libg.a(lib_a-reallocr.o)
 .ARM.attributes
                0x0800873c       0x2d /home/kripton/Applications/EmbeddedArm/gcc-arm-none-eabi-4_9-2015q2/bin/../lib/gcc/arm-none-eabi/4.9.3/../../../../arm-none-eabi/lib/armv7-m/libg.a(lib_a-reent.o)
 .ARM.attributes
                0x08008769       0x2d /home/kripton/Applications/EmbeddedArm/gcc-arm-none-eabi-4_9-2015q2/bin/../lib/gcc/arm-none-eabi/4.9.3/../../../../arm-none-eabi/lib/armv7-m/libg.a(lib_a-s_fpclassify.o)
 .ARM.attributes
                0x08008796       0x2d /home/kripton/Applications/EmbeddedArm/gcc-arm-none-eabi-4_9-2015q2/bin/../lib/gcc/arm-none-eabi/4.9.3/../../../../arm-none-eabi/lib/armv7-m/libg.a(lib_a-stdio.o)
 .ARM.attributes
                0x080087c3       0x2d /home/kripton/Applications/EmbeddedArm/gcc-arm-none-eabi-4_9-2015q2/bin/../lib/gcc/arm-none-eabi/4.9.3/../../../../arm-none-eabi/lib/armv7-m/libg.a(lib_a-vfiprintf.o)
 .ARM.attributes
                0x080087f0       0x2d /home/kripton/Applications/EmbeddedArm/gcc-arm-none-eabi-4_9-2015q2/bin/../lib/gcc/arm-none-eabi/4.9.3/../../../../arm-none-eabi/lib/armv7-m/libg.a(lib_a-writer.o)
 .ARM.attributes
                0x0800881d       0x2d /home/kripton/Applications/EmbeddedArm/gcc-arm-none-eabi-4_9-2015q2/bin/../lib/gcc/arm-none-eabi/4.9.3/../../../../arm-none-eabi/lib/armv7-m/libg.a(lib_a-__atexit.o)
 .ARM.attributes
                0x0800884a       0x2d /home/kripton/Applications/EmbeddedArm/gcc-arm-none-eabi-4_9-2015q2/bin/../lib/gcc/arm-none-eabi/4.9.3/../../../../arm-none-eabi/lib/armv7-m/libg.a(lib_a-callocr.o)
 .ARM.attributes
                0x08008877       0x2d /home/kripton/Applications/EmbeddedArm/gcc-arm-none-eabi-4_9-2015q2/bin/../lib/gcc/arm-none-eabi/4.9.3/../../../../arm-none-eabi/lib/armv7-m/libg.a(lib_a-closer.o)
 .ARM.attributes
                0x080088a4       0x2d /home/kripton/Applications/EmbeddedArm/gcc-arm-none-eabi-4_9-2015q2/bin/../lib/gcc/arm-none-eabi/4.9.3/../../../../arm-none-eabi/lib/armv7-m/libg.a(lib_a-fclose.o)
 .ARM.attributes
                0x080088d1       0x2d /home/kripton/Applications/EmbeddedArm/gcc-arm-none-eabi-4_9-2015q2/bin/../lib/gcc/arm-none-eabi/4.9.3/../../../../arm-none-eabi/lib/armv7-m/libg.a(lib_a-fputwc.o)
 .ARM.attributes
                0x080088fe       0x2d /home/kripton/Applications/EmbeddedArm/gcc-arm-none-eabi-4_9-2015q2/bin/../lib/gcc/arm-none-eabi/4.9.3/../../../../arm-none-eabi/lib/armv7-m/libg.a(lib_a-fstatr.o)
 .ARM.attributes
                0x0800892b       0x2d /home/kripton/Applications/EmbeddedArm/gcc-arm-none-eabi-4_9-2015q2/bin/../lib/gcc/arm-none-eabi/4.9.3/../../../../arm-none-eabi/lib/armv7-m/libg.a(lib_a-isattyr.o)
 .ARM.attributes
                0x08008958       0x2d /home/kripton/Applications/EmbeddedArm/gcc-arm-none-eabi-4_9-2015q2/bin/../lib/gcc/arm-none-eabi/4.9.3/../../../../arm-none-eabi/lib/armv7-m/libg.a(lib_a-lseekr.o)
 .ARM.attributes
                0x08008985       0x2d /home/kripton/Applications/EmbeddedArm/gcc-arm-none-eabi-4_9-2015q2/bin/../lib/gcc/arm-none-eabi/4.9.3/../../../../arm-none-eabi/lib/armv7-m/libg.a(lib_a-readr.o)
 .ARM.attributes
                0x080089b2       0x2d /home/kripton/Applications/EmbeddedArm/gcc-arm-none-eabi-4_9-2015q2/bin/../lib/gcc/arm-none-eabi/4.9.3/../../../../arm-none-eabi/lib/armv7-m/libg.a(lib_a-wbuf.o)
 .ARM.attributes
                0x080089df       0x2d /home/kripton/Applications/EmbeddedArm/gcc-arm-none-eabi-4_9-2015q2/bin/../lib/gcc/arm-none-eabi/4.9.3/../../../../arm-none-eabi/lib/armv7-m/libg.a(lib_a-wcrtomb.o)
 .ARM.attributes
                0x08008a0c       0x2d /home/kripton/Applications/EmbeddedArm/gcc-arm-none-eabi-4_9-2015q2/bin/../lib/gcc/arm-none-eabi/4.9.3/../../../../arm-none-eabi/lib/armv7-m/libg.a(lib_a-wctomb_r.o)
 .ARM.attributes
                0x08008a39       0x1d /home/kripton/Applications/EmbeddedArm/gcc-arm-none-eabi-4_9-2015q2/bin/../lib/gcc/arm-none-eabi/4.9.3/armv7-m/libgcc.a(_arm_addsubdf3.o)
 .ARM.attributes
                0x08008a56       0x1d /home/kripton/Applications/EmbeddedArm/gcc-arm-none-eabi-4_9-2015q2/bin/../lib/gcc/arm-none-eabi/4.9.3/armv7-m/libgcc.a(_arm_muldivdf3.o)
 .ARM.attributes
                0x08008a73       0x1d /home/kripton/Applications/EmbeddedArm/gcc-arm-none-eabi-4_9-2015q2/bin/../lib/gcc/arm-none-eabi/4.9.3/armv7-m/libgcc.a(_arm_cmpdf2.o)
 .ARM.attributes
                0x08008a90       0x1d /home/kripton/Applications/EmbeddedArm/gcc-arm-none-eabi-4_9-2015q2/bin/../lib/gcc/arm-none-eabi/4.9.3/armv7-m/libgcc.a(_arm_fixdfsi.o)
 .ARM.attributes
                0x08008aad       0x1d /home/kripton/Applications/EmbeddedArm/gcc-arm-none-eabi-4_9-2015q2/bin/../lib/gcc/arm-none-eabi/4.9.3/armv7-m/libgcc.a(_aeabi_uldivmod.o)
 .ARM.attributes
                0x08008aca       0x2d /home/kripton/Applications/EmbeddedArm/gcc-arm-none-eabi-4_9-2015q2/bin/../lib/gcc/arm-none-eabi/4.9.3/armv7-m/libgcc.a(bpabi.o)
 .ARM.attributes
                0x08008af7       0x1d /home/kripton/Applications/EmbeddedArm/gcc-arm-none-eabi-4_9-2015q2/bin/../lib/gcc/arm-none-eabi/4.9.3/armv7-m/libgcc.a(_dvmd_tls.o)
 .ARM.attributes
                0x08008b14       0x2d /home/kripton/Applications/EmbeddedArm/gcc-arm-none-eabi-4_9-2015q2/bin/../lib/gcc/arm-none-eabi/4.9.3/armv7-m/libgcc.a(_divdi3.o)
 .ARM.attributes
                0x08008b41       0x2d /home/kripton/Applications/EmbeddedArm/gcc-arm-none-eabi-4_9-2015q2/bin/../lib/gcc/arm-none-eabi/4.9.3/armv7-m/libgcc.a(_udivdi3.o)
 .ARM.attributes
                0x08008b6e       0x1d /home/kripton/Applications/EmbeddedArm/gcc-arm-none-eabi-4_9-2015q2/bin/../lib/gcc/arm-none-eabi/4.9.3/armv7-m/crtn.o

.preinit_array  0x08007fc0        0x0
                0x08007fc0                PROVIDE (__preinit_array_start, .)
 *(.preinit_array*)
                0x08007fc0                PROVIDE (__preinit_array_end, .)

.init_array     0x08007fc0        0x8
                0x08007fc0                PROVIDE (__init_array_start, .)
 *(SORT(.init_array.*))
 .init_array.00000
                0x08007fc0        0x4 /home/kripton/Applications/EmbeddedArm/gcc-arm-none-eabi-4_9-2015q2/bin/../lib/gcc/arm-none-eabi/4.9.3/../../../../arm-none-eabi/lib/armv7-m/libg.a(lib_a-__call_atexit.o)
 *(.init_array*)
 .init_array    0x08007fc4        0x4 /home/kripton/Applications/EmbeddedArm/gcc-arm-none-eabi-4_9-2015q2/bin/../lib/gcc/arm-none-eabi/4.9.3/armv7-m/crtbegin.o
                0x08007fc8                PROVIDE (__init_array_end, .)

.fini_array     0x08007fc8        0x4
                0x08007fc8                PROVIDE (__fini_array_start, .)
 *(.fini_array*)
 .fini_array    0x08007fc8        0x4 /home/kripton/Applications/EmbeddedArm/gcc-arm-none-eabi-4_9-2015q2/bin/../lib/gcc/arm-none-eabi/4.9.3/armv7-m/crtbegin.o
 *(SORT(.fini_array.*))
                0x08007fcc                PROVIDE (__fini_array_end, .)
                0x08007fcc                _sidata = .

.data           0x20000000      0x8c4 load address 0x08007fcc
                0x20000000                . = ALIGN (0x4)
                0x20000000                _sdata = .
 *(.data)
 .data          0x20000000       0x14 ./stm_startup/system_stm32f10x.o
                0x20000000                SystemCoreClock
                0x20000004                AHBPrescTable
 .data          0x20000014       0x14 ./src/stm32f10x_rcc.o
 *(.data*)
 .data.impure_data
                0x20000028      0x428 /home/kripton/Applications/EmbeddedArm/gcc-arm-none-eabi-4_9-2015q2/bin/../lib/gcc/arm-none-eabi/4.9.3/../../../../arm-none-eabi/lib/armv7-m/libg.a(lib_a-impure.o)
 .data._impure_ptr
                0x20000450        0x4 /home/kripton/Applications/EmbeddedArm/gcc-arm-none-eabi-4_9-2015q2/bin/../lib/gcc/arm-none-eabi/4.9.3/../../../../arm-none-eabi/lib/armv7-m/libg.a(lib_a-impure.o)
                0x20000450                _impure_ptr
 .data.__malloc_av_
                0x20000454      0x408 /home/kripton/Applications/EmbeddedArm/gcc-arm-none-eabi-4_9-2015q2/bin/../lib/gcc/arm-none-eabi/4.9.3/../../../../arm-none-eabi/lib/armv7-m/libg.a(lib_a-mallocr.o)
                0x20000454                __malloc_av_
 .data.__malloc_trim_threshold
                0x2000085c        0x4 /home/kripton/Applications/EmbeddedArm/gcc-arm-none-eabi-4_9-2015q2/bin/../lib/gcc/arm-none-eabi/4.9.3/../../../../arm-none-eabi/lib/armv7-m/libg.a(lib_a-mallocr.o)
                0x2000085c                __malloc_trim_threshold
 .data.__malloc_sbrk_base
                0x20000860        0x4 /home/kripton/Applications/EmbeddedArm/gcc-arm-none-eabi-4_9-2015q2/bin/../lib/gcc/arm-none-eabi/4.9.3/../../../../arm-none-eabi/lib/armv7-m/libg.a(lib_a-mallocr.o)
                0x20000860                __malloc_sbrk_base
 .data.lconv    0x20000864       0x38 /home/kripton/Applications/EmbeddedArm/gcc-arm-none-eabi-4_9-2015q2/bin/../lib/gcc/arm-none-eabi/4.9.3/../../../../arm-none-eabi/lib/armv7-m/libg.a(lib_a-locale.o)
 .data.lc_ctype_charset
                0x2000089c       0x20 /home/kripton/Applications/EmbeddedArm/gcc-arm-none-eabi-4_9-2015q2/bin/../lib/gcc/arm-none-eabi/4.9.3/../../../../arm-none-eabi/lib/armv7-m/libg.a(lib_a-locale.o)
 .data.__mb_cur_max
                0x200008bc        0x4 /home/kripton/Applications/EmbeddedArm/gcc-arm-none-eabi-4_9-2015q2/bin/../lib/gcc/arm-none-eabi/4.9.3/../../../../arm-none-eabi/lib/armv7-m/libg.a(lib_a-locale.o)
                0x200008bc                __mb_cur_max
 .data.__wctomb
                0x200008c0        0x4 /home/kripton/Applications/EmbeddedArm/gcc-arm-none-eabi-4_9-2015q2/bin/../lib/gcc/arm-none-eabi/4.9.3/../../../../arm-none-eabi/lib/armv7-m/libg.a(lib_a-wctomb_r.o)
                0x200008c0                __wctomb
                0x200008c4                . = ALIGN (0x4)
                0x200008c4                _edata = .

.jcr            0x200008c4        0x0 load address 0x08008890
 .jcr           0x200008c4        0x0 /home/kripton/Applications/EmbeddedArm/gcc-arm-none-eabi-4_9-2015q2/bin/../lib/gcc/arm-none-eabi/4.9.3/armv7-m/crtbegin.o

.igot.plt       0x200008c4        0x0 load address 0x08008890
 .igot.plt      0x00000000        0x0 /home/kripton/Applications/EmbeddedArm/gcc-arm-none-eabi-4_9-2015q2/bin/../lib/gcc/arm-none-eabi/4.9.3/armv7-m/crtbegin.o
                0x200008c4                . = ALIGN (0x4)

.bss            0x200008c4       0xa4 load address 0x08008890
                0x200008c4                _sbss = .
                0x200008c4                __bss_start__ = _sbss
 *(.bss)
 .bss           0x200008c4       0x1c /home/kripton/Applications/EmbeddedArm/gcc-arm-none-eabi-4_9-2015q2/bin/../lib/gcc/arm-none-eabi/4.9.3/armv7-m/crtbegin.o
 .bss           0x200008e0       0x24 ./src/avr_flasher.o
 .bss           0x20000904        0x4 ./src/syscalls.o
 *(.bss*)
 .bss.__malloc_max_total_mem
                0x20000908        0x4 /home/kripton/Applications/EmbeddedArm/gcc-arm-none-eabi-4_9-2015q2/bin/../lib/gcc/arm-none-eabi/4.9.3/../../../../arm-none-eabi/lib/armv7-m/libg.a(lib_a-mallocr.o)
                0x20000908                __malloc_max_total_mem
 .bss.__malloc_max_sbrked_mem
                0x2000090c        0x4 /home/kripton/Applications/EmbeddedArm/gcc-arm-none-eabi-4_9-2015q2/bin/../lib/gcc/arm-none-eabi/4.9.3/../../../../arm-none-eabi/lib/armv7-m/libg.a(lib_a-mallocr.o)
                0x2000090c                __malloc_max_sbrked_mem
 .bss.__malloc_top_pad
                0x20000910        0x4 /home/kripton/Applications/EmbeddedArm/gcc-arm-none-eabi-4_9-2015q2/bin/../lib/gcc/arm-none-eabi/4.9.3/../../../../arm-none-eabi/lib/armv7-m/libg.a(lib_a-mallocr.o)
                0x20000910                __malloc_top_pad
 .bss.__malloc_current_mallinfo
                0x20000914       0x28 /home/kripton/Applications/EmbeddedArm/gcc-arm-none-eabi-4_9-2015q2/bin/../lib/gcc/arm-none-eabi/4.9.3/../../../../arm-none-eabi/lib/armv7-m/libg.a(lib_a-mallocr.o)
                0x20000914                __malloc_current_mallinfo
 *(COMMON)
 COMMON         0x2000093c        0x8 ./src/soft_timers/SoftwareTimer2.o
                0x2000093c                soft_timer2
 COMMON         0x20000944       0x20 ./src/main.o
                0x20000944                timer
                0x20000954                usart_buffer
 COMMON         0x20000964        0x4 /home/kripton/Applications/EmbeddedArm/gcc-arm-none-eabi-4_9-2015q2/bin/../lib/gcc/arm-none-eabi/4.9.3/../../../../arm-none-eabi/lib/armv7-m/libg.a(lib_a-reent.o)
                0x20000964                errno
                0x20000968                . = ALIGN (0x4)
                0x20000968                _ebss = .
                0x20000968                __bss_end__ = _ebss
                0x20000968                PROVIDE (end, _ebss)
                0x20000968                PROVIDE (_end, _ebss)

._user_heap_stack
                0x20000968      0x100 load address 0x08008934
                0x20000968                . = ALIGN (0x4)
                0x20000968                . = (. + _Min_Heap_Size)
                0x20000a68                . = (. + _Min_Stack_Size)
 *fill*         0x20000968      0x100 
                0x20000a68                . = ALIGN (0x4)

.memory_b1_text
 *(.mb1text)
 *(.mb1text*)
 *(.mb1rodata)
 *(.mb1rodata*)

/DISCARD/
 libc.a(*)
 libm.a(*)
 libgcc.a(*)
OUTPUT(SPI_stm32f10x.elf elf32-littlearm)

.debug_line     0x00000000     0x2d50
 .debug_line    0x00000000       0x81 ./stm_startup/startup_stm32f10x_md.o
 .debug_line    0x00000081      0x2f5 ./stm_startup/system_stm32f10x.o
 .debug_line    0x00000376      0x339 ./src/soft_timers/SoftwareTimer.o
 .debug_line    0x000006af      0x456 ./src/soft_timers/SoftwareTimer2.o
 .debug_line    0x00000b05      0x415 ./src/common/CircularBuffer.o
 .debug_line    0x00000f1a      0x2e6 ./src/common/LinkedList.o
 .debug_line    0x00001200      0x2aa ./src/UART.o
 .debug_line    0x000014aa      0x4bc ./src/avr_flasher.o
 .debug_line    0x00001966      0x55a ./src/main.o
 .debug_line    0x00001ec0      0x32e ./src/spi.o
 .debug_line    0x000021ee      0x3b3 ./src/stm32f10x_rcc.o
 .debug_line    0x000025a1      0x39a ./src/stm32f10x_usart.o
 .debug_line    0x0000293b      0x415 ./src/syscalls.o

.debug_info     0x00000000     0x4294
 .debug_info    0x00000000       0x87 ./stm_startup/startup_stm32f10x_md.o
 .debug_info    0x00000087      0x43c ./stm_startup/system_stm32f10x.o
 .debug_info    0x000004c3      0x37f ./src/soft_timers/SoftwareTimer.o
 .debug_info    0x00000842      0x716 ./src/soft_timers/SoftwareTimer2.o
 .debug_info    0x00000f58      0x276 ./src/common/CircularBuffer.o
 .debug_info    0x000011ce      0x1fb ./src/common/LinkedList.o
 .debug_info    0x000013c9      0x3b6 ./src/UART.o
 .debug_info    0x0000177f      0x6a5 ./src/avr_flasher.o
 .debug_info    0x00001e24      0x985 ./src/main.o
 .debug_info    0x000027a9      0x318 ./src/spi.o
 .debug_info    0x00002ac1      0x87f ./src/stm32f10x_rcc.o
 .debug_info    0x00003340      0x9da ./src/stm32f10x_usart.o
 .debug_info    0x00003d1a      0x57a ./src/syscalls.o

.debug_abbrev   0x00000000     0x1143
 .debug_abbrev  0x00000000       0x12 ./stm_startup/startup_stm32f10x_md.o
 .debug_abbrev  0x00000012      0x17c ./stm_startup/system_stm32f10x.o
 .debug_abbrev  0x0000018e      0x13d ./src/soft_timers/SoftwareTimer.o
 .debug_abbrev  0x000002cb      0x1b4 ./src/soft_timers/SoftwareTimer2.o
 .debug_abbrev  0x0000047f      0x120 ./src/common/CircularBuffer.o
 .debug_abbrev  0x0000059f      0x104 ./src/common/LinkedList.o
 .debug_abbrev  0x000006a3      0x11c ./src/UART.o
 .debug_abbrev  0x000007bf      0x186 ./src/avr_flasher.o
 .debug_abbrev  0x00000945      0x258 ./src/main.o
 .debug_abbrev  0x00000b9d       0xe7 ./src/spi.o
 .debug_abbrev  0x00000c84      0x1bf ./src/stm32f10x_rcc.o
 .debug_abbrev  0x00000e43      0x167 ./src/stm32f10x_usart.o
 .debug_abbrev  0x00000faa      0x199 ./src/syscalls.o

.debug_aranges  0x00000000      0x1a8
 .debug_aranges
                0x00000000       0x28 ./stm_startup/startup_stm32f10x_md.o
 .debug_aranges
                0x00000028       0x20 ./stm_startup/system_stm32f10x.o
 .debug_aranges
                0x00000048       0x20 ./src/soft_timers/SoftwareTimer.o
 .debug_aranges
                0x00000068       0x20 ./src/soft_timers/SoftwareTimer2.o
 .debug_aranges
                0x00000088       0x20 ./src/common/CircularBuffer.o
 .debug_aranges
                0x000000a8       0x20 ./src/common/LinkedList.o
 .debug_aranges
                0x000000c8       0x20 ./src/UART.o
 .debug_aranges
                0x000000e8       0x20 ./src/avr_flasher.o
 .debug_aranges
                0x00000108       0x20 ./src/main.o
 .debug_aranges
                0x00000128       0x20 ./src/spi.o
 .debug_aranges
                0x00000148       0x20 ./src/stm32f10x_rcc.o
 .debug_aranges
                0x00000168       0x20 ./src/stm32f10x_usart.o
 .debug_aranges
                0x00000188       0x20 ./src/syscalls.o

.debug_ranges   0x00000000       0x20
 .debug_ranges  0x00000000       0x20 ./stm_startup/startup_stm32f10x_md.o

.debug_macro    0x00000000     0xbe48
 .debug_macro   0x00000000       0xba ./stm_startup/system_stm32f10x.o
 .debug_macro   0x000000ba      0x86e ./stm_startup/system_stm32f10x.o
 .debug_macro   0x00000928       0x56 ./stm_startup/system_stm32f10x.o
 .debug_macro   0x0000097e       0x22 ./stm_startup/system_stm32f10x.o
 .debug_macro   0x000009a0       0x22 ./stm_startup/system_stm32f10x.o
 .debug_macro   0x000009c2       0x44 ./stm_startup/system_stm32f10x.o
 .debug_macro   0x00000a06       0xe3 ./stm_startup/system_stm32f10x.o
 .debug_macro   0x00000ae9       0x22 ./stm_startup/system_stm32f10x.o
 .debug_macro   0x00000b0b      0x1df ./stm_startup/system_stm32f10x.o
 .debug_macro   0x00000cea      0x69f ./stm_startup/system_stm32f10x.o
 .debug_macro   0x00001389     0x7dbe ./stm_startup/system_stm32f10x.o
 .debug_macro   0x00009147      0x2a6 ./stm_startup/system_stm32f10x.o
 .debug_macro   0x000093ed      0x3e2 ./stm_startup/system_stm32f10x.o
 .debug_macro   0x000097cf      0x220 ./stm_startup/system_stm32f10x.o
 .debug_macro   0x000099ef       0x35 ./stm_startup/system_stm32f10x.o
 .debug_macro   0x00009a24      0x155 ./src/soft_timers/SoftwareTimer.o
 .debug_macro   0x00009b79       0x46 ./src/soft_timers/SoftwareTimer.o
 .debug_macro   0x00009bbf       0x35 ./src/soft_timers/SoftwareTimer.o
 .debug_macro   0x00009bf4       0x9c ./src/soft_timers/SoftwareTimer.o
 .debug_macro   0x00009c90       0x16 ./src/soft_timers/SoftwareTimer.o
 .debug_macro   0x00009ca6       0x4a ./src/soft_timers/SoftwareTimer.o
 .debug_macro   0x00009cf0       0x97 ./src/soft_timers/SoftwareTimer.o
 .debug_macro   0x00009d87      0x352 ./src/soft_timers/SoftwareTimer.o
 .debug_macro   0x0000a0d9       0xef ./src/soft_timers/SoftwareTimer.o
 .debug_macro   0x0000a1c8       0x10 ./src/soft_timers/SoftwareTimer.o
 .debug_macro   0x0000a1d8       0x52 ./src/soft_timers/SoftwareTimer.o
 .debug_macro   0x0000a22a       0x16 ./src/soft_timers/SoftwareTimer.o
 .debug_macro   0x0000a240       0x43 ./src/soft_timers/SoftwareTimer.o
 .debug_macro   0x0000a283      0x180 ./src/soft_timers/SoftwareTimer.o
 .debug_macro   0x0000a403       0x10 ./src/soft_timers/SoftwareTimer.o
 .debug_macro   0x0000a413       0x22 ./src/soft_timers/SoftwareTimer.o
 .debug_macro   0x0000a435       0xbe ./src/soft_timers/SoftwareTimer.o
 .debug_macro   0x0000a4f3       0x16 ./src/soft_timers/SoftwareTimer.o
 .debug_macro   0x0000a509      0x166 ./src/soft_timers/SoftwareTimer.o
 .debug_macro   0x0000a66f       0x16 ./src/soft_timers/SoftwareTimer.o
 .debug_macro   0x0000a685       0x35 ./src/soft_timers/SoftwareTimer.o
 .debug_macro   0x0000a6ba       0x22 ./src/soft_timers/SoftwareTimer.o
 .debug_macro   0x0000a6dc       0x22 ./src/soft_timers/SoftwareTimer.o
 .debug_macro   0x0000a6fe      0x1e0 ./src/soft_timers/SoftwareTimer2.o
 .debug_macro   0x0000a8de      0x15c ./src/common/CircularBuffer.o
 .debug_macro   0x0000aa3a      0x166 ./src/common/CircularBuffer.o
 .debug_macro   0x0000aba0       0x3c ./src/common/CircularBuffer.o
 .debug_macro   0x0000abdc      0x14b ./src/common/LinkedList.o
 .debug_macro   0x0000ad27       0xb7 ./src/UART.o
 .debug_macro   0x0000adde      0x1f5 ./src/avr_flasher.o
 .debug_macro   0x0000afd3      0x1ed ./src/avr_flasher.o
 .debug_macro   0x0000b1c0       0x52 ./src/avr_flasher.o
 .debug_macro   0x0000b212      0x248 ./src/main.o
 .debug_macro   0x0000b45a       0xc0 ./src/spi.o
 .debug_macro   0x0000b51a      0x1d3 ./src/stm32f10x_rcc.o
 .debug_macro   0x0000b6ed      0x16b ./src/stm32f10x_usart.o
 .debug_macro   0x0000b858      0x21a ./src/stm32f10x_usart.o
 .debug_macro   0x0000ba72      0x1ee ./src/syscalls.o
 .debug_macro   0x0000bc60       0x52 ./src/syscalls.o
 .debug_macro   0x0000bcb2       0x16 ./src/syscalls.o
 .debug_macro   0x0000bcc8       0x10 ./src/syscalls.o
 .debug_macro   0x0000bcd8       0x10 ./src/syscalls.o
 .debug_macro   0x0000bce8       0x10 ./src/syscalls.o
 .debug_macro   0x0000bcf8       0x2e ./src/syscalls.o
 .debug_macro   0x0000bd26      0x122 ./src/syscalls.o

.debug_str      0x00000000    0x3c65a
 .debug_str     0x00000000    0x36302 ./stm_startup/system_stm32f10x.o
                              0x36494 (size before relaxing)
 .debug_str     0x00036302     0x366d ./src/soft_timers/SoftwareTimer.o
                               0x5e28 (size before relaxing)
 .debug_str     0x0003996f      0x4f7 ./src/soft_timers/SoftwareTimer2.o
                              0x39e09 (size before relaxing)
 .debug_str     0x00039e66      0x17e ./src/common/CircularBuffer.o
                              0x37a05 (size before relaxing)
 .debug_str     0x00039fe4       0x8c ./src/common/LinkedList.o
                               0x5d38 (size before relaxing)
 .debug_str     0x0003a070       0xf3 ./src/UART.o
                              0x3647f (size before relaxing)
 .debug_str     0x0003a163      0x95d ./src/avr_flasher.o
                              0x3a34e (size before relaxing)
 .debug_str     0x0003aac0       0xa2 ./src/main.o
                              0x3a748 (size before relaxing)
 .debug_str     0x0003ab62       0x6a ./src/spi.o
                              0x3644c (size before relaxing)
 .debug_str     0x0003abcc      0xb0e ./src/stm32f10x_rcc.o
                              0x36ebd (size before relaxing)
 .debug_str     0x0003b6da      0x759 ./src/stm32f10x_usart.o
                              0x36be7 (size before relaxing)
 .debug_str     0x0003be33      0x827 ./src/syscalls.o
                              0x3a060 (size before relaxing)

.comment        0x00000000       0x70
 .comment       0x00000000       0x70 ./stm_startup/system_stm32f10x.o
                                 0x71 (size before relaxing)
 .comment       0x00000000       0x71 ./src/soft_timers/SoftwareTimer.o
 .comment       0x00000000       0x71 ./src/soft_timers/SoftwareTimer2.o
 .comment       0x00000000       0x71 ./src/common/CircularBuffer.o
 .comment       0x00000000       0x71 ./src/common/LinkedList.o
 .comment       0x00000000       0x71 ./src/UART.o
 .comment       0x00000000       0x71 ./src/avr_flasher.o
 .comment       0x00000000       0x71 ./src/main.o
 .comment       0x00000000       0x71 ./src/spi.o
 .comment       0x00000000       0x71 ./src/stm32f10x_rcc.o
 .comment       0x00000000       0x71 ./src/stm32f10x_usart.o
 .comment       0x00000000       0x71 ./src/syscalls.o

.debug_frame    0x00000000     0x23cc
 .debug_frame   0x00000000       0x98 ./stm_startup/system_stm32f10x.o
 .debug_frame   0x00000098       0xf8 ./src/soft_timers/SoftwareTimer.o
 .debug_frame   0x00000190       0xd8 ./src/soft_timers/SoftwareTimer2.o
 .debug_frame   0x00000268       0xd0 ./src/common/CircularBuffer.o
 .debug_frame   0x00000338       0xa4 ./src/common/LinkedList.o
 .debug_frame   0x000003dc       0x7c ./src/UART.o
 .debug_frame   0x00000458      0x154 ./src/avr_flasher.o
 .debug_frame   0x000005ac      0x120 ./src/main.o
 .debug_frame   0x000006cc      0x150 ./src/spi.o
 .debug_frame   0x0000081c      0x4f4 ./src/stm32f10x_rcc.o
 .debug_frame   0x00000d10      0x490 ./src/stm32f10x_usart.o
 .debug_frame   0x000011a0      0x1a8 ./src/syscalls.o
 .debug_frame   0x00001348       0x30 /home/kripton/Applications/EmbeddedArm/gcc-arm-none-eabi-4_9-2015q2/bin/../lib/gcc/arm-none-eabi/4.9.3/../../../../arm-none-eabi/lib/armv7-m/libg.a(lib_a-malloc.o)
 .debug_frame   0x00001378       0x54 /home/kripton/Applications/EmbeddedArm/gcc-arm-none-eabi-4_9-2015q2/bin/../lib/gcc/arm-none-eabi/4.9.3/../../../../arm-none-eabi/lib/armv7-m/libg.a(lib_a-mallocr.o)
 .debug_frame   0x000013cc       0x34 /home/kripton/Applications/EmbeddedArm/gcc-arm-none-eabi-4_9-2015q2/bin/../lib/gcc/arm-none-eabi/4.9.3/../../../../arm-none-eabi/lib/armv7-m/libg.a(lib_a-memset.o)
 .debug_frame   0x00001400       0x30 /home/kripton/Applications/EmbeddedArm/gcc-arm-none-eabi-4_9-2015q2/bin/../lib/gcc/arm-none-eabi/4.9.3/../../../../arm-none-eabi/lib/armv7-m/libg.a(lib_a-mlock.o)
 .debug_frame   0x00001430       0x78 /home/kripton/Applications/EmbeddedArm/gcc-arm-none-eabi-4_9-2015q2/bin/../lib/gcc/arm-none-eabi/4.9.3/../../../../arm-none-eabi/lib/armv7-m/libg.a(lib_a-printf.o)
 .debug_frame   0x000014a8       0x44 /home/kripton/Applications/EmbeddedArm/gcc-arm-none-eabi-4_9-2015q2/bin/../lib/gcc/arm-none-eabi/4.9.3/../../../../arm-none-eabi/lib/armv7-m/libg.a(lib_a-puts.o)
 .debug_frame   0x000014ec       0x2c /home/kripton/Applications/EmbeddedArm/gcc-arm-none-eabi-4_9-2015q2/bin/../lib/gcc/arm-none-eabi/4.9.3/../../../../arm-none-eabi/lib/armv7-m/libg.a(lib_a-sbrkr.o)
 .debug_frame   0x00001518       0x20 /home/kripton/Applications/EmbeddedArm/gcc-arm-none-eabi-4_9-2015q2/bin/../lib/gcc/arm-none-eabi/4.9.3/../../../../arm-none-eabi/lib/armv7-m/libg.a(lib_a-strlen.o)
 .debug_frame   0x00001538       0x90 /home/kripton/Applications/EmbeddedArm/gcc-arm-none-eabi-4_9-2015q2/bin/../lib/gcc/arm-none-eabi/4.9.3/../../../../arm-none-eabi/lib/armv7-m/libg.a(lib_a-vfprintf.o)
 .debug_frame   0x000015c8       0x2c /home/kripton/Applications/EmbeddedArm/gcc-arm-none-eabi-4_9-2015q2/bin/../lib/gcc/arm-none-eabi/4.9.3/../../../../arm-none-eabi/lib/armv7-m/libg.a(lib_a-wsetup.o)
 .debug_frame   0x000015f4       0x50 /home/kripton/Applications/EmbeddedArm/gcc-arm-none-eabi-4_9-2015q2/bin/../lib/gcc/arm-none-eabi/4.9.3/../../../../arm-none-eabi/lib/armv7-m/libg.a(lib_a-__call_atexit.o)
 .debug_frame   0x00001644       0x20 /home/kripton/Applications/EmbeddedArm/gcc-arm-none-eabi-4_9-2015q2/bin/../lib/gcc/arm-none-eabi/4.9.3/../../../../arm-none-eabi/lib/armv7-m/libg.a(lib_a-atexit.o)
 .debug_frame   0x00001664       0x84 /home/kripton/Applications/EmbeddedArm/gcc-arm-none-eabi-4_9-2015q2/bin/../lib/gcc/arm-none-eabi/4.9.3/../../../../arm-none-eabi/lib/armv7-m/libg.a(lib_a-dtoa.o)
 .debug_frame   0x000016e8       0x6c /home/kripton/Applications/EmbeddedArm/gcc-arm-none-eabi-4_9-2015q2/bin/../lib/gcc/arm-none-eabi/4.9.3/../../../../arm-none-eabi/lib/armv7-m/libg.a(lib_a-fflush.o)
 .debug_frame   0x00001754      0x124 /home/kripton/Applications/EmbeddedArm/gcc-arm-none-eabi-4_9-2015q2/bin/../lib/gcc/arm-none-eabi/4.9.3/../../../../arm-none-eabi/lib/armv7-m/libg.a(lib_a-findfp.o)
 .debug_frame   0x00001878       0x34 /home/kripton/Applications/EmbeddedArm/gcc-arm-none-eabi-4_9-2015q2/bin/../lib/gcc/arm-none-eabi/4.9.3/../../../../arm-none-eabi/lib/armv7-m/libg.a(lib_a-fini.o)
 .debug_frame   0x000018ac       0x74 /home/kripton/Applications/EmbeddedArm/gcc-arm-none-eabi-4_9-2015q2/bin/../lib/gcc/arm-none-eabi/4.9.3/../../../../arm-none-eabi/lib/armv7-m/libg.a(lib_a-freer.o)
 .debug_frame   0x00001920       0x68 /home/kripton/Applications/EmbeddedArm/gcc-arm-none-eabi-4_9-2015q2/bin/../lib/gcc/arm-none-eabi/4.9.3/../../../../arm-none-eabi/lib/armv7-m/libg.a(lib_a-fvwrite.o)
 .debug_frame   0x00001988       0x54 /home/kripton/Applications/EmbeddedArm/gcc-arm-none-eabi-4_9-2015q2/bin/../lib/gcc/arm-none-eabi/4.9.3/../../../../arm-none-eabi/lib/armv7-m/libg.a(lib_a-fwalk.o)
 .debug_frame   0x000019dc       0x9c /home/kripton/Applications/EmbeddedArm/gcc-arm-none-eabi-4_9-2015q2/bin/../lib/gcc/arm-none-eabi/4.9.3/../../../../arm-none-eabi/lib/armv7-m/libg.a(lib_a-locale.o)
 .debug_frame   0x00001a78       0x48 /home/kripton/Applications/EmbeddedArm/gcc-arm-none-eabi-4_9-2015q2/bin/../lib/gcc/arm-none-eabi/4.9.3/../../../../arm-none-eabi/lib/armv7-m/libg.a(lib_a-makebuf.o)
 .debug_frame   0x00001ac0       0x3c /home/kripton/Applications/EmbeddedArm/gcc-arm-none-eabi-4_9-2015q2/bin/../lib/gcc/arm-none-eabi/4.9.3/../../../../arm-none-eabi/lib/armv7-m/libg.a(lib_a-memchr.o)
 .debug_frame   0x00001afc       0x30 /home/kripton/Applications/EmbeddedArm/gcc-arm-none-eabi-4_9-2015q2/bin/../lib/gcc/arm-none-eabi/4.9.3/../../../../arm-none-eabi/lib/armv7-m/libg.a(lib_a-memmove.o)
 .debug_frame   0x00001b2c      0x268 /home/kripton/Applications/EmbeddedArm/gcc-arm-none-eabi-4_9-2015q2/bin/../lib/gcc/arm-none-eabi/4.9.3/../../../../arm-none-eabi/lib/armv7-m/libg.a(lib_a-mprec.o)
 .debug_frame   0x00001d94       0x58 /home/kripton/Applications/EmbeddedArm/gcc-arm-none-eabi-4_9-2015q2/bin/../lib/gcc/arm-none-eabi/4.9.3/../../../../arm-none-eabi/lib/armv7-m/libg.a(lib_a-reallocr.o)
 .debug_frame   0x00001dec       0x58 /home/kripton/Applications/EmbeddedArm/gcc-arm-none-eabi-4_9-2015q2/bin/../lib/gcc/arm-none-eabi/4.9.3/../../../../arm-none-eabi/lib/armv7-m/libg.a(lib_a-reent.o)
 .debug_frame   0x00001e44       0x34 /home/kripton/Applications/EmbeddedArm/gcc-arm-none-eabi-4_9-2015q2/bin/../lib/gcc/arm-none-eabi/4.9.3/../../../../arm-none-eabi/lib/armv7-m/libg.a(lib_a-s_fpclassify.o)
 .debug_frame   0x00001e78       0x88 /home/kripton/Applications/EmbeddedArm/gcc-arm-none-eabi-4_9-2015q2/bin/../lib/gcc/arm-none-eabi/4.9.3/../../../../arm-none-eabi/lib/armv7-m/libg.a(lib_a-stdio.o)
 .debug_frame   0x00001f00       0xd8 /home/kripton/Applications/EmbeddedArm/gcc-arm-none-eabi-4_9-2015q2/bin/../lib/gcc/arm-none-eabi/4.9.3/../../../../arm-none-eabi/lib/armv7-m/libg.a(lib_a-vfiprintf.o)
 .debug_frame   0x00001fd8       0x2c /home/kripton/Applications/EmbeddedArm/gcc-arm-none-eabi-4_9-2015q2/bin/../lib/gcc/arm-none-eabi/4.9.3/../../../../arm-none-eabi/lib/armv7-m/libg.a(lib_a-writer.o)
 .debug_frame   0x00002004       0x34 /home/kripton/Applications/EmbeddedArm/gcc-arm-none-eabi-4_9-2015q2/bin/../lib/gcc/arm-none-eabi/4.9.3/../../../../arm-none-eabi/lib/armv7-m/libg.a(lib_a-__atexit.o)
 .debug_frame   0x00002038       0x28 /home/kripton/Applications/EmbeddedArm/gcc-arm-none-eabi-4_9-2015q2/bin/../lib/gcc/arm-none-eabi/4.9.3/../../../../arm-none-eabi/lib/armv7-m/libg.a(lib_a-callocr.o)
 .debug_frame   0x00002060       0x2c /home/kripton/Applications/EmbeddedArm/gcc-arm-none-eabi-4_9-2015q2/bin/../lib/gcc/arm-none-eabi/4.9.3/../../../../arm-none-eabi/lib/armv7-m/libg.a(lib_a-closer.o)
 .debug_frame   0x0000208c       0x44 /home/kripton/Applications/EmbeddedArm/gcc-arm-none-eabi-4_9-2015q2/bin/../lib/gcc/arm-none-eabi/4.9.3/../../../../arm-none-eabi/lib/armv7-m/libg.a(lib_a-fclose.o)
 .debug_frame   0x000020d0       0x84 /home/kripton/Applications/EmbeddedArm/gcc-arm-none-eabi-4_9-2015q2/bin/../lib/gcc/arm-none-eabi/4.9.3/../../../../arm-none-eabi/lib/armv7-m/libg.a(lib_a-fputwc.o)
 .debug_frame   0x00002154       0x2c /home/kripton/Applications/EmbeddedArm/gcc-arm-none-eabi-4_9-2015q2/bin/../lib/gcc/arm-none-eabi/4.9.3/../../../../arm-none-eabi/lib/armv7-m/libg.a(lib_a-fstatr.o)
 .debug_frame   0x00002180       0x2c /home/kripton/Applications/EmbeddedArm/gcc-arm-none-eabi-4_9-2015q2/bin/../lib/gcc/arm-none-eabi/4.9.3/../../../../arm-none-eabi/lib/armv7-m/libg.a(lib_a-isattyr.o)
 .debug_frame   0x000021ac       0x2c /home/kripton/Applications/EmbeddedArm/gcc-arm-none-eabi-4_9-2015q2/bin/../lib/gcc/arm-none-eabi/4.9.3/../../../../arm-none-eabi/lib/armv7-m/libg.a(lib_a-lseekr.o)
 .debug_frame   0x000021d8       0x2c /home/kripton/Applications/EmbeddedArm/gcc-arm-none-eabi-4_9-2015q2/bin/../lib/gcc/arm-none-eabi/4.9.3/../../../../arm-none-eabi/lib/armv7-m/libg.a(lib_a-readr.o)
 .debug_frame   0x00002204       0x3c /home/kripton/Applications/EmbeddedArm/gcc-arm-none-eabi-4_9-2015q2/bin/../lib/gcc/arm-none-eabi/4.9.3/../../../../arm-none-eabi/lib/armv7-m/libg.a(lib_a-wbuf.o)
 .debug_frame   0x00002240       0x60 /home/kripton/Applications/EmbeddedArm/gcc-arm-none-eabi-4_9-2015q2/bin/../lib/gcc/arm-none-eabi/4.9.3/../../../../arm-none-eabi/lib/armv7-m/libg.a(lib_a-wcrtomb.o)
 .debug_frame   0x000022a0       0x48 /home/kripton/Applications/EmbeddedArm/gcc-arm-none-eabi-4_9-2015q2/bin/../lib/gcc/arm-none-eabi/4.9.3/../../../../arm-none-eabi/lib/armv7-m/libg.a(lib_a-wctomb_r.o)
 .debug_frame   0x000022e8       0x28 /home/kripton/Applications/EmbeddedArm/gcc-arm-none-eabi-4_9-2015q2/bin/../lib/gcc/arm-none-eabi/4.9.3/armv7-m/libgcc.a(_aeabi_uldivmod.o)
 .debug_frame   0x00002310       0x54 /home/kripton/Applications/EmbeddedArm/gcc-arm-none-eabi-4_9-2015q2/bin/../lib/gcc/arm-none-eabi/4.9.3/armv7-m/libgcc.a(bpabi.o)
 .debug_frame   0x00002364       0x34 /home/kripton/Applications/EmbeddedArm/gcc-arm-none-eabi-4_9-2015q2/bin/../lib/gcc/arm-none-eabi/4.9.3/armv7-m/libgcc.a(_divdi3.o)
 .debug_frame   0x00002398       0x34 /home/kripton/Applications/EmbeddedArm/gcc-arm-none-eabi-4_9-2015q2/bin/../lib/gcc/arm-none-eabi/4.9.3/armv7-m/libgcc.a(_udivdi3.o)

Cross Reference Table

Symbol                                            File
ADC1_2_IRQHandler                                 ./stm_startup/startup_stm32f10x_md.o
AHBPrescTable                                     ./stm_startup/system_stm32f10x.o
AVRFlasher_get_state                              ./src/avr_flasher.o
AVRFlasher_init                                   ./src/avr_flasher.o
AVRFlasher_prog_enable                            ./src/avr_flasher.o
AVRFlasher_reset_disable                          ./src/avr_flasher.o
                                                  ./src/main.o
AVRFlasher_reset_enable                           ./src/avr_flasher.o
                                                  ./src/main.o
AVRFlasher_reset_pulse                            ./src/avr_flasher.o
AVRFlasher_send_command                           ./src/avr_flasher.o
                                                  ./src/main.o
AVRFlasher_start                                  ./src/avr_flasher.o
BusFault_Handler                                  ./stm_startup/startup_stm32f10x_md.o
CAN1_RX1_IRQHandler                               ./stm_startup/startup_stm32f10x_md.o
CAN1_SCE_IRQHandler                               ./stm_startup/startup_stm32f10x_md.o
CLOCK_init                                        ./src/main.o
CircularBuffer_alloc                              ./src/common/CircularBuffer.o
                                                  ./src/main.o
                                                  ./src/avr_flasher.o
CircularBuffer_free                               ./src/common/CircularBuffer.o
CircularBuffer_get                                ./src/common/CircularBuffer.o
                                                  ./src/main.o
                                                  ./src/avr_flasher.o
CircularBuffer_is_empty                           ./src/common/CircularBuffer.o
                                                  ./src/main.o
CircularBuffer_put                                ./src/common/CircularBuffer.o
                                                  ./src/main.o
                                                  ./src/avr_flasher.o
DMA1_Channel1_IRQHandler                          ./stm_startup/startup_stm32f10x_md.o
DMA1_Channel2_IRQHandler                          ./stm_startup/startup_stm32f10x_md.o
DMA1_Channel3_IRQHandler                          ./stm_startup/startup_stm32f10x_md.o
DMA1_Channel4_IRQHandler                          ./stm_startup/startup_stm32f10x_md.o
DMA1_Channel5_IRQHandler                          ./stm_startup/startup_stm32f10x_md.o
DMA1_Channel6_IRQHandler                          ./stm_startup/startup_stm32f10x_md.o
DMA1_Channel7_IRQHandler                          ./stm_startup/startup_stm32f10x_md.o
DebugMon_Handler                                  ./stm_startup/startup_stm32f10x_md.o
Default_Handler                                   ./stm_startup/startup_stm32f10x_md.o
EXTI0_IRQHandler                                  ./stm_startup/startup_stm32f10x_md.o
EXTI15_10_IRQHandler                              ./stm_startup/startup_stm32f10x_md.o
EXTI1_IRQHandler                                  ./stm_startup/startup_stm32f10x_md.o
EXTI2_IRQHandler                                  ./stm_startup/startup_stm32f10x_md.o
EXTI3_IRQHandler                                  ./stm_startup/startup_stm32f10x_md.o
EXTI4_IRQHandler                                  ./stm_startup/startup_stm32f10x_md.o
EXTI9_5_IRQHandler                                ./stm_startup/startup_stm32f10x_md.o
FLASH_IRQHandler                                  ./stm_startup/startup_stm32f10x_md.o
FLASH_erase_page                                  ./src/flash_writer.o
FLASH_is_locked                                   ./src/flash_writer.o
FLASH_lock                                        ./src/flash_writer.o
FLASH_mass_erase                                  ./src/flash_writer.o
FLASH_read                                        ./src/flash_writer.o
FLASH_read_block                                  ./src/flash_writer.o
FLASH_read_word                                   ./src/flash_writer.o
FLASH_ready                                       ./src/flash_writer.o
FLASH_unlock                                      ./src/flash_writer.o
FLASH_write_word                                  ./src/flash_writer.o
GPIO_AFIODeInit                                   ./src/stm32f10x_gpio.o
GPIO_DeInit                                       ./src/stm32f10x_gpio.o
GPIO_ETH_MediaInterfaceConfig                     ./src/stm32f10x_gpio.o
GPIO_EXTILineConfig                               ./src/stm32f10x_gpio.o
GPIO_EventOutputCmd                               ./src/stm32f10x_gpio.o
GPIO_EventOutputConfig                            ./src/stm32f10x_gpio.o
GPIO_Init                                         ./src/stm32f10x_gpio.o
GPIO_PinLockConfig                                ./src/stm32f10x_gpio.o
GPIO_PinRemapConfig                               ./src/stm32f10x_gpio.o
GPIO_ReadInputData                                ./src/stm32f10x_gpio.o
GPIO_ReadInputDataBit                             ./src/stm32f10x_gpio.o
GPIO_ReadOutputData                               ./src/stm32f10x_gpio.o
GPIO_ReadOutputDataBit                            ./src/stm32f10x_gpio.o
GPIO_ResetBits                                    ./src/stm32f10x_gpio.o
GPIO_SetBits                                      ./src/stm32f10x_gpio.o
GPIO_StructInit                                   ./src/stm32f10x_gpio.o
GPIO_Write                                        ./src/stm32f10x_gpio.o
GPIO_WriteBit                                     ./src/stm32f10x_gpio.o
HardFault_Handler                                 ./stm_startup/startup_stm32f10x_md.o
I2C1_ER_IRQHandler                                ./stm_startup/startup_stm32f10x_md.o
I2C1_EV_IRQHandler                                ./stm_startup/startup_stm32f10x_md.o
I2C2_ER_IRQHandler                                ./stm_startup/startup_stm32f10x_md.o
I2C2_EV_IRQHandler                                ./stm_startup/startup_stm32f10x_md.o
LinkedList_add                                    ./src/common/LinkedList.o
                                                  ./src/soft_timers/SoftwareTimer.o
LinkedList_allocate                               ./src/common/LinkedList.o
                                                  ./src/soft_timers/SoftwareTimer.o
LinkedList_free                                   ./src/common/LinkedList.o
LinkedList_remove                                 ./src/common/LinkedList.o
MemManage_Handler                                 ./stm_startup/startup_stm32f10x_md.o
NMI_Handler                                       ./stm_startup/startup_stm32f10x_md.o
PVD_IRQHandler                                    ./stm_startup/startup_stm32f10x_md.o
PendSV_Handler                                    ./stm_startup/startup_stm32f10x_md.o
RCC_ADCCLKConfig                                  ./src/stm32f10x_rcc.o
RCC_AHBPeriphClockCmd                             ./src/stm32f10x_rcc.o
RCC_APB1PeriphClockCmd                            ./src/stm32f10x_rcc.o
RCC_APB1PeriphResetCmd                            ./src/stm32f10x_rcc.o
                                                  ./src/stm32f10x_usart.o
RCC_APB2PeriphClockCmd                            ./src/stm32f10x_rcc.o
RCC_APB2PeriphResetCmd                            ./src/stm32f10x_rcc.o
                                                  ./src/stm32f10x_usart.o
                                                  ./src/stm32f10x_gpio.o
RCC_AdjustHSICalibrationValue                     ./src/stm32f10x_rcc.o
RCC_BackupResetCmd                                ./src/stm32f10x_rcc.o
RCC_ClearFlag                                     ./src/stm32f10x_rcc.o
RCC_ClearITPendingBit                             ./src/stm32f10x_rcc.o
RCC_ClockSecuritySystemCmd                        ./src/stm32f10x_rcc.o
RCC_DeInit                                        ./src/stm32f10x_rcc.o
RCC_GetClocksFreq                                 ./src/stm32f10x_rcc.o
                                                  ./src/stm32f10x_usart.o
RCC_GetFlagStatus                                 ./src/stm32f10x_rcc.o
RCC_GetITStatus                                   ./src/stm32f10x_rcc.o
RCC_GetSYSCLKSource                               ./src/stm32f10x_rcc.o
RCC_HCLKConfig                                    ./src/stm32f10x_rcc.o
RCC_HSEConfig                                     ./src/stm32f10x_rcc.o
RCC_HSICmd                                        ./src/stm32f10x_rcc.o
RCC_IRQHandler                                    ./stm_startup/startup_stm32f10x_md.o
RCC_ITConfig                                      ./src/stm32f10x_rcc.o
RCC_LSEConfig                                     ./src/stm32f10x_rcc.o
RCC_LSICmd                                        ./src/stm32f10x_rcc.o
RCC_MCOConfig                                     ./src/stm32f10x_rcc.o
RCC_PCLK1Config                                   ./src/stm32f10x_rcc.o
RCC_PCLK2Config                                   ./src/stm32f10x_rcc.o
RCC_PLLCmd                                        ./src/stm32f10x_rcc.o
RCC_PLLConfig                                     ./src/stm32f10x_rcc.o
RCC_RTCCLKCmd                                     ./src/stm32f10x_rcc.o
RCC_RTCCLKConfig                                  ./src/stm32f10x_rcc.o
RCC_SYSCLKConfig                                  ./src/stm32f10x_rcc.o
RCC_USBCLKConfig                                  ./src/stm32f10x_rcc.o
RCC_WaitForHSEStartUp                             ./src/stm32f10x_rcc.o
RTCAlarm_IRQHandler                               ./stm_startup/startup_stm32f10x_md.o
RTC_IRQHandler                                    ./stm_startup/startup_stm32f10x_md.o
Reset_Handler                                     ./stm_startup/startup_stm32f10x_md.o
SPI1_IRQHandler                                   ./src/avr_flasher.o
                                                  ./stm_startup/startup_stm32f10x_md.o
SPI2_IRQHandler                                   ./stm_startup/startup_stm32f10x_md.o
SPI_RX_not_empty                                  ./src/spi.o
                                                  ./src/avr_flasher.o
SPI_TX_is_empty                                   ./src/spi.o
SPI_busy                                          ./src/spi.o
SPI_disable                                       ./src/spi.o
SPI_enable                                        ./src/spi.o
                                                  ./src/main.o
                                                  ./src/avr_flasher.o
SPI_init                                          ./src/spi.o
                                                  ./src/main.o
                                                  ./src/avr_flasher.o
SPI_read                                          ./src/spi.o
                                                  ./src/avr_flasher.o
SPI_write                                         ./src/spi.o
                                                  ./src/main.o
                                                  ./src/avr_flasher.o
SVC_Handler                                       ./stm_startup/startup_stm32f10x_md.o
SoftwareTimer2_init                               ./src/soft_timers/SoftwareTimer2.o
                                                  ./src/main.o
SoftwareTimer2_set_duration                       ./src/soft_timers/SoftwareTimer2.o
                                                  ./src/main.o
SoftwareTimer2_start                              ./src/soft_timers/SoftwareTimer2.o
                                                  ./src/main.o
SoftwareTimer2_stop                               ./src/soft_timers/SoftwareTimer2.o
SoftwareTimer_add_cb                              ./src/soft_timers/SoftwareTimer.o
SoftwareTimer_arm                                 ./src/soft_timers/SoftwareTimer.o
                                                  ./src/main.o
SoftwareTimer_init                                ./src/soft_timers/SoftwareTimer.o
                                                  ./src/main.o
SoftwareTimer_start                               ./src/soft_timers/SoftwareTimer.o
                                                  ./src/main.o
SoftwareTimer_tick                                ./src/soft_timers/SoftwareTimer.o
                                                  ./src/soft_timers/SoftwareTimer2.o
SoftwareTimer_wait_for                            ./src/soft_timers/SoftwareTimer.o