Archive member included because of file (symbol)

/home/kripton/Applications/EmbeddedArm/gcc-arm-none-eabi-4_9-2015q2/bin/../lib/gcc/arm-none-eabi/4.9.3/../../../../arm-none-eabi/lib/armv7-m/libg.a(lib_a-exit.o)
                              /home/kripton/Applications/EmbeddedArm/gcc-arm-none-eabi-4_9-2015q2/bin/../lib/gcc/arm-none-eabi/4.9.3/../../../../arm-none-eabi/lib/armv7-m/crt0.o (exit)
/home/kripton/Applications/EmbeddedArm/gcc-arm-none-eabi-4_9-2015q2/bin/../lib/gcc/arm-none-eabi/4.9.3/../../../../arm-none-eabi/lib/armv7-m/libg.a(lib_a-impure.o)
                              /home/kripton/Applications/EmbeddedArm/gcc-arm-none-eabi-4_9-2015q2/bin/../lib/gcc/arm-none-eabi/4.9.3/../../../../arm-none-eabi/lib/armv7-m/libg.a(lib_a-exit.o) (_global_impure_ptr)
/home/kripton/Applications/EmbeddedArm/gcc-arm-none-eabi-4_9-2015q2/bin/../lib/gcc/arm-none-eabi/4.9.3/../../../../arm-none-eabi/lib/armv7-m/libg.a(lib_a-init.o)
                              /home/kripton/Applications/EmbeddedArm/gcc-arm-none-eabi-4_9-2015q2/bin/../lib/gcc/arm-none-eabi/4.9.3/../../../../arm-none-eabi/lib/armv7-m/crt0.o (__libc_init_array)
/home/kripton/Applications/EmbeddedArm/gcc-arm-none-eabi-4_9-2015q2/bin/../lib/gcc/arm-none-eabi/4.9.3/../../../../arm-none-eabi/lib/armv7-m/libg.a(lib_a-malloc.o)
                              ./src/soft_timers/SoftwareTimer.o (malloc)
/home/kripton/Applications/EmbeddedArm/gcc-arm-none-eabi-4_9-2015q2/bin/../lib/gcc/arm-none-eabi/4.9.3/../../../../arm-none-eabi/lib/armv7-m/libg.a(lib_a-mallocr.o)
                              /home/kripton/Applications/EmbeddedArm/gcc-arm-none-eabi-4_9-2015q2/bin/../lib/gcc/arm-none-eabi/4.9.3/../../../../arm-none-eabi/lib/armv7-m/libg.a(lib_a-malloc.o) (_malloc_r)
/home/kripton/Applications/EmbeddedArm/gcc-arm-none-eabi-4_9-2015q2/bin/../lib/gcc/arm-none-eabi/4.9.3/../../../../arm-none-eabi/lib/armv7-m/libg.a(lib_a-memset.o)
                              /home/kripton/Applications/EmbeddedArm/gcc-arm-none-eabi-4_9-2015q2/bin/../lib/gcc/arm-none-eabi/4.9.3/../../../../arm-none-eabi/lib/armv7-m/crt0.o (memset)
/home/kripton/Applications/EmbeddedArm/gcc-arm-none-eabi-4_9-2015q2/bin/../lib/gcc/arm-none-eabi/4.9.3/../../../../arm-none-eabi/lib/armv7-m/libg.a(lib_a-mlock.o)
                              /home/kripton/Applications/EmbeddedArm/gcc-arm-none-eabi-4_9-2015q2/bin/../lib/gcc/arm-none-eabi/4.9.3/../../../../arm-none-eabi/lib/armv7-m/libg.a(lib_a-mallocr.o) (__malloc_lock)
/home/kripton/Applications/EmbeddedArm/gcc-arm-none-eabi-4_9-2015q2/bin/../lib/gcc/arm-none-eabi/4.9.3/../../../../arm-none-eabi/lib/armv7-m/libg.a(lib_a-printf.o)
                              ./src/avr_flasher.o (printf)
/home/kripton/Applications/EmbeddedArm/gcc-arm-none-eabi-4_9-2015q2/bin/../lib/gcc/arm-none-eabi/4.9.3/../../../../arm-none-eabi/lib/armv7-m/libg.a(lib_a-puts.o)
                              ./src/avr_flasher.o (puts)
/home/kripton/Applications/EmbeddedArm/gcc-arm-none-eabi-4_9-2015q2/bin/../lib/gcc/arm-none-eabi/4.9.3/../../../../arm-none-eabi/lib/armv7-m/libg.a(lib_a-sbrkr.o)
                              /home/kripton/Applications/EmbeddedArm/gcc-arm-none-eabi-4_9-2015q2/bin/../lib/gcc/arm-none-eabi/4.9.3/../../../../arm-none-eabi/lib/armv7-m/libg.a(lib_a-mallocr.o) (_sbrk_r)
/home/kripton/Applications/EmbeddedArm/gcc-arm-none-eabi-4_9-2015q2/bin/../lib/gcc/arm-none-eabi/4.9.3/../../../../arm-none-eabi/lib/armv7-m/libg.a(lib_a-strlen.o)
                              /home/kripton/Applications/EmbeddedArm/gcc-arm-none-eabi-4_9-2015q2/bin/../lib/gcc/arm-none-eabi/4.9.3/../../../../arm-none-eabi/lib/armv7-m/libg.a(lib_a-puts.o) (strlen)
/home/kripton/Applications/EmbeddedArm/gcc-arm-none-eabi-4_9-2015q2/bin/../lib/gcc/arm-none-eabi/4.9.3/../../../../arm-none-eabi/lib/armv7-m/libg.a(lib_a-vfprintf.o)
                              /home/kripton/Applications/EmbeddedArm/gcc-arm-none-eabi-4_9-2015q2/bin/../lib/gcc/arm-none-eabi/4.9.3/../../../../arm-none-eabi/lib/armv7-m/libg.a(lib_a-printf.o) (_vfprintf_r)
/home/kripton/Applications/EmbeddedArm/gcc-arm-none-eabi-4_9-2015q2/bin/../lib/gcc/arm-none-eabi/4.9.3/../../../../arm-none-eabi/lib/armv7-m/libg.a(lib_a-wsetup.o)
                              /home/kripton/Applications/EmbeddedArm/gcc-arm-none-eabi-4_9-2015q2/bin/../lib/gcc/arm-none-eabi/4.9.3/../../../../arm-none-eabi/lib/armv7-m/libg.a(lib_a-vfprintf.o) (__swsetup_r)
/home/kripton/Applications/EmbeddedArm/gcc-arm-none-eabi-4_9-2015q2/bin/../lib/gcc/arm-none-eabi/4.9.3/../../../../arm-none-eabi/lib/armv7-m/libg.a(lib_a-__call_atexit.o)
                              /home/kripton/Applications/EmbeddedArm/gcc-arm-none-eabi-4_9-2015q2/bin/../lib/gcc/arm-none-eabi/4.9.3/../../../../arm-none-eabi/lib/armv7-m/libg.a(lib_a-exit.o) (__call_exitprocs)
/home/kripton/Applications/EmbeddedArm/gcc-arm-none-eabi-4_9-2015q2/bin/../lib/gcc/arm-none-eabi/4.9.3/../../../../arm-none-eabi/lib/armv7-m/libg.a(lib_a-atexit.o)
[...]
Memory Configuration

Name             Origin             Length             Attributes
FLASH            0x08000000         0x00020000         xr
RAM              0x20000000         0x00005000         xrw
MEMORY_B1        0x60000000         0x00000000         xr
*default*        0x00000000         0xffffffff

Linker script and memory map

LOAD /home/kripton/Applications/EmbeddedArm/gcc-arm-none-eabi-4_9-2015q2/bin/../lib/gcc/arm-none-eabi/4.9.3/armv7-m/crti.o
LOAD /home/kripton/Applications/EmbeddedArm/gcc-arm-none-eabi-4_9-2015q2/bin/../lib/gcc/arm-none-eabi/4.9.3/armv7-m/crtbegin.o
LOAD /home/kripton/Applications/EmbeddedArm/gcc-arm-none-eabi-4_9-2015q2/bin/../lib/gcc/arm-none-eabi/4.9.3/../../../../arm-none-eabi/lib/armv7-m/crt0.o
LOAD ./stm_startup/startup_stm32f10x_md.o
LOAD ./stm_startup/system_stm32f10x.o
LOAD ./src/soft_timers/SoftwareTimer.o
LOAD ./src/soft_timers/SoftwareTimer2.o
LOAD ./src/common/CircularBuffer.o
LOAD ./src/common/LinkedList.o
LOAD ./src/UART.o
LOAD ./src/avr_flasher.o
LOAD ./src/controller.o
LOAD ./src/flash_writer.o
LOAD ./src/main.o
LOAD ./src/spi.o
LOAD ./src/stm32f10x_gpio.o
LOAD ./src/stm32f10x_rcc.o
LOAD ./src/stm32f10x_usart.o
LOAD ./src/syscalls.o
LOAD ./cmsis_core/core_cm3.o
START GROUP
LOAD /home/kripton/Applications/EmbeddedArm/gcc-arm-none-eabi-4_9-2015q2/bin/../lib/gcc/arm-none-eabi/4.9.3/armv7-m/libgcc.a
LOAD /home/kripton/Applications/EmbeddedArm/gcc-arm-none-eabi-4_9-2015q2/bin/../lib/gcc/arm-none-eabi/4.9.3/../../../../arm-none-eabi/lib/armv7-m/libg.a
LOAD /home/kripton/Applications/ARM_workspace/SPI_stm32f10x/lib/libc.a
END GROUP
LOAD /home/kripton/Applications/EmbeddedArm/gcc-arm-none-eabi-4_9-2015q2/bin/../lib/gcc/arm-none-eabi/4.9.3/armv7-m/crtend.o
LOAD /home/kripton/Applications/EmbeddedArm/gcc-arm-none-eabi-4_9-2015q2/bin/../lib/gcc/arm-none-eabi/4.9.3/armv7-m/crtn.o
                0x20005000                _estack = 0x20005000
                0x00000000                _Min_Heap_Size = 0x0
                0x00000100                _Min_Stack_Size = 0x100

.isr_vector     0x08000000      0x10c
                0x08000000                . = ALIGN (0x4)
 *(.isr_vector)
 .isr_vector    0x08000000      0x10c ./stm_startup/startup_stm32f10x_md.o
                0x08000000                g_pfnVectors
                0x0800010c                . = ALIGN (0x4)

.eh_frame       0x0800010c        0x0
 .eh_frame      0x0800010c        0x0 /home/kripton/Applications/EmbeddedArm/gcc-arm-none-eabi-4_9-2015q2/bin/../lib/gcc/arm-none-eabi/4.9.3/armv7-m/crtbegin.o

.text           0x08000110     0x70c8
                0x08000110                . = ALIGN (0x4)
 *(.text)
 .text          0x08000110       0x5c /home/kripton/Applications/EmbeddedArm/gcc-arm-none-eabi-4_9-2015q2/bin/../lib/gcc/arm-none-eabi/4.9.3/armv7-m/crtbegin.o
 .text          0x0800016c       0xec /home/kripton/Applications/EmbeddedArm/gcc-arm-none-eabi-4_9-2015q2/bin/../lib/gcc/arm-none-eabi/4.9.3/../../../../arm-none-eabi/lib/armv7-m/libg.a(lib_a-memcpy.o)
                0x0800016c                memcpy
 .text          0x08000258      0x370 /home/kripton/Applications/EmbeddedArm/gcc-arm-none-eabi-4_9-2015q2/bin/../lib/gcc/arm-none-eabi/4.9.3/armv7-m/libgcc.a(_arm_addsubdf3.o)
                0x08000258                __aeabi_drsub
                0x08000260                __aeabi_dsub
                0x08000260                __subdf3
                0x08000264                __adddf3
                0x08000264                __aeabi_dadd
                0x080004dc                __aeabi_ui2d
                0x080004dc                __floatunsidf
                0x080004fc                __floatsidf
                0x080004fc                __aeabi_i2d
                0x08000520                __extendsfdf2
                0x08000520                __aeabi_f2d
                0x0800055c                __aeabi_ul2d
                0x0800055c                __floatundidf
                0x0800056c                __floatdidf
                0x0800056c                __aeabi_l2d
 .text          0x080005c8      0x424 /home/kripton/Applications/EmbeddedArm/gcc-arm-none-eabi-4_9-2015q2/bin/../lib/gcc/arm-none-eabi/4.9.3/armv7-m/libgcc.a(_arm_muldivdf3.o)
                0x080005c8                __aeabi_dmul
                0x080005c8                __muldf3
                0x0800081c                __aeabi_ddiv
                0x0800081c                __divdf3
 .text          0x080009ec      0x110 /home/kripton/Applications/EmbeddedArm/gcc-arm-none-eabi-4_9-2015q2/bin/../lib/gcc/arm-none-eabi/4.9.3/armv7-m/libgcc.a(_arm_cmpdf2.o)
                0x080009ec                __gtdf2
                0x080009ec                __gedf2
                0x080009f4                __ltdf2
                0x080009f4                __ledf2
                0x080009fc                __cmpdf2
                0x080009fc                __eqdf2
                0x080009fc                __nedf2
                0x08000a78                __aeabi_cdrcmple
                0x08000a88                __aeabi_cdcmple
                0x08000a88                __aeabi_cdcmpeq
                0x08000a98                __aeabi_dcmpeq
                0x08000aac                __aeabi_dcmplt
                0x08000ac0                __aeabi_dcmple
                0x08000ad4                __aeabi_dcmpge
                0x08000ae8                __aeabi_dcmpgt
 .text          0x08000afc       0x50 /home/kripton/Applications/EmbeddedArm/gcc-arm-none-eabi-4_9-2015q2/bin/../lib/gcc/arm-none-eabi/4.9.3/armv7-m/libgcc.a(_arm_fixdfsi.o)
                0x08000afc                __fixdfsi
                0x08000afc                __aeabi_d2iz
 .text          0x08000b4c       0x30 /home/kripton/Applications/EmbeddedArm/gcc-arm-none-eabi-4_9-2015q2/bin/../lib/gcc/arm-none-eabi/4.9.3/armv7-m/libgcc.a(_aeabi_uldivmod.o)
                0x08000b4c                __aeabi_uldivmod
 .text          0x08000b7c       0x60 /home/kripton/Applications/EmbeddedArm/gcc-arm-none-eabi-4_9-2015q2/bin/../lib/gcc/arm-none-eabi/4.9.3/armv7-m/libgcc.a(bpabi.o)
                0x08000b7c                __gnu_ldivmod_helper
                0x08000bac                __gnu_uldivmod_helper
 .text          0x08000bdc        0x4 /home/kripton/Applications/EmbeddedArm/gcc-arm-none-eabi-4_9-2015q2/bin/../lib/gcc/arm-none-eabi/4.9.3/armv7-m/libgcc.a(_dvmd_tls.o)
                0x08000bdc                __aeabi_ldiv0
                0x08000bdc                __aeabi_idiv0
 .text          0x08000be0      0x2ac /home/kripton/Applications/EmbeddedArm/gcc-arm-none-eabi-4_9-2015q2/bin/../lib/gcc/arm-none-eabi/4.9.3/armv7-m/libgcc.a(_divdi3.o)
                0x08000be0                __divdi3
 .text          0x08000e8c      0x270 /home/kripton/Applications/EmbeddedArm/gcc-arm-none-eabi-4_9-2015q2/bin/../lib/gcc/arm-none-eabi/4.9.3/armv7-m/libgcc.a(_udivdi3.o)
                0x08000e8c                __udivdi3
 *(.text*)
 .text.Reset_Handler
                0x080010fc       0x44 ./stm_startup/startup_stm32f10x_md.o
                0x080010fc                Reset_Handler
 .text.Default_Handler
                0x08001140        0x2 ./stm_startup/startup_stm32f10x_md.o
                0x08001140                EXTI2_IRQHandler
                0x08001140                DebugMon_Handler
                0x08001140                TIM1_CC_IRQHandler
                0x08001140                HardFault_Handler
                0x08001140                SysTick_Handler
                0x08001140                PVD_IRQHandler
                0x08001140                PendSV_Handler
                0x08001140                NMI_Handler
                0x08001140                EXTI3_IRQHandler
                0x08001140                EXTI0_IRQHandler
                0x08001140                I2C2_EV_IRQHandler
                0x08001140                UsageFault_Handler
                0x08001140                ADC1_2_IRQHandler
                0x08001140                TAMPER_IRQHandler
                0x08001140                DMA1_Channel4_IRQHandler
                0x08001140                RTC_IRQHandler
                0x08001140                DMA1_Channel7_IRQHandler
                0x08001140                CAN1_RX1_IRQHandler
                0x08001140                TIM4_IRQHandler
                0x08001140                I2C1_EV_IRQHandler
                0x08001140                DMA1_Channel6_IRQHandler
                0x08001140                TIM3_IRQHandler
                0x08001140                RCC_IRQHandler
                0x08001140                TIM1_TRG_COM_IRQHandler
                0x08001140                DMA1_Channel1_IRQHandler
                0x08001140                Default_Handler
                0x08001140                EXTI15_10_IRQHandler
                0x08001140                EXTI9_5_IRQHandler
                0x08001140                SPI2_IRQHandler
                0x08001140                MemManage_Handler
                0x08001140                SVC_Handler
                0x08001140                DMA1_Channel5_IRQHandler
                0x08001140                EXTI4_IRQHandler
                0x08001140                USB_LP_CAN1_RX0_IRQHandler
                0x08001140                USB_HP_CAN1_TX_IRQHandler
                0x08001140                DMA1_Channel3_IRQHandler
                0x08001140                WWDG_IRQHandler
                0x08001140                TIM1_BRK_IRQHandler
                0x08001140                EXTI1_IRQHandler
                0x08001140                RTCAlarm_IRQHandler
                0x08001140                USART2_IRQHandler
                0x08001140                I2C2_ER_IRQHandler
                0x08001140                DMA1_Channel2_IRQHandler
                0x08001140                CAN1_SCE_IRQHandler
                0x08001140                FLASH_IRQHandler
                0x08001140                BusFault_Handler
                0x08001140                USART1_IRQHandler
                0x08001140                I2C1_ER_IRQHandler
                0x08001140                USBWakeUp_IRQHandler
 *fill*         0x08001142        0x2 
 .text.SystemInit
                0x08001144       0x68 ./stm_startup/system_stm32f10x.o
                0x08001144                SystemInit
 .text.SetSysClock
                0x080011ac        0xc ./stm_startup/system_stm32f10x.o
 .text.SetSysClockTo72
                0x080011b8      0x100 ./stm_startup/system_stm32f10x.o
 .text.SoftwareTimer_init
                0x080012b8       0x30 ./src/soft_timers/SoftwareTimer.o
                0x080012b8                SoftwareTimer_init
 .text.SoftwareTimer_arm
                0x080012e8       0x30 ./src/soft_timers/SoftwareTimer.o
                0x080012e8                SoftwareTimer_arm
 .text.SoftwareTimer_start
                0x08001318       0x98 ./src/soft_timers/SoftwareTimer.o
                0x08001318                SoftwareTimer_start
 .text.SoftwareTimer_tick
                0x080013b0       0xf4 ./src/soft_timers/SoftwareTimer.o
                0x080013b0                SoftwareTimer_tick
 .text.SoftwareTimer_wait_for
                0x080014a4       0x30 ./src/soft_timers/SoftwareTimer.o
                0x080014a4                SoftwareTimer_wait_for
 .text.NVIC_EnableIRQ
                0x080014d4       0x30 ./src/soft_timers/SoftwareTimer2.o
 .text.SoftwareTimer2_init
                0x08001504       0x50 ./src/soft_timers/SoftwareTimer2.o
                0x08001504                SoftwareTimer2_init
 .text.SoftwareTimer2_start
                0x08001554       0x20 ./src/soft_timers/SoftwareTimer2.o
                0x08001554                SoftwareTimer2_start
 .text.SoftwareTimer2_set_duration
                0x08001574       0x1c ./src/soft_timers/SoftwareTimer2.o
                0x08001574                SoftwareTimer2_set_duration
 .text.TIM2_IRQHandler
                0x08001590       0x34 ./src/soft_timers/SoftwareTimer2.o
                0x08001590                TIM2_IRQHandler
 .text.CircularBuffer_put
                0x080015c4       0x4c ./src/common/CircularBuffer.o
                0x080015c4                CircularBuffer_put
 .text.CircularBuffer_get
                0x08001610       0x6c ./src/common/CircularBuffer.o
                0x08001610                CircularBuffer_get
 .text.LinkedList_allocate
                0x0800167c       0x20 ./src/common/LinkedList.o
                0x0800167c                LinkedList_allocate
 .text.LinkedList_add
                0x0800169c       0xa8 ./src/common/LinkedList.o
                0x0800169c                LinkedList_add
 .text.USART1_init
                0x08001744       0x98 ./src/UART.o
                0x08001744                USART1_init
 .text.USART3_init
                0x080017dc       0x98 ./src/UART.o
                0x080017dc                USART3_init
 .text.USART3_read
                0x08001874       0x58 ./src/UART.o
                0x08001874                USART3_read
 .text.USART3_is_empty
                0x080018cc       0x20 ./src/UART.o
                0x080018cc                USART3_is_empty
 .text.USART3_IRQHandler
                0x080018ec       0x60 ./src/UART.o
                0x080018ec                USART3_IRQHandler
 .text.USART_SendArray
                0x0800194c       0x48 ./src/UART.o
                0x0800194c                USART_SendArray
 .text.AVRFlasher_send_command
                0x08001994       0x5c ./src/avr_flasher.o
                0x08001994                AVRFlasher_send_command
 .text.TIM1_UP_IRQHandler
                0x080019f0       0x74 ./src/avr_flasher.o
                0x080019f0                TIM1_UP_IRQHandler
 .text.SPI1_IRQHandler
                0x08001a64       0xa4 ./src/avr_flasher.o
                0x08001a64                SPI1_IRQHandler
 .text.AVRFlasher_reset_enable
                0x08001b08       0x1c ./src/avr_flasher.o
                0x08001b08                AVRFlasher_reset_enable
 .text.CONTROLLER_init
                0x08001b24       0x64 ./src/controller.o
                0x08001b24                CONTROLLER_init
 .text.CONTROLLER_perform_action
                0x08001b88       0x28 ./src/controller.o
                0x08001b88                CONTROLLER_perform_action
 .text.CONTROLLER_get_state
                0x08001bb0       0x18 ./src/controller.o
                0x08001bb0                CONTROLLER_get_state
 .text.CONTROLLER_state_ready
                0x08001bc8       0xf8 ./src/controller.o
 .text.CONTROLLER_state_read_init
                0x08001cc0        0xc ./src/controller.o
 .text.CONTROLLER_state_read_cmd
                0x08001ccc       0xfc ./src/controller.o
 .text.CONTROLLER_state_send_cmd
                0x08001dc8       0x80 ./src/controller.o
 .text.CONTROLLER_clear_error
                0x08001e48       0x48 ./src/controller.o
                0x08001e48                CONTROLLER_clear_error
 .text.update_write_pointer
                0x08001e90       0x28 ./src/controller.o
 .text.update_read_pointer
                0x08001eb8       0x28 ./src/controller.o
 .text.__enable_irq
                0x08001ee0       0x10 ./src/main.o
 .text.NVIC_EnableIRQ
                0x08001ef0       0x30 ./src/main.o
 .text.main     0x08001f20       0xac ./src/main.o
                0x08001f20                main
 .text.CLOCK_init
                0x08001fcc       0x30 ./src/main.o
                0x08001fcc                CLOCK_init
 .text.gpio_init
                0x08001ffc       0xf8 ./src/main.o
 .text.SPI_init
                0x080020f4       0xa8 ./src/spi.o
                0x080020f4                SPI_init
 .text.SPI_enable
                0x0800219c       0x24 ./src/spi.o
                0x0800219c                SPI_enable
 .text.SPI_write
                0x080021c0       0x30 ./src/spi.o
                0x080021c0                SPI_write
 .text.SPI_read
                0x080021f0       0x1c ./src/spi.o
                0x080021f0                SPI_read
 .text.RCC_GetClocksFreq
                0x0800220c      0x164 ./src/stm32f10x_rcc.o
                0x0800220c                RCC_GetClocksFreq
 .text.USART_Init
                0x08002370      0x174 ./src/stm32f10x_usart.o
                0x08002370                USART_Init
 .text.USART_StructInit
                0x080024e4       0x38 ./src/stm32f10x_usart.o
                0x080024e4                USART_StructInit
 .text.USART_Cmd
                0x0800251c       0x40 ./src/stm32f10x_usart.o
                0x0800251c                USART_Cmd
 .text.USART_ITConfig
                0x0800255c       0x90 ./src/stm32f10x_usart.o
                0x0800255c                USART_ITConfig
 .text.USART_SendData
                0x080025ec       0x24 ./src/stm32f10x_usart.o
                0x080025ec                USART_SendData
 .text.USART_ReceiveData
                0x08002610       0x20 ./src/stm32f10x_usart.o
                0x08002610                USART_ReceiveData
 .text.USART_GetFlagStatus
                0x08002630       0x38 ./src/stm32f10x_usart.o
                0x08002630                USART_GetFlagStatus
 .text.USART_GetITStatus
                0x08002668       0xb8 ./src/stm32f10x_usart.o
                0x08002668                USART_GetITStatus
 .text._sbrk    0x08002720       0x40 ./src/syscalls.o
                0x08002720                _sbrk
 .text._close   0x08002760       0x18 ./src/syscalls.o
                0x08002760                _close
 .text._fstat   0x08002778       0x20 ./src/syscalls.o
                0x08002778                _fstat
 .text._isatty  0x08002798       0x18 ./src/syscalls.o
                0x08002798                _isatty
 .text._lseek   0x080027b0       0x1c ./src/syscalls.o
                0x080027b0                _lseek
 .text._read    0x080027cc       0x1c ./src/syscalls.o
                0x080027cc                _read
 .text._write   0x080027e8       0x50 ./src/syscalls.o
                0x080027e8                _write
 .text.malloc   0x08002838       0x10 /home/kripton/Applications/EmbeddedArm/gcc-arm-none-eabi-4_9-2015q2/bin/../lib/gcc/arm-none-eabi/4.9.3/../../../../arm-none-eabi/lib/armv7-m/libg.a(lib_a-malloc.o)
                0x08002838                malloc
 .text.free     0x08002848       0x10 /home/kripton/Applications/EmbeddedArm/gcc-arm-none-eabi-4_9-2015q2/bin/../lib/gcc/arm-none-eabi/4.9.3/../../../../arm-none-eabi/lib/armv7-m/libg.a(lib_a-malloc.o)
                0x08002848                free
 .text._malloc_r
                0x08002858      0x50c /home/kripton/Applications/EmbeddedArm/gcc-arm-none-eabi-4_9-2015q2/bin/../lib/gcc/arm-none-eabi/4.9.3/../../../../arm-none-eabi/lib/armv7-m/libg.a(lib_a-mallocr.o)
                0x08002858                _malloc_r
 .text.memset   0x08002d64       0x9c /home/kripton/Applications/EmbeddedArm/gcc-arm-none-eabi-4_9-2015q2/bin/../lib/gcc/arm-none-eabi/4.9.3/../../../../arm-none-eabi/lib/armv7-m/libg.a(lib_a-memset.o)
                0x08002d64                memset
 .text.__malloc_lock
                0x08002e00        0x4 /home/kripton/Applications/EmbeddedArm/gcc-arm-none-eabi-4_9-2015q2/bin/../lib/gcc/arm-none-eabi/4.9.3/../../../../arm-none-eabi/lib/armv7-m/libg.a(lib_a-mlock.o)
                0x08002e00                __malloc_lock
 .text.__malloc_unlock
                0x08002e04        0x4 /home/kripton/Applications/EmbeddedArm/gcc-arm-none-eabi-4_9-2015q2/bin/../lib/gcc/arm-none-eabi/4.9.3/../../../../arm-none-eabi/lib/armv7-m/libg.a(lib_a-mlock.o)
                0x08002e04                __malloc_unlock
 .text.printf   0x08002e08       0x28 /home/kripton/Applications/EmbeddedArm/gcc-arm-none-eabi-4_9-2015q2/bin/../lib/gcc/arm-none-eabi/4.9.3/../../../../arm-none-eabi/lib/armv7-m/libg.a(lib_a-printf.o)
                0x08002e08                printf
 .text._puts_r  0x08002e30       0x60 /home/kripton/Applications/EmbeddedArm/gcc-arm-none-eabi-4_9-2015q2/bin/../lib/gcc/arm-none-eabi/4.9.3/../../../../arm-none-eabi/lib/armv7-m/libg.a(lib_a-puts.o)
                0x08002e30                _puts_r
 .text.puts     0x08002e90       0x10 /home/kripton/Applications/EmbeddedArm/gcc-arm-none-eabi-4_9-2015q2/bin/../lib/gcc/arm-none-eabi/4.9.3/../../../../arm-none-eabi/lib/armv7-m/libg.a(lib_a-puts.o)
                0x08002e90                puts
 .text._sbrk_r  0x08002ea0       0x24 /home/kripton/Applications/EmbeddedArm/gcc-arm-none-eabi-4_9-2015q2/bin/../lib/gcc/arm-none-eabi/4.9.3/../../../../arm-none-eabi/lib/armv7-m/libg.a(lib_a-sbrkr.o)
                0x08002ea0                _sbrk_r
 .text.strlen   0x08002ec4       0x5c /home/kripton/Applications/EmbeddedArm/gcc-arm-none-eabi-4_9-2015q2/bin/../lib/gcc/arm-none-eabi/4.9.3/../../../../arm-none-eabi/lib/armv7-m/libg.a(lib_a-strlen.o)
                0x08002ec4                strlen
 .text._vfprintf_r
                0x08002f20     0x1448 /home/kripton/Applications/EmbeddedArm/gcc-arm-none-eabi-4_9-2015q2/bin/../lib/gcc/arm-none-eabi/4.9.3/../../../../arm-none-eabi/lib/armv7-m/libg.a(lib_a-vfprintf.o)
                0x08002f20                _vfprintf_r
 .text.__sbprintf
                0x08004368       0x7c /home/kripton/Applications/EmbeddedArm/gcc-arm-none-eabi-4_9-2015q2/bin/../lib/gcc/arm-none-eabi/4.9.3/../../../../arm-none-eabi/lib/armv7-m/libg.a(lib_a-vfprintf.o)
 .text.__swsetup_r
                0x080043e4       0xc4 /home/kripton/Applications/EmbeddedArm/gcc-arm-none-eabi-4_9-2015q2/bin/../lib/gcc/arm-none-eabi/4.9.3/../../../../arm-none-eabi/lib/armv7-m/libg.a(lib_a-wsetup.o)
                0x080043e4                __swsetup_r
 .text.startup.register_fini
                0x080044a8       0x14 /home/kripton/Applications/EmbeddedArm/gcc-arm-none-eabi-4_9-2015q2/bin/../lib/gcc/arm-none-eabi/4.9.3/../../../../arm-none-eabi/lib/armv7-m/libg.a(lib_a-__call_atexit.o)
 .text.atexit   0x080044bc        0xc /home/kripton/Applications/EmbeddedArm/gcc-arm-none-eabi-4_9-2015q2/bin/../lib/gcc/arm-none-eabi/4.9.3/../../../../arm-none-eabi/lib/armv7-m/libg.a(lib_a-atexit.o)
                0x080044bc                atexit
 .text.quorem   0x080044c8      0x130 /home/kripton/Applications/EmbeddedArm/gcc-arm-none-eabi-4_9-2015q2/bin/../lib/gcc/arm-none-eabi/4.9.3/../../../../arm-none-eabi/lib/armv7-m/libg.a(lib_a-dtoa.o)
 .text._dtoa_r  0x080045f8      0xea4 /home/kripton/Applications/EmbeddedArm/gcc-arm-none-eabi-4_9-2015q2/bin/../lib/gcc/arm-none-eabi/4.9.3/../../../../arm-none-eabi/lib/armv7-m/libg.a(lib_a-dtoa.o)
                0x080045f8                _dtoa_r
 .text.__sflush_r
                0x0800549c      0x148 /home/kripton/Applications/EmbeddedArm/gcc-arm-none-eabi-4_9-2015q2/bin/../lib/gcc/arm-none-eabi/4.9.3/../../../../arm-none-eabi/lib/armv7-m/libg.a(lib_a-fflush.o)
                0x0800549c                __sflush_r
 .text._fflush_r
                0x080055e4       0x2c /home/kripton/Applications/EmbeddedArm/gcc-arm-none-eabi-4_9-2015q2/bin/../lib/gcc/arm-none-eabi/4.9.3/../../../../arm-none-eabi/lib/armv7-m/libg.a(lib_a-fflush.o)
                0x080055e4                _fflush_r
 .text._cleanup_r
                0x08005610        0xc /home/kripton/Applications/EmbeddedArm/gcc-arm-none-eabi-4_9-2015q2/bin/../lib/gcc/arm-none-eabi/4.9.3/../../../../arm-none-eabi/lib/armv7-m/libg.a(lib_a-findfp.o)
                0x08005610                _cleanup_r
 .text.__sinit.part.1
                0x0800561c       0xf0 /home/kripton/Applications/EmbeddedArm/gcc-arm-none-eabi-4_9-2015q2/bin/../lib/gcc/arm-none-eabi/4.9.3/../../../../arm-none-eabi/lib/armv7-m/libg.a(lib_a-findfp.o)
 .text.__sinit  0x0800570c        0xc /home/kripton/Applications/EmbeddedArm/gcc-arm-none-eabi-4_9-2015q2/bin/../lib/gcc/arm-none-eabi/4.9.3/../../../../arm-none-eabi/lib/armv7-m/libg.a(lib_a-findfp.o)
                0x0800570c                __sinit
 .text.__sfp_lock_acquire
                0x08005718        0x4 /home/kripton/Applications/EmbeddedArm/gcc-arm-none-eabi-4_9-2015q2/bin/../lib/gcc/arm-none-eabi/4.9.3/../../../../arm-none-eabi/lib/armv7-m/libg.a(lib_a-findfp.o)
                0x08005718                __sfp_lock_acquire
 .text.__sfp_lock_release
                0x0800571c        0x4 /home/kripton/Applications/EmbeddedArm/gcc-arm-none-eabi-4_9-2015q2/bin/../lib/gcc/arm-none-eabi/4.9.3/../../../../arm-none-eabi/lib/armv7-m/libg.a(lib_a-findfp.o)
                0x0800571c                __sfp_lock_release
 .text.__libc_fini_array
                0x08005720       0x2c /home/kripton/Applications/EmbeddedArm/gcc-arm-none-eabi-4_9-2015q2/bin/../lib/gcc/arm-none-eabi/4.9.3/../../../../arm-none-eabi/lib/armv7-m/libg.a(lib_a-fini.o)
                0x08005720                __libc_fini_array
 .text._malloc_trim_r
                0x0800574c       0x9c /home/kripton/Applications/EmbeddedArm/gcc-arm-none-eabi-4_9-2015q2/bin/../lib/gcc/arm-none-eabi/4.9.3/../../../../arm-none-eabi/lib/armv7-m/libg.a(lib_a-freer.o)
                0x0800574c                _malloc_trim_r
 .text._free_r  0x080057e8      0x1b0 /home/kripton/Applications/EmbeddedArm/gcc-arm-none-eabi-4_9-2015q2/bin/../lib/gcc/arm-none-eabi/4.9.3/../../../../arm-none-eabi/lib/armv7-m/libg.a(lib_a-freer.o)
                0x080057e8                _free_r
 .text.__sfvwrite_r
                0x08005998      0x320 /home/kripton/Applications/EmbeddedArm/gcc-arm-none-eabi-4_9-2015q2/bin/../lib/gcc/arm-none-eabi/4.9.3/../../../../arm-none-eabi/lib/armv7-m/libg.a(lib_a-fvwrite.o)
                0x08005998                __sfvwrite_r
 .text._fwalk_reent
                0x08005cb8       0x50 /home/kripton/Applications/EmbeddedArm/gcc-arm-none-eabi-4_9-2015q2/bin/../lib/gcc/arm-none-eabi/4.9.3/../../../../arm-none-eabi/lib/armv7-m/libg.a(lib_a-fwalk.o)
                0x08005cb8                _fwalk_reent
 .text.__locale_charset
                0x08005d08        0x8 /home/kripton/Applications/EmbeddedArm/gcc-arm-none-eabi-4_9-2015q2/bin/../lib/gcc/arm-none-eabi/4.9.3/../../../../arm-none-eabi/lib/armv7-m/libg.a(lib_a-locale.o)
                0x08005d08                __locale_charset
 .text.__locale_mb_cur_max
                0x08005d10        0xc /home/kripton/Applications/EmbeddedArm/gcc-arm-none-eabi-4_9-2015q2/bin/../lib/gcc/arm-none-eabi/4.9.3/../../../../arm-none-eabi/lib/armv7-m/libg.a(lib_a-locale.o)
                0x08005d10                __locale_mb_cur_max
 .text._localeconv_r
                0x08005d1c        0x8 /home/kripton/Applications/EmbeddedArm/gcc-arm-none-eabi-4_9-2015q2/bin/../lib/gcc/arm-none-eabi/4.9.3/../../../../arm-none-eabi/lib/armv7-m/libg.a(lib_a-locale.o)
                0x08005d1c                _localeconv_r
 .text.__smakebuf_r
                0x08005d24       0xe0 /home/kripton/Applications/EmbeddedArm/gcc-arm-none-eabi-4_9-2015q2/bin/../lib/gcc/arm-none-eabi/4.9.3/../../../../arm-none-eabi/lib/armv7-m/libg.a(lib_a-makebuf.o)
                0x08005d24                __smakebuf_r
 .text.memchr   0x08005e04       0x94 /home/kripton/Applications/EmbeddedArm/gcc-arm-none-eabi-4_9-2015q2/bin/../lib/gcc/arm-none-eabi/4.9.3/../../../../arm-none-eabi/lib/armv7-m/libg.a(lib_a-memchr.o)
                0x08005e04                memchr
 .text.memmove  0x08005e98       0xc8 /home/kripton/Applications/EmbeddedArm/gcc-arm-none-eabi-4_9-2015q2/bin/../lib/gcc/arm-none-eabi/4.9.3/../../../../arm-none-eabi/lib/armv7-m/libg.a(lib_a-memmove.o)
                0x08005e98                memmove
 .text._Balloc  0x08005f60       0x50 /home/kripton/Applications/EmbeddedArm/gcc-arm-none-eabi-4_9-2015q2/bin/../lib/gcc/arm-none-eabi/4.9.3/../../../../arm-none-eabi/lib/armv7-m/libg.a(lib_a-mprec.o)
                0x08005f60                _Balloc
 .text._Bfree   0x08005fb0       0x14 /home/kripton/Applications/EmbeddedArm/gcc-arm-none-eabi-4_9-2015q2/bin/../lib/gcc/arm-none-eabi/4.9.3/../../../../arm-none-eabi/lib/armv7-m/libg.a(lib_a-mprec.o)
                0x08005fb0                _Bfree
 .text.__multadd
                0x08005fc4       0x84 /home/kripton/Applications/EmbeddedArm/gcc-arm-none-eabi-4_9-2015q2/bin/../lib/gcc/arm-none-eabi/4.9.3/../../../../arm-none-eabi/lib/armv7-m/libg.a(lib_a-mprec.o)
                0x08005fc4                __multadd
 .text.__hi0bits
                0x08006048       0x40 /home/kripton/Applications/EmbeddedArm/gcc-arm-none-eabi-4_9-2015q2/bin/../lib/gcc/arm-none-eabi/4.9.3/../../../../arm-none-eabi/lib/armv7-m/libg.a(lib_a-mprec.o)
                0x08006048                __hi0bits
 .text.__lo0bits
                0x08006088       0x5c /home/kripton/Applications/EmbeddedArm/gcc-arm-none-eabi-4_9-2015q2/bin/../lib/gcc/arm-none-eabi/4.9.3/../../../../arm-none-eabi/lib/armv7-m/libg.a(lib_a-mprec.o)
                0x08006088                __lo0bits
 .text.__i2b    0x080060e4       0x14 /home/kripton/Applications/EmbeddedArm/gcc-arm-none-eabi-4_9-2015q2/bin/../lib/gcc/arm-none-eabi/4.9.3/../../../../arm-none-eabi/lib/armv7-m/libg.a(lib_a-mprec.o)
                0x080060e4                __i2b
 .text.__multiply
                0x080060f8      0x140 /home/kripton/Applications/EmbeddedArm/gcc-arm-none-eabi-4_9-2015q2/bin/../lib/gcc/arm-none-eabi/4.9.3/../../../../arm-none-eabi/lib/armv7-m/libg.a(lib_a-mprec.o)
                0x080060f8                __multiply
 .text.__pow5mult
                0x08006238       0xa0 /home/kripton/Applications/EmbeddedArm/gcc-arm-none-eabi-4_9-2015q2/bin/../lib/gcc/arm-none-eabi/4.9.3/../../../../arm-none-eabi/lib/armv7-m/libg.a(lib_a-mprec.o)
                0x08006238                __pow5mult
 .text.__lshift
                0x080062d8       0xb0 /home/kripton/Applications/EmbeddedArm/gcc-arm-none-eabi-4_9-2015q2/bin/../lib/gcc/arm-none-eabi/4.9.3/../../../../arm-none-eabi/lib/armv7-m/libg.a(lib_a-mprec.o)
                0x080062d8                __lshift
 .text.__mcmp   0x08006388       0x48 /home/kripton/Applications/EmbeddedArm/gcc-arm-none-eabi-4_9-2015q2/bin/../lib/gcc/arm-none-eabi/4.9.3/../../../../arm-none-eabi/lib/armv7-m/libg.a(lib_a-mprec.o)
                0x08006388                __mcmp
 .text.__mdiff  0x080063d0       0xe4 /home/kripton/Applications/EmbeddedArm/gcc-arm-none-eabi-4_9-2015q2/bin/../lib/gcc/arm-none-eabi/4.9.3/../../../../arm-none-eabi/lib/armv7-m/libg.a(lib_a-mprec.o)
                0x080063d0                __mdiff
 .text.__d2b    0x080064b4       0xa8 /home/kripton/Applications/EmbeddedArm/gcc-arm-none-eabi-4_9-2015q2/bin/../lib/gcc/arm-none-eabi/4.9.3/../../../../arm-none-eabi/lib/armv7-m/libg.a(lib_a-mprec.o)
                0x080064b4                __d2b
 .text._realloc_r
                0x0800655c      0x3e0 /home/kripton/Applications/EmbeddedArm/gcc-arm-none-eabi-4_9-2015q2/bin/../lib/gcc/arm-none-eabi/4.9.3/../../../../arm-none-eabi/lib/armv7-m/libg.a(lib_a-reallocr.o)
                0x0800655c                _realloc_r
 .text.__fpclassifyd
                0x0800693c       0x58 /home/kripton/Applications/EmbeddedArm/gcc-arm-none-eabi-4_9-2015q2/bin/../lib/gcc/arm-none-eabi/4.9.3/../../../../arm-none-eabi/lib/armv7-m/libg.a(lib_a-s_fpclassify.o)
                0x0800693c                __fpclassifyd
 .text.__sread  0x08006994       0x24 /home/kripton/Applications/EmbeddedArm/gcc-arm-none-eabi-4_9-2015q2/bin/../lib/gcc/arm-none-eabi/4.9.3/../../../../arm-none-eabi/lib/armv7-m/libg.a(lib_a-stdio.o)
                0x08006994                __sread
 .text.__swrite
                0x080069b8       0x38 /home/kripton/Applications/EmbeddedArm/gcc-arm-none-eabi-4_9-2015q2/bin/../lib/gcc/arm-none-eabi/4.9.3/../../../../arm-none-eabi/lib/armv7-m/libg.a(lib_a-stdio.o)
                0x080069b8                __swrite
 .text.__sseek  0x080069f0       0x20 /home/kripton/Applications/EmbeddedArm/gcc-arm-none-eabi-4_9-2015q2/bin/../lib/gcc/arm-none-eabi/4.9.3/../../../../arm-none-eabi/lib/armv7-m/libg.a(lib_a-stdio.o)
                0x080069f0                __sseek
 .text.__sclose
                0x08006a10        0x8 /home/kripton/Applications/EmbeddedArm/gcc-arm-none-eabi-4_9-2015q2/bin/../lib/gcc/arm-none-eabi/4.9.3/../../../../arm-none-eabi/lib/armv7-m/libg.a(lib_a-stdio.o)
                0x08006a10                __sclose
 .text.__sprint_r.part.0
                0x08006a18       0x78 /home/kripton/Applications/EmbeddedArm/gcc-arm-none-eabi-4_9-2015q2/bin/../lib/gcc/arm-none-eabi/4.9.3/../../../../arm-none-eabi/lib/armv7-m/libg.a(lib_a-vfiprintf.o)
 .text.__sprint_r
                0x08006a90       0x18 /home/kripton/Applications/EmbeddedArm/gcc-arm-none-eabi-4_9-2015q2/bin/../lib/gcc/arm-none-eabi/4.9.3/../../../../arm-none-eabi/lib/armv7-m/libg.a(lib_a-vfiprintf.o)
                0x08006a90                __sprint_r
 .text._write_r
                0x08006aa8       0x28 /home/kripton/Applications/EmbeddedArm/gcc-arm-none-eabi-4_9-2015q2/bin/../lib/gcc/arm-none-eabi/4.9.3/../../../../arm-none-eabi/lib/armv7-m/libg.a(lib_a-writer.o)
                0x08006aa8                _write_r
 .text.__register_exitproc
                0x08006ad0       0xa4 /home/kripton/Applications/EmbeddedArm/gcc-arm-none-eabi-4_9-2015q2/bin/../lib/gcc/arm-none-eabi/4.9.3/../../../../arm-none-eabi/lib/armv7-m/libg.a(lib_a-__atexit.o)
                0x08006ad0                __register_exitproc
 .text._calloc_r
                0x08006b74       0x60 /home/kripton/Applications/EmbeddedArm/gcc-arm-none-eabi-4_9-2015q2/bin/../lib/gcc/arm-none-eabi/4.9.3/../../../../arm-none-eabi/lib/armv7-m/libg.a(lib_a-callocr.o)
                0x08006b74                _calloc_r
 .text._close_r
                0x08006bd4       0x24 /home/kripton/Applications/EmbeddedArm/gcc-arm-none-eabi-4_9-2015q2/bin/../lib/gcc/arm-none-eabi/4.9.3/../../../../arm-none-eabi/lib/armv7-m/libg.a(lib_a-closer.o)
                0x08006bd4                _close_r
 .text._fclose_r
                0x08006bf8       0x84 /home/kripton/Applications/EmbeddedArm/gcc-arm-none-eabi-4_9-2015q2/bin/../lib/gcc/arm-none-eabi/4.9.3/../../../../arm-none-eabi/lib/armv7-m/libg.a(lib_a-fclose.o)
                0x08006bf8                _fclose_r
 .text.__fputwc
                0x08006c7c       0xb0 /home/kripton/Applications/EmbeddedArm/gcc-arm-none-eabi-4_9-2015q2/bin/../lib/gcc/arm-none-eabi/4.9.3/../../../../arm-none-eabi/lib/armv7-m/libg.a(lib_a-fputwc.o)
                0x08006c7c                __fputwc
 .text._fputwc_r
                0x08006d2c       0x24 /home/kripton/Applications/EmbeddedArm/gcc-arm-none-eabi-4_9-2015q2/bin/../lib/gcc/arm-none-eabi/4.9.3/../../../../arm-none-eabi/lib/armv7-m/libg.a(lib_a-fputwc.o)
                0x08006d2c                _fputwc_r
 .text._fstat_r
                0x08006d50       0x28 /home/kripton/Applications/EmbeddedArm/gcc-arm-none-eabi-4_9-2015q2/bin/../lib/gcc/arm-none-eabi/4.9.3/../../../../arm-none-eabi/lib/armv7-m/libg.a(lib_a-fstatr.o)
                0x08006d50                _fstat_r
 .text._isatty_r
                0x08006d78       0x24 /home/kripton/Applications/EmbeddedArm/gcc-arm-none-eabi-4_9-2015q2/bin/../lib/gcc/arm-none-eabi/4.9.3/../../../../arm-none-eabi/lib/armv7-m/libg.a(lib_a-isattyr.o)
                0x08006d78                _isatty_r
 .text._lseek_r
                0x08006d9c       0x28 /home/kripton/Applications/EmbeddedArm/gcc-arm-none-eabi-4_9-2015q2/bin/../lib/gcc/arm-none-eabi/4.9.3/../../../../arm-none-eabi/lib/armv7-m/libg.a(lib_a-lseekr.o)
                0x08006d9c                _lseek_r
 .text._read_r  0x08006dc4       0x28 /home/kripton/Applications/EmbeddedArm/gcc-arm-none-eabi-4_9-2015q2/bin/../lib/gcc/arm-none-eabi/4.9.3/../../../../arm-none-eabi/lib/armv7-m/libg.a(lib_a-readr.o)
                0x08006dc4                _read_r
 .text.__swbuf_r
                0x08006dec       0xa8 /home/kripton/Applications/EmbeddedArm/gcc-arm-none-eabi-4_9-2015q2/bin/../lib/gcc/arm-none-eabi/4.9.3/../../../../arm-none-eabi/lib/armv7-m/libg.a(lib_a-wbuf.o)
                0x08006dec                __swbuf_r
 .text._wcrtomb_r
                0x08006e94       0x54 /home/kripton/Applications/EmbeddedArm/gcc-arm-none-eabi-4_9-2015q2/bin/../lib/gcc/arm-none-eabi/4.9.3/../../../../arm-none-eabi/lib/armv7-m/libg.a(lib_a-wcrtomb.o)
                0x08006e94                _wcrtomb_r
 .text.__ascii_wctomb
                0x08006ee8       0x1c /home/kripton/Applications/EmbeddedArm/gcc-arm-none-eabi-4_9-2015q2/bin/../lib/gcc/arm-none-eabi/4.9.3/../../../../arm-none-eabi/lib/armv7-m/libg.a(lib_a-wctomb_r.o)
                0x08006ee8                __ascii_wctomb
 *(.rodata)
 .rodata        0x08006f04       0x8f ./src/avr_flasher.o
 *fill*         0x08006f93        0x1 
 .rodata        0x08006f94       0x5b ./src/controller.o
 *fill*         0x08006fef        0x1 
 .rodata        0x08006ff0       0x40 ./src/main.o
 *(.rodata*)
 .rodata.str1.4
                0x08007030        0x2 /home/kripton/Applications/EmbeddedArm/gcc-arm-none-eabi-4_9-2015q2/bin/../lib/gcc/arm-none-eabi/4.9.3/../../../../arm-none-eabi/lib/armv7-m/libg.a(lib_a-impure.o)
 *fill*         0x08007032        0x2 
 .rodata._global_impure_ptr
                0x08007034        0x4 /home/kripton/Applications/EmbeddedArm/gcc-arm-none-eabi-4_9-2015q2/bin/../lib/gcc/arm-none-eabi/4.9.3/../../../../arm-none-eabi/lib/armv7-m/libg.a(lib_a-impure.o)
                0x08007034                _global_impure_ptr
 .rodata.str1.4
                0x08007038        0x2 /home/kripton/Applications/EmbeddedArm/gcc-arm-none-eabi-4_9-2015q2/bin/../lib/gcc/arm-none-eabi/4.9.3/../../../../arm-none-eabi/lib/armv7-m/libg.a(lib_a-puts.o)
 *fill*         0x0800703a        0x2 
 .rodata.zeroes.6926
                0x0800703c       0x10 /home/kripton/Applications/EmbeddedArm/gcc-arm-none-eabi-4_9-2015q2/bin/../lib/gcc/arm-none-eabi/4.9.3/../../../../arm-none-eabi/lib/armv7-m/libg.a(lib_a-vfprintf.o)
 .rodata.str1.4
                0x0800704c       0x42 /home/kripton/Applications/EmbeddedArm/gcc-arm-none-eabi-4_9-2015q2/bin/../lib/gcc/arm-none-eabi/4.9.3/../../../../arm-none-eabi/lib/armv7-m/libg.a(lib_a-vfprintf.o)
 *fill*         0x0800708e        0x2 
 .rodata.blanks.6925
                0x08007090       0x10 /home/kripton/Applications/EmbeddedArm/gcc-arm-none-eabi-4_9-2015q2/bin/../lib/gcc/arm-none-eabi/4.9.3/../../../../arm-none-eabi/lib/armv7-m/libg.a(lib_a-vfprintf.o)
 .rodata.str1.4
                0x080070a0       0x10 /home/kripton/Applications/EmbeddedArm/gcc-arm-none-eabi-4_9-2015q2/bin/../lib/gcc/arm-none-eabi/4.9.3/../../../../arm-none-eabi/lib/armv7-m/libg.a(lib_a-dtoa.o)
                                 0x12 (size before relaxing)
 .rodata.str1.4
                0x080070b0        0xc /home/kripton/Applications/EmbeddedArm/gcc-arm-none-eabi-4_9-2015q2/bin/../lib/gcc/arm-none-eabi/4.9.3/../../../../arm-none-eabi/lib/armv7-m/libg.a(lib_a-locale.o)
                                 0x12 (size before relaxing)
 *fill*         0x080070bc        0x4 
 .rodata.__mprec_tens
                0x080070c0       0xc8 /home/kripton/Applications/EmbeddedArm/gcc-arm-none-eabi-4_9-2015q2/bin/../lib/gcc/arm-none-eabi/4.9.3/../../../../arm-none-eabi/lib/armv7-m/libg.a(lib_a-mprec.o)
                0x080070c0                __mprec_tens
 .rodata.p05.5302
                0x08007188        0xc /home/kripton/Applications/EmbeddedArm/gcc-arm-none-eabi-4_9-2015q2/bin/../lib/gcc/arm-none-eabi/4.9.3/../../../../arm-none-eabi/lib/armv7-m/libg.a(lib_a-mprec.o)
 *fill*         0x08007194        0x4 
 .rodata.__mprec_bigtens
                0x08007198       0x28 /home/kripton/Applications/EmbeddedArm/gcc-arm-none-eabi-4_9-2015q2/bin/../lib/gcc/arm-none-eabi/4.9.3/../../../../arm-none-eabi/lib/armv7-m/libg.a(lib_a-mprec.o)
                0x08007198                __mprec_bigtens
 *(.glue_7)
 .glue_7        0x00000000        0x0 linker stubs
 *(.glue_7t)
 .glue_7t       0x00000000        0x0 linker stubs
 *(.init)
 .init          0x080071c0        0x4 /home/kripton/Applications/EmbeddedArm/gcc-arm-none-eabi-4_9-2015q2/bin/../lib/gcc/arm-none-eabi/4.9.3/armv7-m/crti.o
                0x080071c0                _init
 .init          0x080071c4        0x8 /home/kripton/Applications/EmbeddedArm/gcc-arm-none-eabi-4_9-2015q2/bin/../lib/gcc/arm-none-eabi/4.9.3/armv7-m/crtn.o
 *(.fini)
 .fini          0x080071cc        0x4 /home/kripton/Applications/EmbeddedArm/gcc-arm-none-eabi-4_9-2015q2/bin/../lib/gcc/arm-none-eabi/4.9.3/armv7-m/crti.o
                0x080071cc                _fini
 .fini          0x080071d0        0x8 /home/kripton/Applications/EmbeddedArm/gcc-arm-none-eabi-4_9-2015q2/bin/../lib/gcc/arm-none-eabi/4.9.3/armv7-m/crtn.o
                0x080071d8                . = ALIGN (0x4)
                0x080071d8                _etext = .

.vfp11_veneer   0x080071d8        0x0
 .vfp11_veneer  0x00000000        0x0 linker stubs

.v4_bx          0x080071d8        0x0
 .v4_bx         0x00000000        0x0 linker stubs

.iplt           0x080071d8        0x0
 .iplt          0x00000000        0x0 /home/kripton/Applications/EmbeddedArm/gcc-arm-none-eabi-4_9-2015q2/bin/../lib/gcc/arm-none-eabi/4.9.3/armv7-m/crtbegin.o

.ARM.extab
 *(.ARM.extab* .gnu.linkonce.armextab.*)

.ARM            0x080071d8        0x8
                0x080071d8                __exidx_start = .
 *(.ARM.exidx*)
 .ARM.exidx     0x080071d8        0x8 /home/kripton/Applications/EmbeddedArm/gcc-arm-none-eabi-4_9-2015q2/bin/../lib/gcc/arm-none-eabi/4.9.3/armv7-m/libgcc.a(_divdi3.o)
 .ARM.exidx     0x080071e0        0x0 /home/kripton/Applications/EmbeddedArm/gcc-arm-none-eabi-4_9-2015q2/bin/../lib/gcc/arm-none-eabi/4.9.3/armv7-m/libgcc.a(_udivdi3.o)
                                  0x8 (size before relaxing)
                0x080071e0                __exidx_end = .

.rel.dyn        0x080071e0        0x0
 .rel.iplt      0x00000000        0x0 /home/kripton/Applications/EmbeddedArm/gcc-arm-none-eabi-4_9-2015q2/bin/../lib/gcc/arm-none-eabi/4.9.3/armv7-m/crtbegin.o

.ARM.attributes
                0x080071e0       0x29
 *(.ARM.attributes)
 .ARM.attributes
                0x080071e0       0x1d /home/kripton/Applications/EmbeddedArm/gcc-arm-none-eabi-4_9-2015q2/bin/../lib/gcc/arm-none-eabi/4.9.3/armv7-m/crti.o
 .ARM.attributes
                0x080071fd       0x2d /home/kripton/Applications/EmbeddedArm/gcc-arm-none-eabi-4_9-2015q2/bin/../lib/gcc/arm-none-eabi/4.9.3/armv7-m/crtbegin.o
 .ARM.attributes
                0x0800722a       0x21 ./stm_startup/startup_stm32f10x_md.o
 .ARM.attributes
                0x0800724b       0x33 ./stm_startup/system_stm32f10x.o
 .ARM.attributes
                0x0800727e       0x33 ./src/soft_timers/SoftwareTimer.o
 .ARM.attributes
                0x080072b1       0x33 ./src/soft_timers/SoftwareTimer2.o
 .ARM.attributes
                0x080072e4       0x33 ./src/common/CircularBuffer.o
 .ARM.attributes
                0x08007317       0x33 ./src/common/LinkedList.o
 .ARM.attributes
                0x0800734a       0x33 ./src/UART.o
 .ARM.attributes
                0x0800737d       0x33 ./src/avr_flasher.o
 .ARM.attributes
                0x080073b0       0x33 ./src/controller.o
 .ARM.attributes
                0x080073e3       0x33 ./src/main.o
 .ARM.attributes
                0x08007416       0x33 ./src/spi.o
 .ARM.attributes
                0x08007449       0x33 ./src/stm32f10x_rcc.o
 .ARM.attributes
                0x0800747c       0x33 ./src/stm32f10x_usart.o
 .ARM.attributes
                0x080074af       0x33 ./src/syscalls.o
 .ARM.attributes
                0x080074e2       0x2d /home/kripton/Applications/EmbeddedArm/gcc-arm-none-eabi-4_9-2015q2/bin/../lib/gcc/arm-none-eabi/4.9.3/../../../../arm-none-eabi/lib/armv7-m/libg.a(lib_a-impure.o)
 .ARM.attributes
                0x0800750f       0x2d /home/kripton/Applications/EmbeddedArm/gcc-arm-none-eabi-4_9-2015q2/bin/../lib/gcc/arm-none-eabi/4.9.3/../../../../arm-none-eabi/lib/armv7-m/libg.a(lib_a-malloc.o)
 .ARM.attributes
                0x0800753c       0x2d /home/kripton/Applications/EmbeddedArm/gcc-arm-none-eabi-4_9-2015q2/bin/../lib/gcc/arm-none-eabi/4.9.3/../../../../arm-none-eabi/lib/armv7-m/libg.a(lib_a-mallocr.o)
 .ARM.attributes
                0x08007569       0x2d /home/kripton/Applications/EmbeddedArm/gcc-arm-none-eabi-4_9-2015q2/bin/../lib/gcc/arm-none-eabi/4.9.3/../../../../arm-none-eabi/lib/armv7-m/libg.a(lib_a-memset.o)
 .ARM.attributes
                0x08007596       0x2d /home/kripton/Applications/EmbeddedArm/gcc-arm-none-eabi-4_9-2015q2/bin/../lib/gcc/arm-none-eabi/4.9.3/../../../../arm-none-eabi/lib/armv7-m/libg.a(lib_a-mlock.o)
 .ARM.attributes
                0x080075c3       0x2d /home/kripton/Applications/EmbeddedArm/gcc-arm-none-eabi-4_9-2015q2/bin/../lib/gcc/arm-none-eabi/4.9.3/../../../../arm-none-eabi/lib/armv7-m/libg.a(lib_a-printf.o)
 .ARM.attributes
                0x080075f0       0x2d /home/kripton/Applications/EmbeddedArm/gcc-arm-none-eabi-4_9-2015q2/bin/../lib/gcc/arm-none-eabi/4.9.3/../../../../arm-none-eabi/lib/armv7-m/libg.a(lib_a-puts.o)
 .ARM.attributes
                0x0800761d       0x2d /home/kripton/Applications/EmbeddedArm/gcc-arm-none-eabi-4_9-2015q2/bin/../lib/gcc/arm-none-eabi/4.9.3/../../../../arm-none-eabi/lib/armv7-m/libg.a(lib_a-sbrkr.o)
 .ARM.attributes
                0x0800764a       0x2d /home/kripton/Applications/EmbeddedArm/gcc-arm-none-eabi-4_9-2015q2/bin/../lib/gcc/arm-none-eabi/4.9.3/../../../../arm-none-eabi/lib/armv7-m/libg.a(lib_a-strlen.o)
 .ARM.attributes
                0x08007677       0x2d /home/kripton/Applications/EmbeddedArm/gcc-arm-none-eabi-4_9-2015q2/bin/../lib/gcc/arm-none-eabi/4.9.3/../../../../arm-none-eabi/lib/armv7-m/libg.a(lib_a-vfprintf.o)
 .ARM.attributes
                0x080076a4       0x2d /home/kripton/Applications/EmbeddedArm/gcc-arm-none-eabi-4_9-2015q2/bin/../lib/gcc/arm-none-eabi/4.9.3/../../../../arm-none-eabi/lib/armv7-m/libg.a(lib_a-wsetup.o)
 .ARM.attributes
                0x080076d1       0x2d /home/kripton/Applications/EmbeddedArm/gcc-arm-none-eabi-4_9-2015q2/bin/../lib/gcc/arm-none-eabi/4.9.3/../../../../arm-none-eabi/lib/armv7-m/libg.a(lib_a-__call_atexit.o)
 .ARM.attributes
                0x080076fe       0x2d /home/kripton/Applications/EmbeddedArm/gcc-arm-none-eabi-4_9-2015q2/bin/../lib/gcc/arm-none-eabi/4.9.3/../../../../arm-none-eabi/lib/armv7-m/libg.a(lib_a-atexit.o)
 .ARM.attributes
                0x0800772b       0x2d /home/kripton/Applications/EmbeddedArm/gcc-arm-none-eabi-4_9-2015q2/bin/../lib/gcc/arm-none-eabi/4.9.3/../../../../arm-none-eabi/lib/armv7-m/libg.a(lib_a-dtoa.o)
 .ARM.attributes
                0x08007758       0x2d /home/kripton/Applications/EmbeddedArm/gcc-arm-none-eabi-4_9-2015q2/bin/../lib/gcc/arm-none-eabi/4.9.3/../../../../arm-none-eabi/lib/armv7-m/libg.a(lib_a-fflush.o)
 .ARM.attributes
                0x08007785       0x2d /home/kripton/Applications/EmbeddedArm/gcc-arm-none-eabi-4_9-2015q2/bin/../lib/gcc/arm-none-eabi/4.9.3/../../../../arm-none-eabi/lib/armv7-m/libg.a(lib_a-findfp.o)
 .ARM.attributes
                0x080077b2       0x2d /home/kripton/Applications/EmbeddedArm/gcc-arm-none-eabi-4_9-2015q2/bin/../lib/gcc/arm-none-eabi/4.9.3/../../../../arm-none-eabi/lib/armv7-m/libg.a(lib_a-fini.o)
 .ARM.attributes
                0x080077df       0x2d /home/kripton/Applications/EmbeddedArm/gcc-arm-none-eabi-4_9-2015q2/bin/../lib/gcc/arm-none-eabi/4.9.3/../../../../arm-none-eabi/lib/armv7-m/libg.a(lib_a-freer.o)
 .ARM.attributes
                0x0800780c       0x2d /home/kripton/Applications/EmbeddedArm/gcc-arm-none-eabi-4_9-2015q2/bin/../lib/gcc/arm-none-eabi/4.9.3/../../../../arm-none-eabi/lib/armv7-m/libg.a(lib_a-fvwrite.o)
 .ARM.attributes
                0x08007839       0x2d /home/kripton/Applications/EmbeddedArm/gcc-arm-none-eabi-4_9-2015q2/bin/../lib/gcc/arm-none-eabi/4.9.3/../../../../arm-none-eabi/lib/armv7-m/libg.a(lib_a-fwalk.o)
 .ARM.attributes
                0x08007866       0x2d /home/kripton/Applications/EmbeddedArm/gcc-arm-none-eabi-4_9-2015q2/bin/../lib/gcc/arm-none-eabi/4.9.3/../../../../arm-none-eabi/lib/armv7-m/libg.a(lib_a-locale.o)
 .ARM.attributes
                0x08007893       0x2d /home/kripton/Applications/EmbeddedArm/gcc-arm-none-eabi-4_9-2015q2/bin/../lib/gcc/arm-none-eabi/4.9.3/../../../../arm-none-eabi/lib/armv7-m/libg.a(lib_a-makebuf.o)
 .ARM.attributes
                0x080078c0       0x2d /home/kripton/Applications/EmbeddedArm/gcc-arm-none-eabi-4_9-2015q2/bin/../lib/gcc/arm-none-eabi/4.9.3/../../../../arm-none-eabi/lib/armv7-m/libg.a(lib_a-memchr.o)
 .ARM.attributes
                0x080078ed       0x1b /home/kripton/Applications/EmbeddedArm/gcc-arm-none-eabi-4_9-2015q2/bin/../lib/gcc/arm-none-eabi/4.9.3/../../../../arm-none-eabi/lib/armv7-m/libg.a(lib_a-memcpy.o)
 .ARM.attributes
                0x08007908       0x2d /home/kripton/Applications/EmbeddedArm/gcc-arm-none-eabi-4_9-2015q2/bin/../lib/gcc/arm-none-eabi/4.9.3/../../../../arm-none-eabi/lib/armv7-m/libg.a(lib_a-memmove.o)
 .ARM.attributes
                0x08007935       0x2d /home/kripton/Applications/EmbeddedArm/gcc-arm-none-eabi-4_9-2015q2/bin/../lib/gcc/arm-none-eabi/4.9.3/../../../../arm-none-eabi/lib/armv7-m/libg.a(lib_a-mprec.o)
 .ARM.attributes
                0x08007962       0x2d /home/kripton/Applications/EmbeddedArm/gcc-arm-none-eabi-4_9-2015q2/bin/../lib/gcc/arm-none-eabi/4.9.3/../../../../arm-none-eabi/lib/armv7-m/libg.a(lib_a-reallocr.o)
 .ARM.attributes
                0x0800798f       0x2d /home/kripton/Applications/EmbeddedArm/gcc-arm-none-eabi-4_9-2015q2/bin/../lib/gcc/arm-none-eabi/4.9.3/../../../../arm-none-eabi/lib/armv7-m/libg.a(lib_a-reent.o)
 .ARM.attributes
                0x080079bc       0x2d /home/kripton/Applications/EmbeddedArm/gcc-arm-none-eabi-4_9-2015q2/bin/../lib/gcc/arm-none-eabi/4.9.3/../../../../arm-none-eabi/lib/armv7-m/libg.a(lib_a-s_fpclassify.o)
 .ARM.attributes
                0x080079e9       0x2d /home/kripton/Applications/EmbeddedArm/gcc-arm-none-eabi-4_9-2015q2/bin/../lib/gcc/arm-none-eabi/4.9.3/../../../../arm-none-eabi/lib/armv7-m/libg.a(lib_a-stdio.o)
 .ARM.attributes
                0x08007a16       0x2d /home/kripton/Applications/EmbeddedArm/gcc-arm-none-eabi-4_9-2015q2/bin/../lib/gcc/arm-none-eabi/4.9.3/../../../../arm-none-eabi/lib/armv7-m/libg.a(lib_a-vfiprintf.o)
 .ARM.attributes
                0x08007a43       0x2d /home/kripton/Applications/EmbeddedArm/gcc-arm-none-eabi-4_9-2015q2/bin/../lib/gcc/arm-none-eabi/4.9.3/../../../../arm-none-eabi/lib/armv7-m/libg.a(lib_a-writer.o)
 .ARM.attributes
                0x08007a70       0x2d /home/kripton/Applications/EmbeddedArm/gcc-arm-none-eabi-4_9-2015q2/bin/../lib/gcc/arm-none-eabi/4.9.3/../../../../arm-none-eabi/lib/armv7-m/libg.a(lib_a-__atexit.o)
 .ARM.attributes
                0x08007a9d       0x2d /home/kripton/Applications/EmbeddedArm/gcc-arm-none-eabi-4_9-2015q2/bin/../lib/gcc/arm-none-eabi/4.9.3/../../../../arm-none-eabi/lib/armv7-m/libg.a(lib_a-callocr.o)
 .ARM.attributes
                0x08007aca       0x2d /home/kripton/Applications/EmbeddedArm/gcc-arm-none-eabi-4_9-2015q2/bin/../lib/gcc/arm-none-eabi/4.9.3/../../../../arm-none-eabi/lib/armv7-m/libg.a(lib_a-closer.o)
 .ARM.attributes
                0x08007af7       0x2d /home/kripton/Applications/EmbeddedArm/gcc-arm-none-eabi-4_9-2015q2/bin/../lib/gcc/arm-none-eabi/4.9.3/../../../../arm-none-eabi/lib/armv7-m/libg.a(lib_a-fclose.o)
 .ARM.attributes
                0x08007b24       0x2d /home/kripton/Applications/EmbeddedArm/gcc-arm-none-eabi-4_9-2015q2/bin/../lib/gcc/arm-none-eabi/4.9.3/../../../../arm-none-eabi/lib/armv7-m/libg.a(lib_a-fputwc.o)
 .ARM.attributes
                0x08007b51       0x2d /home/kripton/Applications/EmbeddedArm/gcc-arm-none-eabi-4_9-2015q2/bin/../lib/gcc/arm-none-eabi/4.9.3/../../../../arm-none-eabi/lib/armv7-m/libg.a(lib_a-fstatr.o)
 .ARM.attributes
                0x08007b7e       0x2d /home/kripton/Applications/EmbeddedArm/gcc-arm-none-eabi-4_9-2015q2/bin/../lib/gcc/arm-none-eabi/4.9.3/../../../../arm-none-eabi/lib/armv7-m/libg.a(lib_a-isattyr.o)
 .ARM.attributes
                0x08007bab       0x2d /home/kripton/Applications/EmbeddedArm/gcc-arm-none-eabi-4_9-2015q2/bin/../lib/gcc/arm-none-eabi/4.9.3/../../../../arm-none-eabi/lib/armv7-m/libg.a(lib_a-lseekr.o)
 .ARM.attributes
                0x08007bd8       0x2d /home/kripton/Applications/EmbeddedArm/gcc-arm-none-eabi-4_9-2015q2/bin/../lib/gcc/arm-none-eabi/4.9.3/../../../../arm-none-eabi/lib/armv7-m/libg.a(lib_a-readr.o)
 .ARM.attributes
                0x08007c05       0x2d /home/kripton/Applications/EmbeddedArm/gcc-arm-none-eabi-4_9-2015q2/bin/../lib/gcc/arm-none-eabi/4.9.3/../../../../arm-none-eabi/lib/armv7-m/libg.a(lib_a-wbuf.o)
 .ARM.attributes
                0x08007c32       0x2d /home/kripton/Applications/EmbeddedArm/gcc-arm-none-eabi-4_9-2015q2/bin/../lib/gcc/arm-none-eabi/4.9.3/../../../../arm-none-eabi/lib/armv7-m/libg.a(lib_a-wcrtomb.o)
 .ARM.attributes
                0x08007c5f       0x2d /home/kripton/Applications/EmbeddedArm/gcc-arm-none-eabi-4_9-2015q2/bin/../lib/gcc/arm-none-eabi/4.9.3/../../../../arm-none-eabi/lib/armv7-m/libg.a(lib_a-wctomb_r.o)
 .ARM.attributes
                0x08007c8c       0x1d /home/kripton/Applications/EmbeddedArm/gcc-arm-none-eabi-4_9-2015q2/bin/../lib/gcc/arm-none-eabi/4.9.3/armv7-m/libgcc.a(_arm_addsubdf3.o)
 .ARM.attributes
                0x08007ca9       0x1d /home/kripton/Applications/EmbeddedArm/gcc-arm-none-eabi-4_9-2015q2/bin/../lib/gcc/arm-none-eabi/4.9.3/armv7-m/libgcc.a(_arm_muldivdf3.o)
 .ARM.attributes
                0x08007cc6       0x1d /home/kripton/Applications/EmbeddedArm/gcc-arm-none-eabi-4_9-2015q2/bin/../lib/gcc/arm-none-eabi/4.9.3/armv7-m/libgcc.a(_arm_cmpdf2.o)
 .ARM.attributes
                0x08007ce3       0x1d /home/kripton/Applications/EmbeddedArm/gcc-arm-none-eabi-4_9-2015q2/bin/../lib/gcc/arm-none-eabi/4.9.3/armv7-m/libgcc.a(_arm_fixdfsi.o)
 .ARM.attributes
                0x08007d00       0x1d /home/kripton/Applications/EmbeddedArm/gcc-arm-none-eabi-4_9-2015q2/bin/../lib/gcc/arm-none-eabi/4.9.3/armv7-m/libgcc.a(_aeabi_uldivmod.o)
 .ARM.attributes
                0x08007d1d       0x2d /home/kripton/Applications/EmbeddedArm/gcc-arm-none-eabi-4_9-2015q2/bin/../lib/gcc/arm-none-eabi/4.9.3/armv7-m/libgcc.a(bpabi.o)
 .ARM.attributes
                0x08007d4a       0x1d /home/kripton/Applications/EmbeddedArm/gcc-arm-none-eabi-4_9-2015q2/bin/../lib/gcc/arm-none-eabi/4.9.3/armv7-m/libgcc.a(_dvmd_tls.o)
 .ARM.attributes
                0x08007d67       0x2d /home/kripton/Applications/EmbeddedArm/gcc-arm-none-eabi-4_9-2015q2/bin/../lib/gcc/arm-none-eabi/4.9.3/armv7-m/libgcc.a(_divdi3.o)
 .ARM.attributes
                0x08007d94       0x2d /home/kripton/Applications/EmbeddedArm/gcc-arm-none-eabi-4_9-2015q2/bin/../lib/gcc/arm-none-eabi/4.9.3/armv7-m/libgcc.a(_udivdi3.o)
 .ARM.attributes
                0x08007dc1       0x1d /home/kripton/Applications/EmbeddedArm/gcc-arm-none-eabi-4_9-2015q2/bin/../lib/gcc/arm-none-eabi/4.9.3/armv7-m/crtn.o

.preinit_array  0x080071e0        0x0
                0x080071e0                PROVIDE (__preinit_array_start, .)
 *(.preinit_array*)
                0x080071e0                PROVIDE (__preinit_array_end, .)

.init_array     0x080071e0        0x8
                0x080071e0                PROVIDE (__init_array_start, .)
 *(SORT(.init_array.*))
 .init_array.00000
                0x080071e0        0x4 /home/kripton/Applications/EmbeddedArm/gcc-arm-none-eabi-4_9-2015q2/bin/../lib/gcc/arm-none-eabi/4.9.3/../../../../arm-none-eabi/lib/armv7-m/libg.a(lib_a-__call_atexit.o)
 *(.init_array*)
 .init_array    0x080071e4        0x4 /home/kripton/Applications/EmbeddedArm/gcc-arm-none-eabi-4_9-2015q2/bin/../lib/gcc/arm-none-eabi/4.9.3/armv7-m/crtbegin.o
                0x080071e8                PROVIDE (__init_array_end, .)

.fini_array     0x080071e8        0x4
                0x080071e8                PROVIDE (__fini_array_start, .)
 *(.fini_array*)
 .fini_array    0x080071e8        0x4 /home/kripton/Applications/EmbeddedArm/gcc-arm-none-eabi-4_9-2015q2/bin/../lib/gcc/arm-none-eabi/4.9.3/armv7-m/crtbegin.o
 *(SORT(.fini_array.*))
                0x080071ec                PROVIDE (__fini_array_end, .)
                0x080071ec                _sidata = .

.data           0x20000000      0x8b4 load address 0x080071ec
                0x20000000                . = ALIGN (0x4)
                0x20000000                _sdata = .
 *(.data)
 .data          0x20000000       0x14 ./src/stm32f10x_rcc.o
 *(.data*)
 *fill*         0x20000014        0x4 
 .data.impure_data
                0x20000018      0x428 /home/kripton/Applications/EmbeddedArm/gcc-arm-none-eabi-4_9-2015q2/bin/../lib/gcc/arm-none-eabi/4.9.3/../../../../arm-none-eabi/lib/armv7-m/libg.a(lib_a-impure.o)
 .data._impure_ptr
                0x20000440        0x4 /home/kripton/Applications/EmbeddedArm/gcc-arm-none-eabi-4_9-2015q2/bin/../lib/gcc/arm-none-eabi/4.9.3/../../../../arm-none-eabi/lib/armv7-m/libg.a(lib_a-impure.o)
                0x20000440                _impure_ptr
 .data.__malloc_av_
                0x20000444      0x408 /home/kripton/Applications/EmbeddedArm/gcc-arm-none-eabi-4_9-2015q2/bin/../lib/gcc/arm-none-eabi/4.9.3/../../../../arm-none-eabi/lib/armv7-m/libg.a(lib_a-mallocr.o)
                0x20000444                __malloc_av_
 .data.__malloc_trim_threshold
                0x2000084c        0x4 /home/kripton/Applications/EmbeddedArm/gcc-arm-none-eabi-4_9-2015q2/bin/../lib/gcc/arm-none-eabi/4.9.3/../../../../arm-none-eabi/lib/armv7-m/libg.a(lib_a-mallocr.o)
                0x2000084c                __malloc_trim_threshold
 .data.__malloc_sbrk_base
                0x20000850        0x4 /home/kripton/Applications/EmbeddedArm/gcc-arm-none-eabi-4_9-2015q2/bin/../lib/gcc/arm-none-eabi/4.9.3/../../../../arm-none-eabi/lib/armv7-m/libg.a(lib_a-mallocr.o)
                0x20000850                __malloc_sbrk_base
 .data.lconv    0x20000854       0x38 /home/kripton/Applications/EmbeddedArm/gcc-arm-none-eabi-4_9-2015q2/bin/../lib/gcc/arm-none-eabi/4.9.3/../../../../arm-none-eabi/lib/armv7-m/libg.a(lib_a-locale.o)
 .data.lc_ctype_charset
                0x2000088c       0x20 /home/kripton/Applications/EmbeddedArm/gcc-arm-none-eabi-4_9-2015q2/bin/../lib/gcc/arm-none-eabi/4.9.3/../../../../arm-none-eabi/lib/armv7-m/libg.a(lib_a-locale.o)
 .data.__mb_cur_max
                0x200008ac        0x4 /home/kripton/Applications/EmbeddedArm/gcc-arm-none-eabi-4_9-2015q2/bin/../lib/gcc/arm-none-eabi/4.9.3/../../../../arm-none-eabi/lib/armv7-m/libg.a(lib_a-locale.o)
                0x200008ac                __mb_cur_max
 .data.__wctomb
                0x200008b0        0x4 /home/kripton/Applications/EmbeddedArm/gcc-arm-none-eabi-4_9-2015q2/bin/../lib/gcc/arm-none-eabi/4.9.3/../../../../arm-none-eabi/lib/armv7-m/libg.a(lib_a-wctomb_r.o)
                0x200008b0                __wctomb
                0x200008b4                . = ALIGN (0x4)
                0x200008b4                _edata = .

.jcr            0x200008b4        0x0 load address 0x08007aa0
 .jcr           0x200008b4        0x0 /home/kripton/Applications/EmbeddedArm/gcc-arm-none-eabi-4_9-2015q2/bin/../lib/gcc/arm-none-eabi/4.9.3/armv7-m/crtbegin.o

.igot.plt       0x200008b4        0x0 load address 0x08007aa0
 .igot.plt      0x00000000        0x0 /home/kripton/Applications/EmbeddedArm/gcc-arm-none-eabi-4_9-2015q2/bin/../lib/gcc/arm-none-eabi/4.9.3/armv7-m/crtbegin.o
                0x200008b4                . = ALIGN (0x4)

.bss            0x200008b4      0x2c0 load address 0x08007aa0
                0x200008b4                _sbss = .
                0x200008b4                __bss_start__ = _sbss
 *(.bss)
 .bss           0x200008b4       0x1c /home/kripton/Applications/EmbeddedArm/gcc-arm-none-eabi-4_9-2015q2/bin/../lib/gcc/arm-none-eabi/4.9.3/armv7-m/crtbegin.o
 .bss           0x200008d0      0x10c ./src/UART.o
 .bss           0x200009dc       0x24 ./src/avr_flasher.o
 .bss           0x20000a00      0x130 ./src/controller.o
 .bss           0x20000b30        0x4 ./src/syscalls.o
 *(.bss*)
 .bss.__malloc_max_total_mem
                0x20000b34        0x4 /home/kripton/Applications/EmbeddedArm/gcc-arm-none-eabi-4_9-2015q2/bin/../lib/gcc/arm-none-eabi/4.9.3/../../../../arm-none-eabi/lib/armv7-m/libg.a(lib_a-mallocr.o)
                0x20000b34                __malloc_max_total_mem
 .bss.__malloc_max_sbrked_mem
                0x20000b38        0x4 /home/kripton/Applications/EmbeddedArm/gcc-arm-none-eabi-4_9-2015q2/bin/../lib/gcc/arm-none-eabi/4.9.3/../../../../arm-none-eabi/lib/armv7-m/libg.a(lib_a-mallocr.o)
                0x20000b38                __malloc_max_sbrked_mem
 .bss.__malloc_top_pad
                0x20000b3c        0x4 /home/kripton/Applications/EmbeddedArm/gcc-arm-none-eabi-4_9-2015q2/bin/../lib/gcc/arm-none-eabi/4.9.3/../../../../arm-none-eabi/lib/armv7-m/libg.a(lib_a-mallocr.o)
                0x20000b3c                __malloc_top_pad
 .bss.__malloc_current_mallinfo
                0x20000b40       0x28 /home/kripton/Applications/EmbeddedArm/gcc-arm-none-eabi-4_9-2015q2/bin/../lib/gcc/arm-none-eabi/4.9.3/../../../../arm-none-eabi/lib/armv7-m/libg.a(lib_a-mallocr.o)
                0x20000b40                __malloc_current_mallinfo
 *(COMMON)
 COMMON         0x20000b68        0x8 ./src/soft_timers/SoftwareTimer2.o
                0x20000b68                soft_timer2
 COMMON         0x20000b70        0x4 /home/kripton/Applications/EmbeddedArm/gcc-arm-none-eabi-4_9-2015q2/bin/../lib/gcc/arm-none-eabi/4.9.3/../../../../arm-none-eabi/lib/armv7-m/libg.a(lib_a-reent.o)
                0x20000b70                errno
                0x20000b74                . = ALIGN (0x4)
                0x20000b74                _ebss = .
                0x20000b74                __bss_end__ = _ebss
                0x20000b74                PROVIDE (end, _ebss)
                0x20000b74                PROVIDE (_end, _ebss)

._user_heap_stack
                0x20000b74      0x100 load address 0x08007d60
                0x20000b74                . = ALIGN (0x4)
                0x20000b74                . = (. + _Min_Heap_Size)
                0x20000c74                . = (. + _Min_Stack_Size)
 *fill*         0x20000b74      0x100 
                0x20000c74                . = ALIGN (0x4)

.memory_b1_text
 *(.mb1text)
 *(.mb1text*)
 *(.mb1rodata)
 *(.mb1rodata*)

/DISCARD/
 libc.a(*)
 libm.a(*)
 libgcc.a(*)
OUTPUT(SPI_stm32f10x.elf elf32-littlearm)

.debug_line     0x00000000     0x394e
 .debug_line    0x00000000       0x81 ./stm_startup/startup_stm32f10x_md.o
 .debug_line    0x00000081      0x31d ./stm_startup/system_stm32f10x.o
 .debug_line    0x0000039e      0x378 ./src/soft_timers/SoftwareTimer.o
 .debug_line    0x00000716      0x4a1 ./src/soft_timers/SoftwareTimer2.o
 .debug_line    0x00000bb7      0x44e ./src/common/CircularBuffer.o
 .debug_line    0x00001005      0x310 ./src/common/LinkedList.o
 .debug_line    0x00001315      0x47b ./src/UART.o
 .debug_line    0x00001790      0x52a ./src/avr_flasher.o
 .debug_line    0x00001cba      0x5b8 ./src/controller.o
 .debug_line    0x00002272      0x45b ./src/main.o
 .debug_line    0x000026cd      0x392 ./src/spi.o
 .debug_line    0x00002a5f      0x545 ./src/stm32f10x_rcc.o
 .debug_line    0x00002fa4      0x506 ./src/stm32f10x_usart.o
 .debug_line    0x000034aa      0x4a4 ./src/syscalls.o

.debug_info     0x00000000     0x46cd
 .debug_info    0x00000000       0x87 ./stm_startup/startup_stm32f10x_md.o
 .debug_info    0x00000087      0x43c ./stm_startup/system_stm32f10x.o
 .debug_info    0x000004c3      0x37f ./src/soft_timers/SoftwareTimer.o
 .debug_info    0x00000842      0x716 ./src/soft_timers/SoftwareTimer2.o
 .debug_info    0x00000f58      0x276 ./src/common/CircularBuffer.o
 .debug_info    0x000011ce      0x1fb ./src/common/LinkedList.o
 .debug_info    0x000013c9      0x4ec ./src/UART.o
 .debug_info    0x000018b5      0x69d ./src/avr_flasher.o
 .debug_info    0x00001f52      0x65d ./src/controller.o
 .debug_info    0x000025af      0x633 ./src/main.o
 .debug_info    0x00002be2      0x318 ./src/spi.o
 .debug_info    0x00002efa      0x87f ./src/stm32f10x_rcc.o
 .debug_info    0x00003779      0x9da ./src/stm32f10x_usart.o
 .debug_info    0x00004153      0x57a ./src/syscalls.o

.debug_abbrev   0x00000000     0x1299
 .debug_abbrev  0x00000000       0x12 ./stm_startup/startup_stm32f10x_md.o
 .debug_abbrev  0x00000012      0x17c ./stm_startup/system_stm32f10x.o
 .debug_abbrev  0x0000018e      0x13d ./src/soft_timers/SoftwareTimer.o
 .debug_abbrev  0x000002cb      0x1b4 ./src/soft_timers/SoftwareTimer2.o
 .debug_abbrev  0x0000047f      0x120 ./src/common/CircularBuffer.o
 .debug_abbrev  0x0000059f      0x104 ./src/common/LinkedList.o
 .debug_abbrev  0x000006a3      0x17c ./src/UART.o
 .debug_abbrev  0x0000081f      0x16a ./src/avr_flasher.o
 .debug_abbrev  0x00000989      0x1bc ./src/controller.o
 .debug_abbrev  0x00000b45      0x1ae ./src/main.o
 .debug_abbrev  0x00000cf3       0xe7 ./src/spi.o
 .debug_abbrev  0x00000dda      0x1bf ./src/stm32f10x_rcc.o
 .debug_abbrev  0x00000f99      0x167 ./src/stm32f10x_usart.o
 .debug_abbrev  0x00001100      0x199 ./src/syscalls.o

.debug_aranges  0x00000000      0x5b0
 .debug_aranges
                0x00000000       0x28 ./stm_startup/startup_stm32f10x_md.o
 .debug_aranges
                0x00000028       0x38 ./stm_startup/system_stm32f10x.o
 .debug_aranges
                0x00000060       0x48 ./src/soft_timers/SoftwareTimer.o
 .debug_aranges
                0x000000a8       0x48 ./src/soft_timers/SoftwareTimer2.o
 .debug_aranges
                0x000000f0       0x40 ./src/common/CircularBuffer.o
 .debug_aranges
                0x00000130       0x38 ./src/common/LinkedList.o
 .debug_aranges
                0x00000168       0x50 ./src/UART.o
 .debug_aranges
                0x000001b8       0x68 ./src/avr_flasher.o
 .debug_aranges
                0x00000220       0x68 ./src/controller.o
 .debug_aranges
                0x00000288       0x48 ./src/main.o
 .debug_aranges
                0x000002d0       0x58 ./src/spi.o
 .debug_aranges
                0x00000328      0x118 ./src/stm32f10x_rcc.o
 .debug_aranges
                0x00000440      0x100 ./src/stm32f10x_usart.o
 .debug_aranges
                0x00000540       0x70 ./src/syscalls.o

.debug_ranges   0x00000000      0x4d8
 .debug_ranges  0x00000000       0x20 ./stm_startup/startup_stm32f10x_md.o
 .debug_ranges  0x00000020       0x28 ./stm_startup/system_stm32f10x.o
 .debug_ranges  0x00000048       0x38 ./src/soft_timers/SoftwareTimer.o
 .debug_ranges  0x00000080       0x38 ./src/soft_timers/SoftwareTimer2.o
 .debug_ranges  0x000000b8       0x30 ./src/common/CircularBuffer.o
 .debug_ranges  0x000000e8       0x28 ./src/common/LinkedList.o
 .debug_ranges  0x00000110       0x40 ./src/UART.o
 .debug_ranges  0x00000150       0x58 ./src/avr_flasher.o
 .debug_ranges  0x000001a8       0x58 ./src/controller.o
 .debug_ranges  0x00000200       0x38 ./src/main.o
 .debug_ranges  0x00000238       0x48 ./src/spi.o
 .debug_ranges  0x00000280      0x108 ./src/stm32f10x_rcc.o
 .debug_ranges  0x00000388       0xf0 ./src/stm32f10x_usart.o
 .debug_ranges  0x00000478       0x60 ./src/syscalls.o

.debug_macro    0x00000000     0xc187
 .debug_macro   0x00000000       0xba ./stm_startup/system_stm32f10x.o
 .debug_macro   0x000000ba      0x86e ./stm_startup/system_stm32f10x.o
 .debug_macro   0x00000928       0x56 ./stm_startup/system_stm32f10x.o
 .debug_macro   0x0000097e       0x22 ./stm_startup/system_stm32f10x.o
 .debug_macro   0x000009a0       0x22 ./stm_startup/system_stm32f10x.o
 .debug_macro   0x000009c2       0x44 ./stm_startup/system_stm32f10x.o
 .debug_macro   0x00000a06       0xe3 ./stm_startup/system_stm32f10x.o
 .debug_macro   0x00000ae9       0x22 ./stm_startup/system_stm32f10x.o
 .debug_macro   0x00000b0b      0x1df ./stm_startup/system_stm32f10x.o
 .debug_macro   0x00000cea      0x69f ./stm_startup/system_stm32f10x.o
 .debug_macro   0x00001389     0x7dbe ./stm_startup/system_stm32f10x.o
 .debug_macro   0x00009147      0x2a6 ./stm_startup/system_stm32f10x.o
 .debug_macro   0x000093ed      0x3e2 ./stm_startup/system_stm32f10x.o
 .debug_macro   0x000097cf      0x220 ./stm_startup/system_stm32f10x.o
 .debug_macro   0x000099ef       0x35 ./stm_startup/system_stm32f10x.o
 .debug_macro   0x00009a24      0x155 ./src/soft_timers/SoftwareTimer.o
 .debug_macro   0x00009b79       0x46 ./src/soft_timers/SoftwareTimer.o
 .debug_macro   0x00009bbf       0x35 ./src/soft_timers/SoftwareTimer.o
 .debug_macro   0x00009bf4       0x9c ./src/soft_timers/SoftwareTimer.o
 .debug_macro   0x00009c90       0x16 ./src/soft_timers/SoftwareTimer.o
 .debug_macro   0x00009ca6       0x4a ./src/soft_timers/SoftwareTimer.o
 .debug_macro   0x00009cf0       0x97 ./src/soft_timers/SoftwareTimer.o
 .debug_macro   0x00009d87      0x352 ./src/soft_timers/SoftwareTimer.o
 .debug_macro   0x0000a0d9       0xef ./src/soft_timers/SoftwareTimer.o
 .debug_macro   0x0000a1c8       0x10 ./src/soft_timers/SoftwareTimer.o
 .debug_macro   0x0000a1d8       0x52 ./src/soft_timers/SoftwareTimer.o
 .debug_macro   0x0000a22a       0x16 ./src/soft_timers/SoftwareTimer.o
 .debug_macro   0x0000a240       0x43 ./src/soft_timers/SoftwareTimer.o
 .debug_macro   0x0000a283      0x180 ./src/soft_timers/SoftwareTimer.o
 .debug_macro   0x0000a403       0x10 ./src/soft_timers/SoftwareTimer.o
 .debug_macro   0x0000a413       0x22 ./src/soft_timers/SoftwareTimer.o
 .debug_macro   0x0000a435       0xbe ./src/soft_timers/SoftwareTimer.o
 .debug_macro   0x0000a4f3       0x16 ./src/soft_timers/SoftwareTimer.o
 .debug_macro   0x0000a509      0x166 ./src/soft_timers/SoftwareTimer.o
 .debug_macro   0x0000a66f       0x16 ./src/soft_timers/SoftwareTimer.o
 .debug_macro   0x0000a685       0x35 ./src/soft_timers/SoftwareTimer.o
 .debug_macro   0x0000a6ba       0x22 ./src/soft_timers/SoftwareTimer.o
 .debug_macro   0x0000a6dc       0x22 ./src/soft_timers/SoftwareTimer.o
 .debug_macro   0x0000a6fe      0x1e0 ./src/soft_timers/SoftwareTimer2.o
 .debug_macro   0x0000a8de      0x15c ./src/common/CircularBuffer.o
 .debug_macro   0x0000aa3a      0x166 ./src/common/CircularBuffer.o
 .debug_macro   0x0000aba0       0x3c ./src/common/CircularBuffer.o
 .debug_macro   0x0000abdc      0x14b ./src/common/LinkedList.o
 .debug_macro   0x0000ad27      0x1a7 ./src/UART.o
 .debug_macro   0x0000aece      0x1f4 ./src/avr_flasher.o
 .debug_macro   0x0000b0c2      0x1fb ./src/avr_flasher.o
 .debug_macro   0x0000b2bd       0x52 ./src/avr_flasher.o
 .debug_macro   0x0000b30f       0x10 ./src/avr_flasher.o
 .debug_macro   0x0000b31f      0x221 ./src/controller.o
 .debug_macro   0x0000b540       0x1c ./src/controller.o
 .debug_macro   0x0000b55c       0x64 ./src/controller.o
 .debug_macro   0x0000b5c0      0x1b7 ./src/main.o
 .debug_macro   0x0000b777       0x22 ./src/main.o
 .debug_macro   0x0000b799       0xc0 ./src/spi.o
 .debug_macro   0x0000b859      0x1d3 ./src/stm32f10x_rcc.o
 .debug_macro   0x0000ba2c      0x16b ./src/stm32f10x_usart.o
 .debug_macro   0x0000bb97      0x21a ./src/stm32f10x_usart.o
 .debug_macro   0x0000bdb1      0x1ee ./src/syscalls.o
 .debug_macro   0x0000bf9f       0x52 ./src/syscalls.o
 .debug_macro   0x0000bff1       0x16 ./src/syscalls.o
 .debug_macro   0x0000c007       0x10 ./src/syscalls.o
 .debug_macro   0x0000c017       0x10 ./src/syscalls.o
 .debug_macro   0x0000c027       0x10 ./src/syscalls.o
 .debug_macro   0x0000c037       0x2e ./src/syscalls.o
 .debug_macro   0x0000c065      0x122 ./src/syscalls.o

.debug_str      0x00000000    0x3c8c8
 .debug_str     0x00000000    0x36316 ./stm_startup/system_stm32f10x.o
                              0x364a8 (size before relaxing)
 .debug_str     0x00036316     0x366d ./src/soft_timers/SoftwareTimer.o
                               0x5e3c (size before relaxing)
 .debug_str     0x00039983      0x4f7 ./src/soft_timers/SoftwareTimer2.o
                              0x39e1d (size before relaxing)
 .debug_str     0x00039e7a      0x163 ./src/common/CircularBuffer.o
                              0x37a19 (size before relaxing)
 .debug_str     0x00039fdd       0x8c ./src/common/LinkedList.o
                               0x5d4c (size before relaxing)
 .debug_str     0x0003a069      0x186 ./src/UART.o
                              0x399f8 (size before relaxing)
 .debug_str     0x0003a1ef      0x97e ./src/avr_flasher.o
                              0x3a397 (size before relaxing)
 .debug_str     0x0003ab6d      0x1ff ./src/controller.o
                              0x3a4c9 (size before relaxing)
 .debug_str     0x0003ad6c       0x6a ./src/main.o
                              0x39cd5 (size before relaxing)
 .debug_str     0x0003add6       0x6a ./src/spi.o
                              0x36460 (size before relaxing)
 .debug_str     0x0003ae40      0xb08 ./src/stm32f10x_rcc.o
                              0x36ed1 (size before relaxing)
 .debug_str     0x0003b948      0x759 ./src/stm32f10x_usart.o
                              0x36bfb (size before relaxing)
 .debug_str     0x0003c0a1      0x827 ./src/syscalls.o
                              0x3a074 (size before relaxing)

.comment        0x00000000       0x70
 .comment       0x00000000       0x70 ./stm_startup/system_stm32f10x.o
                                 0x71 (size before relaxing)
 .comment       0x00000000       0x71 ./src/soft_timers/SoftwareTimer.o
 .comment       0x00000000       0x71 ./src/soft_timers/SoftwareTimer2.o
 .comment       0x00000000       0x71 ./src/common/CircularBuffer.o
 .comment       0x00000000       0x71 ./src/common/LinkedList.o
 .comment       0x00000000       0x71 ./src/UART.o
 .comment       0x00000000       0x71 ./src/avr_flasher.o
 .comment       0x00000000       0x71 ./src/controller.o
 .comment       0x00000000       0x71 ./src/main.o
 .comment       0x00000000       0x71 ./src/spi.o
 .comment       0x00000000       0x71 ./src/stm32f10x_rcc.o
 .comment       0x00000000       0x71 ./src/stm32f10x_usart.o
 .comment       0x00000000       0x71 ./src/syscalls.o

.debug_frame    0x00000000     0x256c
 .debug_frame   0x00000000       0x98 ./stm_startup/system_stm32f10x.o
 .debug_frame   0x00000098       0xf8 ./src/soft_timers/SoftwareTimer.o
 .debug_frame   0x00000190       0xd8 ./src/soft_timers/SoftwareTimer2.o
 .debug_frame   0x00000268       0xd0 ./src/common/CircularBuffer.o
 .debug_frame   0x00000338       0xa4 ./src/common/LinkedList.o
 .debug_frame   0x000003dc      0x10c ./src/UART.o
 .debug_frame   0x000004e8      0x154 ./src/avr_flasher.o
 .debug_frame   0x0000063c      0x158 ./src/controller.o
 .debug_frame   0x00000794       0xd8 ./src/main.o
 .debug_frame   0x0000086c      0x150 ./src/spi.o
 .debug_frame   0x000009bc      0x4f4 ./src/stm32f10x_rcc.o
 .debug_frame   0x00000eb0      0x490 ./src/stm32f10x_usart.o
 .debug_frame   0x00001340      0x1a8 ./src/syscalls.o
 .debug_frame   0x000014e8       0x30 /home/kripton/Applications/EmbeddedArm/gcc-arm-none-eabi-4_9-2015q2/bin/../lib/gcc/arm-none-eabi/4.9.3/../../../../arm-none-eabi/lib/armv7-m/libg.a(lib_a-malloc.o)
 .debug_frame   0x00001518       0x54 /home/kripton/Applications/EmbeddedArm/gcc-arm-none-eabi-4_9-2015q2/bin/../lib/gcc/arm-none-eabi/4.9.3/../../../../arm-none-eabi/lib/armv7-m/libg.a(lib_a-mallocr.o)
 .debug_frame   0x0000156c       0x34 /home/kripton/Applications/EmbeddedArm/gcc-arm-none-eabi-4_9-2015q2/bin/../lib/gcc/arm-none-eabi/4.9.3/../../../../arm-none-eabi/lib/armv7-m/libg.a(lib_a-memset.o)
 .debug_frame   0x000015a0       0x30 /home/kripton/Applications/EmbeddedArm/gcc-arm-none-eabi-4_9-2015q2/bin/../lib/gcc/arm-none-eabi/4.9.3/../../../../arm-none-eabi/lib/armv7-m/libg.a(lib_a-mlock.o)
 .debug_frame   0x000015d0       0x78 /home/kripton/Applications/EmbeddedArm/gcc-arm-none-eabi-4_9-2015q2/bin/../lib/gcc/arm-none-eabi/4.9.3/../../../../arm-none-eabi/lib/armv7-m/libg.a(lib_a-printf.o)
 .debug_frame   0x00001648       0x44 /home/kripton/Applications/EmbeddedArm/gcc-arm-none-eabi-4_9-2015q2/bin/../lib/gcc/arm-none-eabi/4.9.3/../../../../arm-none-eabi/lib/armv7-m/libg.a(lib_a-puts.o)
 .debug_frame   0x0000168c       0x2c /home/kripton/Applications/EmbeddedArm/gcc-arm-none-eabi-4_9-2015q2/bin/../lib/gcc/arm-none-eabi/4.9.3/../../../../arm-none-eabi/lib/armv7-m/libg.a(lib_a-sbrkr.o)
 .debug_frame   0x000016b8       0x20 /home/kripton/Applications/EmbeddedArm/gcc-arm-none-eabi-4_9-2015q2/bin/../lib/gcc/arm-none-eabi/4.9.3/../../../../arm-none-eabi/lib/armv7-m/libg.a(lib_a-strlen.o)
 .debug_frame   0x000016d8       0x90 /home/kripton/Applications/EmbeddedArm/gcc-arm-none-eabi-4_9-2015q2/bin/../lib/gcc/arm-none-eabi/4.9.3/../../../../arm-none-eabi/lib/armv7-m/libg.a(lib_a-vfprintf.o)
 .debug_frame   0x00001768       0x2c /home/kripton/Applications/EmbeddedArm/gcc-arm-none-eabi-4_9-2015q2/bin/../lib/gcc/arm-none-eabi/4.9.3/../../../../arm-none-eabi/lib/armv7-m/libg.a(lib_a-wsetup.o)
 .debug_frame   0x00001794       0x50 /home/kripton/Applications/EmbeddedArm/gcc-arm-none-eabi-4_9-2015q2/bin/../lib/gcc/arm-none-eabi/4.9.3/../../../../arm-none-eabi/lib/armv7-m/libg.a(lib_a-__call_atexit.o)
 .debug_frame   0x000017e4       0x20 /home/kripton/Applications/EmbeddedArm/gcc-arm-none-eabi-4_9-2015q2/bin/../lib/gcc/arm-none-eabi/4.9.3/../../../../arm-none-eabi/lib/armv7-m/libg.a(lib_a-atexit.o)
 .debug_frame   0x00001804       0x84 /home/kripton/Applications/EmbeddedArm/gcc-arm-none-eabi-4_9-2015q2/bin/../lib/gcc/arm-none-eabi/4.9.3/../../../../arm-none-eabi/lib/armv7-m/libg.a(lib_a-dtoa.o)
 .debug_frame   0x00001888       0x6c /home/kripton/Applications/EmbeddedArm/gcc-arm-none-eabi-4_9-2015q2/bin/../lib/gcc/arm-none-eabi/4.9.3/../../../../arm-none-eabi/lib/armv7-m/libg.a(lib_a-fflush.o)
 .debug_frame   0x000018f4      0x124 /home/kripton/Applications/EmbeddedArm/gcc-arm-none-eabi-4_9-2015q2/bin/../lib/gcc/arm-none-eabi/4.9.3/../../../../arm-none-eabi/lib/armv7-m/libg.a(lib_a-findfp.o)
 .debug_frame   0x00001a18       0x34 /home/kripton/Applications/EmbeddedArm/gcc-arm-none-eabi-4_9-2015q2/bin/../lib/gcc/arm-none-eabi/4.9.3/../../../../arm-none-eabi/lib/armv7-m/libg.a(lib_a-fini.o)
 .debug_frame   0x00001a4c       0x74 /home/kripton/Applications/EmbeddedArm/gcc-arm-none-eabi-4_9-2015q2/bin/../lib/gcc/arm-none-eabi/4.9.3/../../../../arm-none-eabi/lib/armv7-m/libg.a(lib_a-freer.o)
 .debug_frame   0x00001ac0       0x68 /home/kripton/Applications/EmbeddedArm/gcc-arm-none-eabi-4_9-2015q2/bin/../lib/gcc/arm-none-eabi/4.9.3/../../../../arm-none-eabi/lib/armv7-m/libg.a(lib_a-fvwrite.o)
 .debug_frame   0x00001b28       0x54 /home/kripton/Applications/EmbeddedArm/gcc-arm-none-eabi-4_9-2015q2/bin/../lib/gcc/arm-none-eabi/4.9.3/../../../../arm-none-eabi/lib/armv7-m/libg.a(lib_a-fwalk.o)
 .debug_frame   0x00001b7c       0x9c /home/kripton/Applications/EmbeddedArm/gcc-arm-none-eabi-4_9-2015q2/bin/../lib/gcc/arm-none-eabi/4.9.3/../../../../arm-none-eabi/lib/armv7-m/libg.a(lib_a-locale.o)
 .debug_frame   0x00001c18       0x48 /home/kripton/Applications/EmbeddedArm/gcc-arm-none-eabi-4_9-2015q2/bin/../lib/gcc/arm-none-eabi/4.9.3/../../../../arm-none-eabi/lib/armv7-m/libg.a(lib_a-makebuf.o)
 .debug_frame   0x00001c60       0x3c /home/kripton/Applications/EmbeddedArm/gcc-arm-none-eabi-4_9-2015q2/bin/../lib/gcc/arm-none-eabi/4.9.3/../../../../arm-none-eabi/lib/armv7-m/libg.a(lib_a-memchr.o)
 .debug_frame   0x00001c9c       0x30 /home/kripton/Applications/EmbeddedArm/gcc-arm-none-eabi-4_9-2015q2/bin/../lib/gcc/arm-none-eabi/4.9.3/../../../../arm-none-eabi/lib/armv7-m/libg.a(lib_a-memmove.o)
 .debug_frame   0x00001ccc      0x268 /home/kripton/Applications/EmbeddedArm/gcc-arm-none-eabi-4_9-2015q2/bin/../lib/gcc/arm-none-eabi/4.9.3/../../../../arm-none-eabi/lib/armv7-m/libg.a(lib_a-mprec.o)
 .debug_frame   0x00001f34       0x58 /home/kripton/Applications/EmbeddedArm/gcc-arm-none-eabi-4_9-2015q2/bin/../lib/gcc/arm-none-eabi/4.9.3/../../../../arm-none-eabi/lib/armv7-m/libg.a(lib_a-reallocr.o)
 .debug_frame   0x00001f8c       0x58 /home/kripton/Applications/EmbeddedArm/gcc-arm-none-eabi-4_9-2015q2/bin/../lib/gcc/arm-none-eabi/4.9.3/../../../../arm-none-eabi/lib/armv7-m/libg.a(lib_a-reent.o)
 .debug_frame   0x00001fe4       0x34 /home/kripton/Applications/EmbeddedArm/gcc-arm-none-eabi-4_9-2015q2/bin/../lib/gcc/arm-none-eabi/4.9.3/../../../../arm-none-eabi/lib/armv7-m/libg.a(lib_a-s_fpclassify.o)
 .debug_frame   0x00002018       0x88 /home/kripton/Applications/EmbeddedArm/gcc-arm-none-eabi-4_9-2015q2/bin/../lib/gcc/arm-none-eabi/4.9.3/../../../../arm-none-eabi/lib/armv7-m/libg.a(lib_a-stdio.o)
 .debug_frame   0x000020a0       0xd8 /home/kripton/Applications/EmbeddedArm/gcc-arm-none-eabi-4_9-2015q2/bin/../lib/gcc/arm-none-eabi/4.9.3/../../../../arm-none-eabi/lib/armv7-m/libg.a(lib_a-vfiprintf.o)
 .debug_frame   0x00002178       0x2c /home/kripton/Applications/EmbeddedArm/gcc-arm-none-eabi-4_9-2015q2/bin/../lib/gcc/arm-none-eabi/4.9.3/../../../../arm-none-eabi/lib/armv7-m/libg.a(lib_a-writer.o)
 .debug_frame   0x000021a4       0x34 /home/kripton/Applications/EmbeddedArm/gcc-arm-none-eabi-4_9-2015q2/bin/../lib/gcc/arm-none-eabi/4.9.3/../../../../arm-none-eabi/lib/armv7-m/libg.a(lib_a-__atexit.o)
 .debug_frame   0x000021d8       0x28 /home/kripton/Applications/EmbeddedArm/gcc-arm-none-eabi-4_9-2015q2/bin/../lib/gcc/arm-none-eabi/4.9.3/../../../../arm-none-eabi/lib/armv7-m/libg.a(lib_a-callocr.o)
 .debug_frame   0x00002200       0x2c /home/kripton/Applications/EmbeddedArm/gcc-arm-none-eabi-4_9-2015q2/bin/../lib/gcc/arm-none-eabi/4.9.3/../../../../arm-none-eabi/lib/armv7-m/libg.a(lib_a-closer.o)
 .debug_frame   0x0000222c       0x44 /home/kripton/Applications/EmbeddedArm/gcc-arm-none-eabi-4_9-2015q2/bin/../lib/gcc/arm-none-eabi/4.9.3/../../../../arm-none-eabi/lib/armv7-m/libg.a(lib_a-fclose.o)
 .debug_frame   0x00002270       0x84 /home/kripton/Applications/EmbeddedArm/gcc-arm-none-eabi-4_9-2015q2/bin/../lib/gcc/arm-none-eabi/4.9.3/../../../../arm-none-eabi/lib/armv7-m/libg.a(lib_a-fputwc.o)
 .debug_frame   0x000022f4       0x2c /home/kripton/Applications/EmbeddedArm/gcc-arm-none-eabi-4_9-2015q2/bin/../lib/gcc/arm-none-eabi/4.9.3/../../../../arm-none-eabi/lib/armv7-m/libg.a(lib_a-fstatr.o)
 .debug_frame   0x00002320       0x2c /home/kripton/Applications/EmbeddedArm/gcc-arm-none-eabi-4_9-2015q2/bin/../lib/gcc/arm-none-eabi/4.9.3/../../../../arm-none-eabi/lib/armv7-m/libg.a(lib_a-isattyr.o)
 .debug_frame   0x0000234c       0x2c /home/kripton/Applications/EmbeddedArm/gcc-arm-none-eabi-4_9-2015q2/bin/../lib/gcc/arm-none-eabi/4.9.3/../../../../arm-none-eabi/lib/armv7-m/libg.a(lib_a-lseekr.o)
 .debug_frame   0x00002378       0x2c /home/kripton/Applications/EmbeddedArm/gcc-arm-none-eabi-4_9-2015q2/bin/../lib/gcc/arm-none-eabi/4.9.3/../../../../arm-none-eabi/lib/armv7-m/libg.a(lib_a-readr.o)
 .debug_frame   0x000023a4       0x3c /home/kripton/Applications/EmbeddedArm/gcc-arm-none-eabi-4_9-2015q2/bin/../lib/gcc/arm-none-eabi/4.9.3/../../../../arm-none-eabi/lib/armv7-m/libg.a(lib_a-wbuf.o)
 .debug_frame   0x000023e0       0x60 /home/kripton/Applications/EmbeddedArm/gcc-arm-none-eabi-4_9-2015q2/bin/../lib/gcc/arm-none-eabi/4.9.3/../../../../arm-none-eabi/lib/armv7-m/libg.a(lib_a-wcrtomb.o)
 .debug_frame   0x00002440       0x48 /home/kripton/Applications/EmbeddedArm/gcc-arm-none-eabi-4_9-2015q2/bin/../lib/gcc/arm-none-eabi/4.9.3/../../../../arm-none-eabi/lib/armv7-m/libg.a(lib_a-wctomb_r.o)
 .debug_frame   0x00002488       0x28 /home/kripton/Applications/EmbeddedArm/gcc-arm-none-eabi-4_9-2015q2/bin/../lib/gcc/arm-none-eabi/4.9.3/armv7-m/libgcc.a(_aeabi_uldivmod.o)
 .debug_frame   0x000024b0       0x54 /home/kripton/Applications/EmbeddedArm/gcc-arm-none-eabi-4_9-2015q2/bin/../lib/gcc/arm-none-eabi/4.9.3/armv7-m/libgcc.a(bpabi.o)
 .debug_frame   0x00002504       0x34 /home/kripton/Applications/EmbeddedArm/gcc-arm-none-eabi-4_9-2015q2/bin/../lib/gcc/arm-none-eabi/4.9.3/armv7-m/libgcc.a(_divdi3.o)
 .debug_frame   0x00002538       0x34 /home/kripton/Applications/EmbeddedArm/gcc-arm-none-eabi-4_9-2015q2/bin/../lib/gcc/arm-none-eabi/4.9.3/armv7-m/libgcc.a(_udivdi3.o)

Cross Reference Table

Symbol                                            File
ADC1_2_IRQHandler                                 ./stm_startup/startup_stm32f10x_md.o
AHBPrescTable                                     ./stm_startup/system_stm32f10x.o
AVRFlasher_get_state                              ./src/avr_flasher.o
AVRFlasher_init                                   ./src/avr_flasher.o
AVRFlasher_prog_enable                            ./src/avr_flasher.o
AVRFlasher_reset_disable                          ./src/avr_flasher.o
AVRFlasher_reset_enable                           ./src/avr_flasher.o
                                                  ./src/controller.o
AVRFlasher_reset_pulse                            ./src/avr_flasher.o
AVRFlasher_send_command                           ./src/avr_flasher.o
                                                  ./src/controller.o
AVRFlasher_start                                  ./src/avr_flasher.o
BusFault_Handler                                  ./stm_startup/startup_stm32f10x_md.o
CAN1_RX1_IRQHandler                               ./stm_startup/startup_stm32f10x_md.o
CAN1_SCE_IRQHandler                               ./stm_startup/startup_stm32f10x_md.o
CLOCK_init                                        ./src/main.o
CONTROLLER_clear_error                            ./src/controller.o
                                                  ./src/main.o
CONTROLLER_get_state                              ./src/controller.o
                                                  ./src/main.o
CONTROLLER_init                                   ./src/controller.o
                                                  ./src/main.o
CONTROLLER_perform_action                         ./src/controller.o
                                                  ./src/main.o
CircularBuffer_alloc                              ./src/common/CircularBuffer.o
                                                  ./src/avr_flasher.o
CircularBuffer_free                               ./src/common/CircularBuffer.o
CircularBuffer_get                                ./src/common/CircularBuffer.o
                                                  ./src/avr_flasher.o
CircularBuffer_is_empty                           ./src/common/CircularBuffer.o
CircularBuffer_put                                ./src/common/CircularBuffer.o
                                                  ./src/avr_flasher.o
DMA1_Channel1_IRQHandler                          ./stm_startup/startup_stm32f10x_md.o
DMA1_Channel2_IRQHandler                          ./stm_startup/startup_stm32f10x_md.o
DMA1_Channel3_IRQHandler                          ./stm_startup/startup_stm32f10x_md.o
DMA1_Channel4_IRQHandler                          ./stm_startup/startup_stm32f10x_md.o
DMA1_Channel5_IRQHandler                          ./stm_startup/startup_stm32f10x_md.o
DMA1_Channel6_IRQHandler                          ./stm_startup/startup_stm32f10x_md.o
DMA1_Channel7_IRQHandler                          ./stm_startup/startup_stm32f10x_md.o
DebugMon_Handler                                  ./stm_startup/startup_stm32f10x_md.o
Default_Handler                                   ./stm_startup/startup_stm32f10x_md.o
EXTI0_IRQHandler                                  ./stm_startup/startup_stm32f10x_md.o
EXTI15_10_IRQHandler                              ./stm_startup/startup_stm32f10x_md.o
EXTI1_IRQHandler                                  ./stm_startup/startup_stm32f10x_md.o
EXTI2_IRQHandler                                  ./stm_startup/startup_stm32f10x_md.o
EXTI3_IRQHandler                                  ./stm_startup/startup_stm32f10x_md.o
EXTI4_IRQHandler                                  ./stm_startup/startup_stm32f10x_md.o
EXTI9_5_IRQHandler                                ./stm_startup/startup_stm32f10x_md.o
FLASH_IRQHandler                                  ./stm_startup/startup_stm32f10x_md.o
FLASH_erase_page                                  ./src/flash_writer.o
FLASH_is_locked                                   ./src/flash_writer.o
FLASH_lock                                        ./src/flash_writer.o
FLASH_mass_erase                                  ./src/flash_writer.o
FLASH_read_block                                  ./src/flash_writer.o
FLASH_read_word                                   ./src/flash_writer.o
FLASH_ready                                       ./src/flash_writer.o
FLASH_unlock                                      ./src/flash_writer.o
FLASH_write_word                                  ./src/flash_writer.o
GPIO_AFIODeInit                                   ./src/stm32f10x_gpio.o
GPIO_DeInit                                       ./src/stm32f10x_gpio.o
GPIO_ETH_MediaInterfaceConfig                     ./src/stm32f10x_gpio.o
GPIO_EXTILineConfig                               ./src/stm32f10x_gpio.o
GPIO_EventOutputCmd                               ./src/stm32f10x_gpio.o
GPIO_EventOutputConfig                            ./src/stm32f10x_gpio.o
GPIO_Init                                         ./src/stm32f10x_gpio.o
GPIO_PinLockConfig                                ./src/stm32f10x_gpio.o
GPIO_PinRemapConfig                               ./src/stm32f10x_gpio.o
GPIO_ReadInputData                                ./src/stm32f10x_gpio.o
GPIO_ReadInputDataBit                             ./src/stm32f10x_gpio.o
GPIO_ReadOutputData                               ./src/stm32f10x_gpio.o
GPIO_ReadOutputDataBit                            ./src/stm32f10x_gpio.o
GPIO_ResetBits                                    ./src/stm32f10x_gpio.o
GPIO_SetBits                                      ./src/stm32f10x_gpio.o
GPIO_StructInit                                   ./src/stm32f10x_gpio.o
GPIO_Write                                        ./src/stm32f10x_gpio.o
GPIO_WriteBit                                     ./src/stm32f10x_gpio.o
HardFault_Handler                                 ./stm_startup/startup_stm32f10x_md.o
I2C1_ER_IRQHandler                                ./stm_startup/startup_stm32f10x_md.o
I2C1_EV_IRQHandler                                ./stm_startup/startup_stm32f10x_md.o
I2C2_ER_IRQHandler                                ./stm_startup/startup_stm32f10x_md.o
I2C2_EV_IRQHandler                                ./stm_startup/startup_stm32f10x_md.o
LinkedList_add                                    ./src/common/LinkedList.o
                                                  ./src/soft_timers/SoftwareTimer.o
LinkedList_allocate                               ./src/common/LinkedList.o
                                                  ./src/soft_timers/SoftwareTimer.o
LinkedList_free                                   ./src/common/LinkedList.o
LinkedList_remove                                 ./src/common/LinkedList.o
MemManage_Handler                                 ./stm_startup/startup_stm32f10x_md.o
NMI_Handler                                       ./stm_startup/startup_stm32f10x_md.o
PVD_IRQHandler                                    ./stm_startup/startup_stm32f10x_md.o
PendSV_Handler                                    ./stm_startup/startup_stm32f10x_md.o
RCC_ADCCLKConfig                                  ./src/stm32f10x_rcc.o
RCC_AHBPeriphClockCmd                             ./src/stm32f10x_rcc.o
RCC_APB1PeriphClockCmd                            ./src/stm32f10x_rcc.o
RCC_APB1PeriphResetCmd                            ./src/stm32f10x_rcc.o
                                                  ./src/stm32f10x_usart.o
RCC_APB2PeriphClockCmd                            ./src/stm32f10x_rcc.o
RCC_APB2PeriphResetCmd                            ./src/stm32f10x_rcc.o
                                                  ./src/stm32f10x_usart.o
                                                  ./src/stm32f10x_gpio.o
RCC_AdjustHSICalibrationValue                     ./src/stm32f10x_rcc.o
RCC_BackupResetCmd                                ./src/stm32f10x_rcc.o
RCC_ClearFlag                                     ./src/stm32f10x_rcc.o
RCC_ClearITPendingBit                             ./src/stm32f10x_rcc.o
RCC_ClockSecuritySystemCmd                        ./src/stm32f10x_rcc.o
RCC_DeInit                                        ./src/stm32f10x_rcc.o
RCC_GetClocksFreq                                 ./src/stm32f10x_rcc.o
                                                  ./src/stm32f10x_usart.o
RCC_GetFlagStatus                                 ./src/stm32f10x_rcc.o
RCC_GetITStatus                                   ./src/stm32f10x_rcc.o
RCC_GetSYSCLKSource                               ./src/stm32f10x_rcc.o
RCC_HCLKConfig                                    ./src/stm32f10x_rcc.o
RCC_HSEConfig                                     ./src/stm32f10x_rcc.o
RCC_HSICmd                                        ./src/stm32f10x_rcc.o
RCC_IRQHandler                                    ./stm_startup/startup_stm32f10x_md.o
RCC_ITConfig                                      ./src/stm32f10x_rcc.o
RCC_LSEConfig                                     ./src/stm32f10x_rcc.o
RCC_LSICmd                                        ./src/stm32f10x_rcc.o
RCC_MCOConfig                                     ./src/stm32f10x_rcc.o
RCC_PCLK1Config                                   ./src/stm32f10x_rcc.o
RCC_PCLK2Config                                   ./src/stm32f10x_rcc.o
RCC_PLLCmd                                        ./src/stm32f10x_rcc.o
RCC_PLLConfig                                     ./src/stm32f10x_rcc.o
RCC_RTCCLKCmd                                     ./src/stm32f10x_rcc.o
RCC_RTCCLKConfig                                  ./src/stm32f10x_rcc.o
RCC_SYSCLKConfig                                  ./src/stm32f10x_rcc.o
RCC_USBCLKConfig                                  ./src/stm32f10x_rcc.o
RCC_WaitForHSEStartUp                             ./src/stm32f10x_rcc.o
RTCAlarm_IRQHandler                               ./stm_startup/startup_stm32f10x_md.o
RTC_IRQHandler                                    ./stm_startup/startup_stm32f10x_md.o
Reset_Handler                                     ./stm_startup/startup_stm32f10x_md.o
SPI1_IRQHandler                                   ./src/avr_flasher.o
                                                  ./stm_startup/startup_stm32f10x_md.o
SPI2_IRQHandler                                   ./stm_startup/startup_stm32f10x_md.o
SPI_RX_not_empty                                  ./src/spi.o
                                                  ./src/avr_flasher.o
SPI_TX_is_empty                                   ./src/spi.o
SPI_busy                                          ./src/spi.o
SPI_disable                                       ./src/spi.o
SPI_enable                                        ./src/spi.o
                                                  ./src/controller.o
                                                  ./src/avr_flasher.o