Archive member included because of file (symbol)

/home/kripton/Applications/EmbeddedArm/gcc-arm-none-eabi-4_9-2015q2/arm-none-eabi/lib/libc.a(lib_a-exit.o)
                              /home/kripton/Applications/EmbeddedArm/gcc-arm-none-eabi-4_9-2015q2/bin/../lib/gcc/arm-none-eabi/4.9.3/../../../../arm-none-eabi/lib/armv7-m/crt0.o (exit)
/home/kripton/Applications/EmbeddedArm/gcc-arm-none-eabi-4_9-2015q2/arm-none-eabi/lib/libc.a(lib_a-impure.o)
                              /home/kripton/Applications/EmbeddedArm/gcc-arm-none-eabi-4_9-2015q2/arm-none-eabi/lib/libc.a(lib_a-exit.o) (_global_impure_ptr)
/home/kripton/Applications/EmbeddedArm/gcc-arm-none-eabi-4_9-2015q2/arm-none-eabi/lib/libc.a(lib_a-init.o)
                              /home/kripton/Applications/EmbeddedArm/gcc-arm-none-eabi-4_9-2015q2/bin/../lib/gcc/arm-none-eabi/4.9.3/../../../../arm-none-eabi/lib/armv7-m/crt0.o (__libc_init_array)
/home/kripton/Applications/EmbeddedArm/gcc-arm-none-eabi-4_9-2015q2/arm-none-eabi/lib/libc.a(lib_a-memset.o)
                              /home/kripton/Applications/EmbeddedArm/gcc-arm-none-eabi-4_9-2015q2/bin/../lib/gcc/arm-none-eabi/4.9.3/../../../../arm-none-eabi/lib/armv7-m/crt0.o (memset)
/home/kripton/Applications/EmbeddedArm/gcc-arm-none-eabi-4_9-2015q2/arm-none-eabi/lib/libc.a(lib_a-__call_atexit.o)
                              /home/kripton/Applications/EmbeddedArm/gcc-arm-none-eabi-4_9-2015q2/arm-none-eabi/lib/libc.a(lib_a-exit.o) (__call_exitprocs)
/home/kripton/Applications/EmbeddedArm/gcc-arm-none-eabi-4_9-2015q2/arm-none-eabi/lib/libc.a(lib_a-atexit.o)
                              /home/kripton/Applications/EmbeddedArm/gcc-arm-none-eabi-4_9-2015q2/arm-none-eabi/lib/libc.a(lib_a-__call_atexit.o) (atexit)
/home/kripton/Applications/EmbeddedArm/gcc-arm-none-eabi-4_9-2015q2/arm-none-eabi/lib/libc.a(lib_a-fini.o)
                              /home/kripton/Applications/EmbeddedArm/gcc-arm-none-eabi-4_9-2015q2/arm-none-eabi/lib/libc.a(lib_a-__call_atexit.o) (__libc_fini_array)
/home/kripton/Applications/EmbeddedArm/gcc-arm-none-eabi-4_9-2015q2/arm-none-eabi/lib/libc.a(lib_a-__atexit.o)
                              /home/kripton/Applications/EmbeddedArm/gcc-arm-none-eabi-4_9-2015q2/arm-none-eabi/lib/libc.a(lib_a-atexit.o) (__register_exitproc)

Allocating common symbols
Common symbol       size              file

Driver_UART1        0x38              ./src/main.o

Discarded input sections

 .text          0x00000000        0x0 /home/kripton/Applications/EmbeddedArm/gcc-arm-none-eabi-4_9-2015q2/bin/../lib/gcc/arm-none-eabi/4.9.3/armv7-m/crti.o
 .data          0x00000000        0x0 /home/kripton/Applications/EmbeddedArm/gcc-arm-none-eabi-4_9-2015q2/bin/../lib/gcc/arm-none-eabi/4.9.3/armv7-m/crti.o
 .bss           0x00000000        0x0 /home/kripton/Applications/EmbeddedArm/gcc-arm-none-eabi-4_9-2015q2/bin/../lib/gcc/arm-none-eabi/4.9.3/armv7-m/crti.o
 .data          0x00000000        0x4 /home/kripton/Applications/EmbeddedArm/gcc-arm-none-eabi-4_9-2015q2/bin/../lib/gcc/arm-none-eabi/4.9.3/armv7-m/crtbegin.o
 .text          0x00000000       0x74 /home/kripton/Applications/EmbeddedArm/gcc-arm-none-eabi-4_9-2015q2/bin/../lib/gcc/arm-none-eabi/4.9.3/../../../../arm-none-eabi/lib/armv7-m/crt0.o
 .data          0x00000000        0x0 /home/kripton/Applications/EmbeddedArm/gcc-arm-none-eabi-4_9-2015q2/bin/../lib/gcc/arm-none-eabi/4.9.3/../../../../arm-none-eabi/lib/armv7-m/crt0.o
 .bss           0x00000000        0x0 /home/kripton/Applications/EmbeddedArm/gcc-arm-none-eabi-4_9-2015q2/bin/../lib/gcc/arm-none-eabi/4.9.3/../../../../arm-none-eabi/lib/armv7-m/crt0.o
 .ARM.extab     0x00000000        0x0 /home/kripton/Applications/EmbeddedArm/gcc-arm-none-eabi-4_9-2015q2/bin/../lib/gcc/arm-none-eabi/4.9.3/../../../../arm-none-eabi/lib/armv7-m/crt0.o
 .ARM.exidx     0x00000000        0x8 /home/kripton/Applications/EmbeddedArm/gcc-arm-none-eabi-4_9-2015q2/bin/../lib/gcc/arm-none-eabi/4.9.3/../../../../arm-none-eabi/lib/armv7-m/crt0.o
 .ARM.attributes
                0x00000000       0x1b /home/kripton/Applications/EmbeddedArm/gcc-arm-none-eabi-4_9-2015q2/bin/../lib/gcc/arm-none-eabi/4.9.3/../../../../arm-none-eabi/lib/armv7-m/crt0.o
 .text          0x00000000       0x14 ./stm_startup/startup_stm32f10x_md.o
 .data          0x00000000        0x0 ./stm_startup/startup_stm32f10x_md.o
 .bss           0x00000000        0x0 ./stm_startup/startup_stm32f10x_md.o
 .bss           0x00000000        0x0 ./stm_startup/system_stm32f10x.o
 .text          0x00000000        0x0 ./src/main.o
 .data          0x00000000        0x0 ./src/main.o
 .bss           0x00000000        0x4 ./src/main.o
 COMMON         0x00000000       0x38 ./src/main.o
 .text          0x00000000       0x50 ./src/syscalls.o
 .data          0x00000000        0x0 ./src/syscalls.o
 .bss           0x00000000        0x4 ./src/syscalls.o
 .comment       0x00000000       0x71 ./src/syscalls.o
 .ARM.attributes
                0x00000000       0x33 ./src/syscalls.o
 .text          0x00000000       0xa4 ./cmsis_core/core_cm3.o
 .data          0x00000000        0x0 ./cmsis_core/core_cm3.o
 .bss           0x00000000        0x0 ./cmsis_core/core_cm3.o
 .comment       0x00000000       0x71 ./cmsis_core/core_cm3.o
 .ARM.attributes
                0x00000000       0x33 ./cmsis_core/core_cm3.o
 .text          0x00000000        0x0 /home/kripton/Applications/EmbeddedArm/gcc-arm-none-eabi-4_9-2015q2/arm-none-eabi/lib/libc.a(lib_a-exit.o)
 .data          0x00000000        0x0 /home/kripton/Applications/EmbeddedArm/gcc-arm-none-eabi-4_9-2015q2/arm-none-eabi/lib/libc.a(lib_a-exit.o)
 .bss           0x00000000        0x0 /home/kripton/Applications/EmbeddedArm/gcc-arm-none-eabi-4_9-2015q2/arm-none-eabi/lib/libc.a(lib_a-exit.o)
 .text.exit     0x00000000       0x34 /home/kripton/Applications/EmbeddedArm/gcc-arm-none-eabi-4_9-2015q2/arm-none-eabi/lib/libc.a(lib_a-exit.o)
 .debug_frame   0x00000000       0x28 /home/kripton/Applications/EmbeddedArm/gcc-arm-none-eabi-4_9-2015q2/arm-none-eabi/lib/libc.a(lib_a-exit.o)
 .ARM.attributes
                0x00000000       0x30 /home/kripton/Applications/EmbeddedArm/gcc-arm-none-eabi-4_9-2015q2/arm-none-eabi/lib/libc.a(lib_a-exit.o)
 .text          0x00000000        0x0 /home/kripton/Applications/EmbeddedArm/gcc-arm-none-eabi-4_9-2015q2/arm-none-eabi/lib/libc.a(lib_a-impure.o)
 .data          0x00000000        0x0 /home/kripton/Applications/EmbeddedArm/gcc-arm-none-eabi-4_9-2015q2/arm-none-eabi/lib/libc.a(lib_a-impure.o)
 .bss           0x00000000        0x0 /home/kripton/Applications/EmbeddedArm/gcc-arm-none-eabi-4_9-2015q2/arm-none-eabi/lib/libc.a(lib_a-impure.o)
 .data._impure_ptr
                0x00000000        0x4 /home/kripton/Applications/EmbeddedArm/gcc-arm-none-eabi-4_9-2015q2/arm-none-eabi/lib/libc.a(lib_a-impure.o)
 .text          0x00000000        0x0 /home/kripton/Applications/EmbeddedArm/gcc-arm-none-eabi-4_9-2015q2/arm-none-eabi/lib/libc.a(lib_a-init.o)
 .data          0x00000000        0x0 /home/kripton/Applications/EmbeddedArm/gcc-arm-none-eabi-4_9-2015q2/arm-none-eabi/lib/libc.a(lib_a-init.o)
 .bss           0x00000000        0x0 /home/kripton/Applications/EmbeddedArm/gcc-arm-none-eabi-4_9-2015q2/arm-none-eabi/lib/libc.a(lib_a-init.o)
 .text.__libc_init_array
                0x00000000       0x80 /home/kripton/Applications/EmbeddedArm/gcc-arm-none-eabi-4_9-2015q2/arm-none-eabi/lib/libc.a(lib_a-init.o)
 .debug_frame   0x00000000       0x34 /home/kripton/Applications/EmbeddedArm/gcc-arm-none-eabi-4_9-2015q2/arm-none-eabi/lib/libc.a(lib_a-init.o)
 .ARM.attributes
                0x00000000       0x30 /home/kripton/Applications/EmbeddedArm/gcc-arm-none-eabi-4_9-2015q2/arm-none-eabi/lib/libc.a(lib_a-init.o)
 .text          0x00000000        0x0 /home/kripton/Applications/EmbeddedArm/gcc-arm-none-eabi-4_9-2015q2/arm-none-eabi/lib/libc.a(lib_a-memset.o)
 .data          0x00000000        0x0 /home/kripton/Applications/EmbeddedArm/gcc-arm-none-eabi-4_9-2015q2/arm-none-eabi/lib/libc.a(lib_a-memset.o)
 .bss           0x00000000        0x0 /home/kripton/Applications/EmbeddedArm/gcc-arm-none-eabi-4_9-2015q2/arm-none-eabi/lib/libc.a(lib_a-memset.o)
 .text.memset   0x00000000       0xf4 /home/kripton/Applications/EmbeddedArm/gcc-arm-none-eabi-4_9-2015q2/arm-none-eabi/lib/libc.a(lib_a-memset.o)
 .debug_frame   0x00000000       0x30 /home/kripton/Applications/EmbeddedArm/gcc-arm-none-eabi-4_9-2015q2/arm-none-eabi/lib/libc.a(lib_a-memset.o)
 .ARM.attributes
                0x00000000       0x30 /home/kripton/Applications/EmbeddedArm/gcc-arm-none-eabi-4_9-2015q2/arm-none-eabi/lib/libc.a(lib_a-memset.o)
 .text          0x00000000        0x0 /home/kripton/Applications/EmbeddedArm/gcc-arm-none-eabi-4_9-2015q2/arm-none-eabi/lib/libc.a(lib_a-__call_atexit.o)
 .data          0x00000000        0x0 /home/kripton/Applications/EmbeddedArm/gcc-arm-none-eabi-4_9-2015q2/arm-none-eabi/lib/libc.a(lib_a-__call_atexit.o)
 .bss           0x00000000        0x0 /home/kripton/Applications/EmbeddedArm/gcc-arm-none-eabi-4_9-2015q2/arm-none-eabi/lib/libc.a(lib_a-__call_atexit.o)
 .text.__call_exitprocs
                0x00000000      0x16c /home/kripton/Applications/EmbeddedArm/gcc-arm-none-eabi-4_9-2015q2/arm-none-eabi/lib/libc.a(lib_a-__call_atexit.o)
 .text          0x00000000        0x0 /home/kripton/Applications/EmbeddedArm/gcc-arm-none-eabi-4_9-2015q2/arm-none-eabi/lib/libc.a(lib_a-atexit.o)
 .data          0x00000000        0x0 /home/kripton/Applications/EmbeddedArm/gcc-arm-none-eabi-4_9-2015q2/arm-none-eabi/lib/libc.a(lib_a-atexit.o)
 .bss           0x00000000        0x0 /home/kripton/Applications/EmbeddedArm/gcc-arm-none-eabi-4_9-2015q2/arm-none-eabi/lib/libc.a(lib_a-atexit.o)
 .text          0x00000000        0x0 /home/kripton/Applications/EmbeddedArm/gcc-arm-none-eabi-4_9-2015q2/arm-none-eabi/lib/libc.a(lib_a-fini.o)
 .data          0x00000000        0x0 /home/kripton/Applications/EmbeddedArm/gcc-arm-none-eabi-4_9-2015q2/arm-none-eabi/lib/libc.a(lib_a-fini.o)
 .bss           0x00000000        0x0 /home/kripton/Applications/EmbeddedArm/gcc-arm-none-eabi-4_9-2015q2/arm-none-eabi/lib/libc.a(lib_a-fini.o)
 .text          0x00000000        0x0 /home/kripton/Applications/EmbeddedArm/gcc-arm-none-eabi-4_9-2015q2/arm-none-eabi/lib/libc.a(lib_a-__atexit.o)
 .data          0x00000000        0x0 /home/kripton/Applications/EmbeddedArm/gcc-arm-none-eabi-4_9-2015q2/arm-none-eabi/lib/libc.a(lib_a-__atexit.o)
 .bss           0x00000000        0x0 /home/kripton/Applications/EmbeddedArm/gcc-arm-none-eabi-4_9-2015q2/arm-none-eabi/lib/libc.a(lib_a-__atexit.o)
 .text          0x00000000        0x0 /home/kripton/Applications/EmbeddedArm/gcc-arm-none-eabi-4_9-2015q2/bin/../lib/gcc/arm-none-eabi/4.9.3/armv7-m/crtend.o
 .data          0x00000000        0x0 /home/kripton/Applications/EmbeddedArm/gcc-arm-none-eabi-4_9-2015q2/bin/../lib/gcc/arm-none-eabi/4.9.3/armv7-m/crtend.o
 .bss           0x00000000        0x0 /home/kripton/Applications/EmbeddedArm/gcc-arm-none-eabi-4_9-2015q2/bin/../lib/gcc/arm-none-eabi/4.9.3/armv7-m/crtend.o
 .eh_frame      0x00000000        0x4 /home/kripton/Applications/EmbeddedArm/gcc-arm-none-eabi-4_9-2015q2/bin/../lib/gcc/arm-none-eabi/4.9.3/armv7-m/crtend.o
 .jcr           0x00000000        0x4 /home/kripton/Applications/EmbeddedArm/gcc-arm-none-eabi-4_9-2015q2/bin/../lib/gcc/arm-none-eabi/4.9.3/armv7-m/crtend.o
 .ARM.attributes
                0x00000000       0x2d /home/kripton/Applications/EmbeddedArm/gcc-arm-none-eabi-4_9-2015q2/bin/../lib/gcc/arm-none-eabi/4.9.3/armv7-m/crtend.o
 .text          0x00000000        0x0 /home/kripton/Applications/EmbeddedArm/gcc-arm-none-eabi-4_9-2015q2/bin/../lib/gcc/arm-none-eabi/4.9.3/armv7-m/crtn.o
 .data          0x00000000        0x0 /home/kripton/Applications/EmbeddedArm/gcc-arm-none-eabi-4_9-2015q2/bin/../lib/gcc/arm-none-eabi/4.9.3/armv7-m/crtn.o
 .bss           0x00000000        0x0 /home/kripton/Applications/EmbeddedArm/gcc-arm-none-eabi-4_9-2015q2/bin/../lib/gcc/arm-none-eabi/4.9.3/armv7-m/crtn.o

Memory Configuration

Name             Origin             Length             Attributes
FLASH            0x08000000         0x00020000         xr
RAM              0x20000000         0x00005000         xrw
MEMORY_B1        0x60000000         0x00000000         xr
*default*        0x00000000         0xffffffff

Linker script and memory map

LOAD /home/kripton/Applications/EmbeddedArm/gcc-arm-none-eabi-4_9-2015q2/bin/../lib/gcc/arm-none-eabi/4.9.3/armv7-m/crti.o
LOAD /home/kripton/Applications/EmbeddedArm/gcc-arm-none-eabi-4_9-2015q2/bin/../lib/gcc/arm-none-eabi/4.9.3/armv7-m/crtbegin.o
LOAD /home/kripton/Applications/EmbeddedArm/gcc-arm-none-eabi-4_9-2015q2/bin/../lib/gcc/arm-none-eabi/4.9.3/../../../../arm-none-eabi/lib/armv7-m/crt0.o
LOAD ./stm_startup/startup_stm32f10x_md.o
LOAD ./stm_startup/system_stm32f10x.o
LOAD ./src/main.o
LOAD ./src/syscalls.o
LOAD ./cmsis_core/core_cm3.o
START GROUP
LOAD /home/kripton/Applications/EmbeddedArm/gcc-arm-none-eabi-4_9-2015q2/bin/../lib/gcc/arm-none-eabi/4.9.3/armv7-m/libgcc.a
LOAD /home/kripton/Applications/EmbeddedArm/gcc-arm-none-eabi-4_9-2015q2/arm-none-eabi/lib/libc.a
END GROUP
LOAD /home/kripton/Applications/EmbeddedArm/gcc-arm-none-eabi-4_9-2015q2/bin/../lib/gcc/arm-none-eabi/4.9.3/armv7-m/crtend.o
LOAD /home/kripton/Applications/EmbeddedArm/gcc-arm-none-eabi-4_9-2015q2/bin/../lib/gcc/arm-none-eabi/4.9.3/armv7-m/crtn.o
                0x20005000                _estack = 0x20005000
                0x00000000                _Min_Heap_Size = 0x0
                0x00000100                _Min_Stack_Size = 0x100

.isr_vector     0x08000000      0x10c
                0x08000000                . = ALIGN (0x4)
 *(.isr_vector)
 .isr_vector    0x08000000      0x10c ./stm_startup/startup_stm32f10x_md.o
                0x08000000                g_pfnVectors
                0x0800010c                . = ALIGN (0x4)

.eh_frame       0x0800010c        0x0
 .eh_frame      0x0800010c        0x0 /home/kripton/Applications/EmbeddedArm/gcc-arm-none-eabi-4_9-2015q2/bin/../lib/gcc/arm-none-eabi/4.9.3/armv7-m/crtbegin.o

.text           0x0800010c      0x478
                0x0800010c                . = ALIGN (0x4)
 *(.text)
 .text          0x0800010c       0x5c /home/kripton/Applications/EmbeddedArm/gcc-arm-none-eabi-4_9-2015q2/bin/../lib/gcc/arm-none-eabi/4.9.3/armv7-m/crtbegin.o
 .text          0x08000168      0x15c ./stm_startup/system_stm32f10x.o
                0x08000168                SystemInit
                0x0800026c                SystemCoreClockUpdate
 *(.text*)
 .text.Reset_Handler
                0x080002c4       0x44 ./stm_startup/startup_stm32f10x_md.o
                0x080002c4                Reset_Handler
 .text.Default_Handler
                0x08000308        0x2 ./stm_startup/startup_stm32f10x_md.o
                0x08000308                EXTI2_IRQHandler
                0x08000308                DebugMon_Handler
                0x08000308                TIM1_CC_IRQHandler
                0x08000308                HardFault_Handler
                0x08000308                SysTick_Handler
                0x08000308                PVD_IRQHandler
                0x08000308                PendSV_Handler
                0x08000308                NMI_Handler
                0x08000308                EXTI3_IRQHandler
                0x08000308                EXTI0_IRQHandler
                0x08000308                I2C2_EV_IRQHandler
                0x08000308                UsageFault_Handler
                0x08000308                ADC1_2_IRQHandler
                0x08000308                SPI1_IRQHandler
                0x08000308                TAMPER_IRQHandler
                0x08000308                DMA1_Channel4_IRQHandler
                0x08000308                USART3_IRQHandler
                0x08000308                RTC_IRQHandler
                0x08000308                DMA1_Channel7_IRQHandler
                0x08000308                CAN1_RX1_IRQHandler
                0x08000308                TIM4_IRQHandler
                0x08000308                I2C1_EV_IRQHandler
                0x08000308                DMA1_Channel6_IRQHandler
                0x08000308                TIM3_IRQHandler
                0x08000308                RCC_IRQHandler
                0x08000308                TIM1_TRG_COM_IRQHandler
                0x08000308                DMA1_Channel1_IRQHandler
                0x08000308                Default_Handler
                0x08000308                EXTI15_10_IRQHandler
                0x08000308                EXTI9_5_IRQHandler
                0x08000308                SPI2_IRQHandler
                0x08000308                MemManage_Handler
                0x08000308                SVC_Handler
                0x08000308                DMA1_Channel5_IRQHandler
                0x08000308                EXTI4_IRQHandler
                0x08000308                USB_LP_CAN1_RX0_IRQHandler
                0x08000308                USB_HP_CAN1_TX_IRQHandler
                0x08000308                DMA1_Channel3_IRQHandler
                0x08000308                TIM1_UP_IRQHandler
                0x08000308                WWDG_IRQHandler
                0x08000308                TIM2_IRQHandler
                0x08000308                TIM1_BRK_IRQHandler
                0x08000308                EXTI1_IRQHandler
                0x08000308                RTCAlarm_IRQHandler
                0x08000308                USART2_IRQHandler
                0x08000308                I2C2_ER_IRQHandler
                0x08000308                DMA1_Channel2_IRQHandler
                0x08000308                CAN1_SCE_IRQHandler
                0x08000308                FLASH_IRQHandler
                0x08000308                BusFault_Handler
                0x08000308                USART1_IRQHandler
                0x08000308                I2C1_ER_IRQHandler
                0x08000308                USBWakeUp_IRQHandler
 *fill*         0x0800030a        0x2 
 .text.startup  0x0800030c       0xec ./src/main.o
                0x0800030c                main
 .text.startup.register_fini
                0x080003f8       0x24 /home/kripton/Applications/EmbeddedArm/gcc-arm-none-eabi-4_9-2015q2/arm-none-eabi/lib/libc.a(lib_a-__call_atexit.o)
 .text.atexit   0x0800041c       0x20 /home/kripton/Applications/EmbeddedArm/gcc-arm-none-eabi-4_9-2015q2/arm-none-eabi/lib/libc.a(lib_a-atexit.o)
                0x0800041c                atexit
 .text.__libc_fini_array
                0x0800043c       0x48 /home/kripton/Applications/EmbeddedArm/gcc-arm-none-eabi-4_9-2015q2/arm-none-eabi/lib/libc.a(lib_a-fini.o)
                0x0800043c                __libc_fini_array
 .text.__register_exitproc
                0x08000484       0xe0 /home/kripton/Applications/EmbeddedArm/gcc-arm-none-eabi-4_9-2015q2/arm-none-eabi/lib/libc.a(lib_a-__atexit.o)
                0x08000484                __register_exitproc
 *(.rodata)
 *(.rodata*)
 .rodata.str1.4
                0x08000564        0x4 /home/kripton/Applications/EmbeddedArm/gcc-arm-none-eabi-4_9-2015q2/arm-none-eabi/lib/libc.a(lib_a-impure.o)
                                  0x2 (size before relaxing)
 .rodata._global_impure_ptr
                0x08000568        0x4 /home/kripton/Applications/EmbeddedArm/gcc-arm-none-eabi-4_9-2015q2/arm-none-eabi/lib/libc.a(lib_a-impure.o)
                0x08000568                _global_impure_ptr
 *(.glue_7)
 .glue_7        0x00000000        0x0 linker stubs
 *(.glue_7t)
 .glue_7t       0x00000000        0x0 linker stubs
 *(.init)
 .init          0x0800056c        0x4 /home/kripton/Applications/EmbeddedArm/gcc-arm-none-eabi-4_9-2015q2/bin/../lib/gcc/arm-none-eabi/4.9.3/armv7-m/crti.o
                0x0800056c                _init
 .init          0x08000570        0x8 /home/kripton/Applications/EmbeddedArm/gcc-arm-none-eabi-4_9-2015q2/bin/../lib/gcc/arm-none-eabi/4.9.3/armv7-m/crtn.o
 *(.fini)
 .fini          0x08000578        0x4 /home/kripton/Applications/EmbeddedArm/gcc-arm-none-eabi-4_9-2015q2/bin/../lib/gcc/arm-none-eabi/4.9.3/armv7-m/crti.o
                0x08000578                _fini
 .fini          0x0800057c        0x8 /home/kripton/Applications/EmbeddedArm/gcc-arm-none-eabi-4_9-2015q2/bin/../lib/gcc/arm-none-eabi/4.9.3/armv7-m/crtn.o
                0x08000584                . = ALIGN (0x4)
                0x08000584                _etext = .

.vfp11_veneer   0x08000584        0x0
 .vfp11_veneer  0x00000000        0x0 linker stubs

.v4_bx          0x08000584        0x0
 .v4_bx         0x00000000        0x0 linker stubs

.iplt           0x08000584        0x0
 .iplt          0x00000000        0x0 /home/kripton/Applications/EmbeddedArm/gcc-arm-none-eabi-4_9-2015q2/bin/../lib/gcc/arm-none-eabi/4.9.3/armv7-m/crtbegin.o

.rel.dyn        0x08000584        0x0
 .rel.iplt      0x00000000        0x0 /home/kripton/Applications/EmbeddedArm/gcc-arm-none-eabi-4_9-2015q2/bin/../lib/gcc/arm-none-eabi/4.9.3/armv7-m/crtbegin.o

.ARM.extab
 *(.ARM.extab* .gnu.linkonce.armextab.*)

.ARM            0x08000584        0x0
                0x08000584                __exidx_start = .
 *(.ARM.exidx*)
                0x08000584                __exidx_end = .

.ARM.attributes
                0x08000584       0x2b
 *(.ARM.attributes)
 .ARM.attributes
                0x08000584       0x1d /home/kripton/Applications/EmbeddedArm/gcc-arm-none-eabi-4_9-2015q2/bin/../lib/gcc/arm-none-eabi/4.9.3/armv7-m/crti.o
 .ARM.attributes
                0x080005a1       0x2d /home/kripton/Applications/EmbeddedArm/gcc-arm-none-eabi-4_9-2015q2/bin/../lib/gcc/arm-none-eabi/4.9.3/armv7-m/crtbegin.o
 .ARM.attributes
                0x080005ce       0x21 ./stm_startup/startup_stm32f10x_md.o
 .ARM.attributes
                0x080005ef       0x33 ./stm_startup/system_stm32f10x.o
 .ARM.attributes
                0x08000622       0x33 ./src/main.o
 .ARM.attributes
                0x08000655       0x30 /home/kripton/Applications/EmbeddedArm/gcc-arm-none-eabi-4_9-2015q2/arm-none-eabi/lib/libc.a(lib_a-impure.o)
 .ARM.attributes
                0x08000685       0x30 /home/kripton/Applications/EmbeddedArm/gcc-arm-none-eabi-4_9-2015q2/arm-none-eabi/lib/libc.a(lib_a-__call_atexit.o)
 .ARM.attributes
                0x080006b5       0x30 /home/kripton/Applications/EmbeddedArm/gcc-arm-none-eabi-4_9-2015q2/arm-none-eabi/lib/libc.a(lib_a-atexit.o)
 .ARM.attributes
                0x080006e5       0x30 /home/kripton/Applications/EmbeddedArm/gcc-arm-none-eabi-4_9-2015q2/arm-none-eabi/lib/libc.a(lib_a-fini.o)
 .ARM.attributes
                0x08000715       0x30 /home/kripton/Applications/EmbeddedArm/gcc-arm-none-eabi-4_9-2015q2/arm-none-eabi/lib/libc.a(lib_a-__atexit.o)
 .ARM.attributes
                0x08000745       0x1d /home/kripton/Applications/EmbeddedArm/gcc-arm-none-eabi-4_9-2015q2/bin/../lib/gcc/arm-none-eabi/4.9.3/armv7-m/crtn.o

.preinit_array  0x08000584        0x0
                0x08000584                PROVIDE (__preinit_array_start, .)
 *(.preinit_array*)
                0x08000584                PROVIDE (__preinit_array_end, .)

.init_array     0x08000584        0x8
                0x08000584                PROVIDE (__init_array_start, .)
 *(SORT(.init_array.*))
 .init_array.00000
                0x08000584        0x4 /home/kripton/Applications/EmbeddedArm/gcc-arm-none-eabi-4_9-2015q2/arm-none-eabi/lib/libc.a(lib_a-__call_atexit.o)
 *(.init_array*)
 .init_array    0x08000588        0x4 /home/kripton/Applications/EmbeddedArm/gcc-arm-none-eabi-4_9-2015q2/bin/../lib/gcc/arm-none-eabi/4.9.3/armv7-m/crtbegin.o
                0x0800058c                PROVIDE (__init_array_end, .)

.fini_array     0x0800058c        0x4
                0x0800058c                PROVIDE (__fini_array_start, .)
 *(.fini_array*)
 .fini_array    0x0800058c        0x4 /home/kripton/Applications/EmbeddedArm/gcc-arm-none-eabi-4_9-2015q2/bin/../lib/gcc/arm-none-eabi/4.9.3/armv7-m/crtbegin.o
 *(SORT(.fini_array.*))
                0x08000590                PROVIDE (__fini_array_end, .)
                0x08000590                _sidata = .

.data           0x20000000      0x440 load address 0x08000590
                0x20000000                . = ALIGN (0x4)
                0x20000000                _sdata = .
 *(.data)
 .data          0x20000000       0x14 ./stm_startup/system_stm32f10x.o
                0x20000000                AHBPrescTable
                0x20000010                SystemCoreClock
 *(.data*)
 *fill*         0x20000014        0x4 
 .data.impure_data
                0x20000018      0x428 /home/kripton/Applications/EmbeddedArm/gcc-arm-none-eabi-4_9-2015q2/arm-none-eabi/lib/libc.a(lib_a-impure.o)
                0x20000440                . = ALIGN (0x4)
                0x20000440                _edata = .

.jcr            0x20000440        0x0 load address 0x080009d0
 .jcr           0x20000440        0x0 /home/kripton/Applications/EmbeddedArm/gcc-arm-none-eabi-4_9-2015q2/bin/../lib/gcc/arm-none-eabi/4.9.3/armv7-m/crtbegin.o

.igot.plt       0x20000440        0x0 load address 0x080009d0
 .igot.plt      0x00000000        0x0 /home/kripton/Applications/EmbeddedArm/gcc-arm-none-eabi-4_9-2015q2/bin/../lib/gcc/arm-none-eabi/4.9.3/armv7-m/crtbegin.o
                0x20000440                . = ALIGN (0x4)

.bss            0x20000440       0x1c load address 0x080009d0
                0x20000440                _sbss = .
                0x20000440                __bss_start__ = _sbss
 *(.bss)
 .bss           0x20000440       0x1c /home/kripton/Applications/EmbeddedArm/gcc-arm-none-eabi-4_9-2015q2/bin/../lib/gcc/arm-none-eabi/4.9.3/armv7-m/crtbegin.o
 *(.bss*)
 *(COMMON)
                0x2000045c                . = ALIGN (0x4)
                0x2000045c                _ebss = .
                0x2000045c                __bss_end__ = _ebss
                0x2000045c                PROVIDE (end, _ebss)
                0x2000045c                PROVIDE (_end, _ebss)

._user_heap_stack
                0x2000045c      0x100 load address 0x080009ec
                0x2000045c                . = ALIGN (0x4)
                0x2000045c                . = (. + _Min_Heap_Size)
                0x2000055c                . = (. + _Min_Stack_Size)
 *fill*         0x2000045c      0x100 
                0x2000055c                . = ALIGN (0x4)

.memory_b1_text
 *(.mb1text)
 *(.mb1text*)
 *(.mb1rodata)
 *(.mb1rodata*)

/DISCARD/
 libc.a(*)
 libm.a(*)
 libgcc.a(*)
OUTPUT(STM32F10_TEMPLATE elf32-littlearm)

.comment        0x00000000       0x70
 .comment       0x00000000       0x70 ./stm_startup/system_stm32f10x.o
                                 0x71 (size before relaxing)
 .comment       0x00000000       0x71 ./src/main.o

.debug_frame    0x00000000      0x104
 .debug_frame   0x00000000       0x68 /home/kripton/Applications/EmbeddedArm/gcc-arm-none-eabi-4_9-2015q2/arm-none-eabi/lib/libc.a(lib_a-__call_atexit.o)
 .debug_frame   0x00000068       0x2c /home/kripton/Applications/EmbeddedArm/gcc-arm-none-eabi-4_9-2015q2/arm-none-eabi/lib/libc.a(lib_a-atexit.o)
 .debug_frame   0x00000094       0x34 /home/kripton/Applications/EmbeddedArm/gcc-arm-none-eabi-4_9-2015q2/arm-none-eabi/lib/libc.a(lib_a-fini.o)
 .debug_frame   0x000000c8       0x3c /home/kripton/Applications/EmbeddedArm/gcc-arm-none-eabi-4_9-2015q2/arm-none-eabi/lib/libc.a(lib_a-__atexit.o)

Cross Reference Table

Symbol                                            File
ADC1_2_IRQHandler                                 ./stm_startup/startup_stm32f10x_md.o
AHBPrescTable                                     ./stm_startup/system_stm32f10x.o
BusFault_Handler                                  ./stm_startup/startup_stm32f10x_md.o
CAN1_RX1_IRQHandler                               ./stm_startup/startup_stm32f10x_md.o
CAN1_SCE_IRQHandler                               ./stm_startup/startup_stm32f10x_md.o
DMA1_Channel1_IRQHandler                          ./stm_startup/startup_stm32f10x_md.o
DMA1_Channel2_IRQHandler                          ./stm_startup/startup_stm32f10x_md.o
DMA1_Channel3_IRQHandler                          ./stm_startup/startup_stm32f10x_md.o
DMA1_Channel4_IRQHandler                          ./stm_startup/startup_stm32f10x_md.o
DMA1_Channel5_IRQHandler                          ./stm_startup/startup_stm32f10x_md.o
DMA1_Channel6_IRQHandler                          ./stm_startup/startup_stm32f10x_md.o
DMA1_Channel7_IRQHandler                          ./stm_startup/startup_stm32f10x_md.o
DebugMon_Handler                                  ./stm_startup/startup_stm32f10x_md.o
Default_Handler                                   ./stm_startup/startup_stm32f10x_md.o
Driver_UART1                                      ./src/main.o
EXTI0_IRQHandler                                  ./stm_startup/startup_stm32f10x_md.o
EXTI15_10_IRQHandler                              ./stm_startup/startup_stm32f10x_md.o
EXTI1_IRQHandler                                  ./stm_startup/startup_stm32f10x_md.o
EXTI2_IRQHandler                                  ./stm_startup/startup_stm32f10x_md.o
EXTI3_IRQHandler                                  ./stm_startup/startup_stm32f10x_md.o
EXTI4_IRQHandler                                  ./stm_startup/startup_stm32f10x_md.o
EXTI9_5_IRQHandler                                ./stm_startup/startup_stm32f10x_md.o
FLASH_IRQHandler                                  ./stm_startup/startup_stm32f10x_md.o
HardFault_Handler                                 ./stm_startup/startup_stm32f10x_md.o
I2C1_ER_IRQHandler                                ./stm_startup/startup_stm32f10x_md.o
I2C1_EV_IRQHandler                                ./stm_startup/startup_stm32f10x_md.o
I2C2_ER_IRQHandler                                ./stm_startup/startup_stm32f10x_md.o
I2C2_EV_IRQHandler                                ./stm_startup/startup_stm32f10x_md.o
MemManage_Handler                                 ./stm_startup/startup_stm32f10x_md.o
NMI_Handler                                       ./stm_startup/startup_stm32f10x_md.o
PVD_IRQHandler                                    ./stm_startup/startup_stm32f10x_md.o
PendSV_Handler                                    ./stm_startup/startup_stm32f10x_md.o
RCC_IRQHandler                                    ./stm_startup/startup_stm32f10x_md.o
RTCAlarm_IRQHandler                               ./stm_startup/startup_stm32f10x_md.o
RTC_IRQHandler                                    ./stm_startup/startup_stm32f10x_md.o
Reset_Handler                                     ./stm_startup/startup_stm32f10x_md.o
SPI1_IRQHandler                                   ./stm_startup/startup_stm32f10x_md.o
SPI2_IRQHandler                                   ./stm_startup/startup_stm32f10x_md.o
SVC_Handler                                       ./stm_startup/startup_stm32f10x_md.o
SysTick_Handler                                   ./stm_startup/startup_stm32f10x_md.o
SystemCoreClock                                   ./stm_startup/system_stm32f10x.o
SystemCoreClockUpdate                             ./stm_startup/system_stm32f10x.o
SystemInit                                        ./stm_startup/system_stm32f10x.o
                                                  ./stm_startup/startup_stm32f10x_md.o
TAMPER_IRQHandler                                 ./stm_startup/startup_stm32f10x_md.o
TIM1_BRK_IRQHandler                               ./stm_startup/startup_stm32f10x_md.o
TIM1_CC_IRQHandler                                ./stm_startup/startup_stm32f10x_md.o
TIM1_TRG_COM_IRQHandler                           ./stm_startup/startup_stm32f10x_md.o
TIM1_UP_IRQHandler                                ./stm_startup/startup_stm32f10x_md.o
TIM2_IRQHandler                                   ./stm_startup/startup_stm32f10x_md.o
TIM3_IRQHandler                                   ./stm_startup/startup_stm32f10x_md.o
TIM4_IRQHandler                                   ./stm_startup/startup_stm32f10x_md.o
USART1_IRQHandler                                 ./stm_startup/startup_stm32f10x_md.o
USART2_IRQHandler                                 ./stm_startup/startup_stm32f10x_md.o
USART3_IRQHandler                                 ./stm_startup/startup_stm32f10x_md.o
USBWakeUp_IRQHandler                              ./stm_startup/startup_stm32f10x_md.o
USB_HP_CAN1_TX_IRQHandler                         ./stm_startup/startup_stm32f10x_md.o
USB_LP_CAN1_RX0_IRQHandler                        ./stm_startup/startup_stm32f10x_md.o
UsageFault_Handler                                ./stm_startup/startup_stm32f10x_md.o
WWDG_IRQHandler                                   ./stm_startup/startup_stm32f10x_md.o
_Jv_RegisterClasses                               /home/kripton/Applications/EmbeddedArm/gcc-arm-none-eabi-4_9-2015q2/bin/../lib/gcc/arm-none-eabi/4.9.3/armv7-m/crtbegin.o
__LDREXB                                          ./cmsis_core/core_cm3.o
__LDREXH                                          ./cmsis_core/core_cm3.o
__LDREXW                                          ./cmsis_core/core_cm3.o
__RBIT                                            ./cmsis_core/core_cm3.o
__REV                                             ./cmsis_core/core_cm3.o
__REV16                                           ./cmsis_core/core_cm3.o
__REVSH                                           ./cmsis_core/core_cm3.o
__STREXB                                          ./cmsis_core/core_cm3.o
__STREXH                                          ./cmsis_core/core_cm3.o
__STREXW                                          ./cmsis_core/core_cm3.o
__bss_end__                                       /home/kripton/Applications/EmbeddedArm/gcc-arm-none-eabi-4_9-2015q2/bin/../lib/gcc/arm-none-eabi/4.9.3/../../../../arm-none-eabi/lib/armv7-m/crt0.o
__bss_start__                                     /home/kripton/Applications/EmbeddedArm/gcc-arm-none-eabi-4_9-2015q2/bin/../lib/gcc/arm-none-eabi/4.9.3/../../../../arm-none-eabi/lib/armv7-m/crt0.o
__call_exitprocs                                  /home/kripton/Applications/EmbeddedArm/gcc-arm-none-eabi-4_9-2015q2/arm-none-eabi/lib/libc.a(lib_a-__call_atexit.o)
                                                  /home/kripton/Applications/EmbeddedArm/gcc-arm-none-eabi-4_9-2015q2/arm-none-eabi/lib/libc.a(lib_a-exit.o)
__deregister_frame_info                           /home/kripton/Applications/EmbeddedArm/gcc-arm-none-eabi-4_9-2015q2/bin/../lib/gcc/arm-none-eabi/4.9.3/armv7-m/crtbegin.o
__dso_handle                                      /home/kripton/Applications/EmbeddedArm/gcc-arm-none-eabi-4_9-2015q2/bin/../lib/gcc/arm-none-eabi/4.9.3/armv7-m/crtbegin.o
__fini_array_end                                  /home/kripton/Applications/EmbeddedArm/gcc-arm-none-eabi-4_9-2015q2/arm-none-eabi/lib/libc.a(lib_a-fini.o)
__fini_array_start                                /home/kripton/Applications/EmbeddedArm/gcc-arm-none-eabi-4_9-2015q2/arm-none-eabi/lib/libc.a(lib_a-fini.o)
__get_BASEPRI                                     ./cmsis_core/core_cm3.o
__get_CONTROL                                     ./cmsis_core/core_cm3.o
__get_FAULTMASK                                   ./cmsis_core/core_cm3.o
__get_MSP                                         ./cmsis_core/core_cm3.o
__get_PRIMASK                                     ./cmsis_core/core_cm3.o
__get_PSP                                         ./cmsis_core/core_cm3.o
__init_array_end                                  /home/kripton/Applications/EmbeddedArm/gcc-arm-none-eabi-4_9-2015q2/arm-none-eabi/lib/libc.a(lib_a-init.o)
__init_array_start                                /home/kripton/Applications/EmbeddedArm/gcc-arm-none-eabi-4_9-2015q2/arm-none-eabi/lib/libc.a(lib_a-init.o)
__libc_fini                                       /home/kripton/Applications/EmbeddedArm/gcc-arm-none-eabi-4_9-2015q2/arm-none-eabi/lib/libc.a(lib_a-__call_atexit.o)
__libc_fini_array                                 /home/kripton/Applications/EmbeddedArm/gcc-arm-none-eabi-4_9-2015q2/arm-none-eabi/lib/libc.a(lib_a-fini.o)
                                                  /home/kripton/Applications/EmbeddedArm/gcc-arm-none-eabi-4_9-2015q2/arm-none-eabi/lib/libc.a(lib_a-__call_atexit.o)
                                                  /home/kripton/Applications/EmbeddedArm/gcc-arm-none-eabi-4_9-2015q2/bin/../lib/gcc/arm-none-eabi/4.9.3/../../../../arm-none-eabi/lib/armv7-m/crt0.o
__libc_init_array                                 /home/kripton/Applications/EmbeddedArm/gcc-arm-none-eabi-4_9-2015q2/arm-none-eabi/lib/libc.a(lib_a-init.o)
                                                  /home/kripton/Applications/EmbeddedArm/gcc-arm-none-eabi-4_9-2015q2/bin/../lib/gcc/arm-none-eabi/4.9.3/../../../../arm-none-eabi/lib/armv7-m/crt0.o
__preinit_array_end                               /home/kripton/Applications/EmbeddedArm/gcc-arm-none-eabi-4_9-2015q2/arm-none-eabi/lib/libc.a(lib_a-init.o)
__preinit_array_start                             /home/kripton/Applications/EmbeddedArm/gcc-arm-none-eabi-4_9-2015q2/arm-none-eabi/lib/libc.a(lib_a-init.o)
__register_exitproc                               /home/kripton/Applications/EmbeddedArm/gcc-arm-none-eabi-4_9-2015q2/arm-none-eabi/lib/libc.a(lib_a-__atexit.o)
                                                  /home/kripton/Applications/EmbeddedArm/gcc-arm-none-eabi-4_9-2015q2/arm-none-eabi/lib/libc.a(lib_a-atexit.o)
__register_frame_info                             /home/kripton/Applications/EmbeddedArm/gcc-arm-none-eabi-4_9-2015q2/bin/../lib/gcc/arm-none-eabi/4.9.3/armv7-m/crtbegin.o
__set_BASEPRI                                     ./cmsis_core/core_cm3.o
__set_CONTROL                                     ./cmsis_core/core_cm3.o
__set_FAULTMASK                                   ./cmsis_core/core_cm3.o
__set_MSP                                         ./cmsis_core/core_cm3.o
__set_PRIMASK                                     ./cmsis_core/core_cm3.o
__set_PSP                                         ./cmsis_core/core_cm3.o
__stack                                           /home/kripton/Applications/EmbeddedArm/gcc-arm-none-eabi-4_9-2015q2/bin/../lib/gcc/arm-none-eabi/4.9.3/../../../../arm-none-eabi/lib/armv7-m/crt0.o
_close                                            ./src/syscalls.o
_ebss                                             ./stm_startup/startup_stm32f10x_md.o
_edata                                            ./stm_startup/startup_stm32f10x_md.o
_end                                              ./src/syscalls.o
_estack                                           ./stm_startup/startup_stm32f10x_md.o
_exit                                             ./src/syscalls.o
                                                  /home/kripton/Applications/EmbeddedArm/gcc-arm-none-eabi-4_9-2015q2/arm-none-eabi/lib/libc.a(lib_a-exit.o)
_fini                                             /home/kripton/Applications/EmbeddedArm/gcc-arm-none-eabi-4_9-2015q2/bin/../lib/gcc/arm-none-eabi/4.9.3/armv7-m/crti.o
                                                  /home/kripton/Applications/EmbeddedArm/gcc-arm-none-eabi-4_9-2015q2/arm-none-eabi/lib/libc.a(lib_a-fini.o)
_fstat                                            ./src/syscalls.o
_global_impure_ptr                                /home/kripton/Applications/EmbeddedArm/gcc-arm-none-eabi-4_9-2015q2/arm-none-eabi/lib/libc.a(lib_a-impure.o)
                                                  /home/kripton/Applications/EmbeddedArm/gcc-arm-none-eabi-4_9-2015q2/arm-none-eabi/lib/libc.a(lib_a-__atexit.o)
                                                  /home/kripton/Applications/EmbeddedArm/gcc-arm-none-eabi-4_9-2015q2/arm-none-eabi/lib/libc.a(lib_a-__call_atexit.o)
                                                  /home/kripton/Applications/EmbeddedArm/gcc-arm-none-eabi-4_9-2015q2/arm-none-eabi/lib/libc.a(lib_a-exit.o)
_impure_ptr                                       /home/kripton/Applications/EmbeddedArm/gcc-arm-none-eabi-4_9-2015q2/arm-none-eabi/lib/libc.a(lib_a-impure.o)
_init                                             /home/kripton/Applications/EmbeddedArm/gcc-arm-none-eabi-4_9-2015q2/bin/../lib/gcc/arm-none-eabi/4.9.3/armv7-m/crti.o
                                                  /home/kripton/Applications/EmbeddedArm/gcc-arm-none-eabi-4_9-2015q2/arm-none-eabi/lib/libc.a(lib_a-init.o)
_isatty                                           ./src/syscalls.o
_lseek                                            ./src/syscalls.o
_mainCRTStartup                                   /home/kripton/Applications/EmbeddedArm/gcc-arm-none-eabi-4_9-2015q2/bin/../lib/gcc/arm-none-eabi/4.9.3/../../../../arm-none-eabi/lib/armv7-m/crt0.o
_read                                             ./src/syscalls.o
_sbrk                                             ./src/syscalls.o
_sbss                                             ./stm_startup/startup_stm32f10x_md.o
_sdata                                            ./stm_startup/startup_stm32f10x_md.o
_sidata                                           ./stm_startup/startup_stm32f10x_md.o
_start                                            /home/kripton/Applications/EmbeddedArm/gcc-arm-none-eabi-4_9-2015q2/bin/../lib/gcc/arm-none-eabi/4.9.3/../../../../arm-none-eabi/lib/armv7-m/crt0.o
_write                                            ./src/syscalls.o
abort                                             ./src/syscalls.o
atexit                                            /home/kripton/Applications/EmbeddedArm/gcc-arm-none-eabi-4_9-2015q2/arm-none-eabi/lib/libc.a(lib_a-atexit.o)
                                                  /home/kripton/Applications/EmbeddedArm/gcc-arm-none-eabi-4_9-2015q2/arm-none-eabi/lib/libc.a(lib_a-__call_atexit.o)
                                                  /home/kripton/Applications/EmbeddedArm/gcc-arm-none-eabi-4_9-2015q2/bin/../lib/gcc/arm-none-eabi/4.9.3/../../../../arm-none-eabi/lib/armv7-m/crt0.o
cBack                                             ./src/main.o
exit                                              /home/kripton/Applications/EmbeddedArm/gcc-arm-none-eabi-4_9-2015q2/arm-none-eabi/lib/libc.a(lib_a-exit.o)
                                                  /home/kripton/Applications/EmbeddedArm/gcc-arm-none-eabi-4_9-2015q2/bin/../lib/gcc/arm-none-eabi/4.9.3/../../../../arm-none-eabi/lib/armv7-m/crt0.o
free                                              /home/kripton/Applications/EmbeddedArm/gcc-arm-none-eabi-4_9-2015q2/arm-none-eabi/lib/libc.a(lib_a-__call_atexit.o)
g_pfnVectors                                      ./stm_startup/startup_stm32f10x_md.o
hardware_init_hook                                /home/kripton/Applications/EmbeddedArm/gcc-arm-none-eabi-4_9-2015q2/bin/../lib/gcc/arm-none-eabi/4.9.3/../../../../arm-none-eabi/lib/armv7-m/crt0.o
link                                              ./src/syscalls.o
main                                              ./src/main.o
                                                  ./stm_startup/startup_stm32f10x_md.o
                                                  /home/kripton/Applications/EmbeddedArm/gcc-arm-none-eabi-4_9-2015q2/bin/../lib/gcc/arm-none-eabi/4.9.3/../../../../arm-none-eabi/lib/armv7-m/crt0.o
malloc                                            /home/kripton/Applications/EmbeddedArm/gcc-arm-none-eabi-4_9-2015q2/arm-none-eabi/lib/libc.a(lib_a-__atexit.o)
memset                                            /home/kripton/Applications/EmbeddedArm/gcc-arm-none-eabi-4_9-2015q2/arm-none-eabi/lib/libc.a(lib_a-memset.o)
                                                  /home/kripton/Applications/EmbeddedArm/gcc-arm-none-eabi-4_9-2015q2/bin/../lib/gcc/arm-none-eabi/4.9.3/../../../../arm-none-eabi/lib/armv7-m/crt0.o
software_init_hook                                /home/kripton/Applications/EmbeddedArm/gcc-arm-none-eabi-4_9-2015q2/bin/../lib/gcc/arm-none-eabi/4.9.3/../../../../arm-none-eabi/lib/armv7-m/crt0.o
